Archive member included to satisfy reference by file (symbol)

mcu_support/stm32/l4xx/libst_l4_support.a(system_stm32l4xx.c.obj)
                              app/blink/CMakeFiles/blink.dir/__/__/mcu_support/stm32/l4xx/l476/startup_stm32l476xx.s.obj (SystemInit)
/Applications/ArmGNUToolchain/14.2.rel1/arm-none-eabi/bin/../lib/gcc/arm-none-eabi/14.2.1/../../../../arm-none-eabi/lib/thumb/v7e-m+fp/hard/libc.a(libc_a-exit.o)
                              /Applications/ArmGNUToolchain/14.2.rel1/arm-none-eabi/bin/../lib/gcc/arm-none-eabi/14.2.1/../../../../arm-none-eabi/lib/thumb/v7e-m+fp/hard/crt0.o (exit)
/Applications/ArmGNUToolchain/14.2.rel1/arm-none-eabi/bin/../lib/gcc/arm-none-eabi/14.2.1/../../../../arm-none-eabi/lib/thumb/v7e-m+fp/hard/libc.a(libc_a-findfp.o)
                              /Applications/ArmGNUToolchain/14.2.rel1/arm-none-eabi/bin/../lib/gcc/arm-none-eabi/14.2.1/../../../../arm-none-eabi/lib/thumb/v7e-m+fp/hard/libc.a(libc_a-exit.o) (__stdio_exit_handler)
/Applications/ArmGNUToolchain/14.2.rel1/arm-none-eabi/bin/../lib/gcc/arm-none-eabi/14.2.1/../../../../arm-none-eabi/lib/thumb/v7e-m+fp/hard/libc.a(libc_a-memset.o)
                              /Applications/ArmGNUToolchain/14.2.rel1/arm-none-eabi/bin/../lib/gcc/arm-none-eabi/14.2.1/../../../../arm-none-eabi/lib/thumb/v7e-m+fp/hard/crt0.o (memset)
/Applications/ArmGNUToolchain/14.2.rel1/arm-none-eabi/bin/../lib/gcc/arm-none-eabi/14.2.1/../../../../arm-none-eabi/lib/thumb/v7e-m+fp/hard/libc.a(libc_a-impure.o)
                              /Applications/ArmGNUToolchain/14.2.rel1/arm-none-eabi/bin/../lib/gcc/arm-none-eabi/14.2.1/../../../../arm-none-eabi/lib/thumb/v7e-m+fp/hard/libc.a(libc_a-findfp.o) (_impure_data)
/Applications/ArmGNUToolchain/14.2.rel1/arm-none-eabi/bin/../lib/gcc/arm-none-eabi/14.2.1/../../../../arm-none-eabi/lib/thumb/v7e-m+fp/hard/libc.a(libc_a-init.o)
                              /Applications/ArmGNUToolchain/14.2.rel1/arm-none-eabi/bin/../lib/gcc/arm-none-eabi/14.2.1/../../../../arm-none-eabi/lib/thumb/v7e-m+fp/hard/crt0.o (__libc_init_array)
/Applications/ArmGNUToolchain/14.2.rel1/arm-none-eabi/bin/../lib/gcc/arm-none-eabi/14.2.1/../../../../arm-none-eabi/lib/thumb/v7e-m+fp/hard/libc.a(libc_a-lock.o)
                              /Applications/ArmGNUToolchain/14.2.rel1/arm-none-eabi/bin/../lib/gcc/arm-none-eabi/14.2.1/../../../../arm-none-eabi/lib/thumb/v7e-m+fp/hard/libc.a(libc_a-findfp.o) (__retarget_lock_init_recursive)
/Applications/ArmGNUToolchain/14.2.rel1/arm-none-eabi/bin/../lib/gcc/arm-none-eabi/14.2.1/../../../../arm-none-eabi/lib/thumb/v7e-m+fp/hard/libc.a(libc_a-__call_atexit.o)
                              /Applications/ArmGNUToolchain/14.2.rel1/arm-none-eabi/bin/../lib/gcc/arm-none-eabi/14.2.1/../../../../arm-none-eabi/lib/thumb/v7e-m+fp/hard/libc.a(libc_a-exit.o) (__call_exitprocs)
/Applications/ArmGNUToolchain/14.2.rel1/arm-none-eabi/bin/../lib/gcc/arm-none-eabi/14.2.1/../../../../arm-none-eabi/lib/thumb/v7e-m+fp/hard/libc.a(libc_a-atexit.o)
                              /Applications/ArmGNUToolchain/14.2.rel1/arm-none-eabi/bin/../lib/gcc/arm-none-eabi/14.2.1/../../../../arm-none-eabi/lib/thumb/v7e-m+fp/hard/libc.a(libc_a-__call_atexit.o) (atexit)
/Applications/ArmGNUToolchain/14.2.rel1/arm-none-eabi/bin/../lib/gcc/arm-none-eabi/14.2.1/../../../../arm-none-eabi/lib/thumb/v7e-m+fp/hard/libc.a(libc_a-mallocr.o)
                              /Applications/ArmGNUToolchain/14.2.rel1/arm-none-eabi/bin/../lib/gcc/arm-none-eabi/14.2.1/../../../../arm-none-eabi/lib/thumb/v7e-m+fp/hard/libc.a(libc_a-findfp.o) (_malloc_r)
/Applications/ArmGNUToolchain/14.2.rel1/arm-none-eabi/bin/../lib/gcc/arm-none-eabi/14.2.1/../../../../arm-none-eabi/lib/thumb/v7e-m+fp/hard/libc.a(libc_a-mlock.o)
                              /Applications/ArmGNUToolchain/14.2.rel1/arm-none-eabi/bin/../lib/gcc/arm-none-eabi/14.2.1/../../../../arm-none-eabi/lib/thumb/v7e-m+fp/hard/libc.a(libc_a-mallocr.o) (__malloc_lock)
/Applications/ArmGNUToolchain/14.2.rel1/arm-none-eabi/bin/../lib/gcc/arm-none-eabi/14.2.1/../../../../arm-none-eabi/lib/thumb/v7e-m+fp/hard/libc.a(libc_a-fwalk.o)
                              /Applications/ArmGNUToolchain/14.2.rel1/arm-none-eabi/bin/../lib/gcc/arm-none-eabi/14.2.1/../../../../arm-none-eabi/lib/thumb/v7e-m+fp/hard/libc.a(libc_a-findfp.o) (_fwalk_sglue)
/Applications/ArmGNUToolchain/14.2.rel1/arm-none-eabi/bin/../lib/gcc/arm-none-eabi/14.2.1/../../../../arm-none-eabi/lib/thumb/v7e-m+fp/hard/libc.a(libc_a-fclose.o)
                              /Applications/ArmGNUToolchain/14.2.rel1/arm-none-eabi/bin/../lib/gcc/arm-none-eabi/14.2.1/../../../../arm-none-eabi/lib/thumb/v7e-m+fp/hard/libc.a(libc_a-findfp.o) (_fclose_r)
/Applications/ArmGNUToolchain/14.2.rel1/arm-none-eabi/bin/../lib/gcc/arm-none-eabi/14.2.1/../../../../arm-none-eabi/lib/thumb/v7e-m+fp/hard/libc.a(libc_a-fflush.o)
[...]
Memory Configuration

Name             Origin             Length             Attributes
RAM              0x20000000         0x00018000         xrw
RAM2             0x10000000         0x00008000         xrw
FLASH            0x08000000         0x00100000         xr
*default*        0x00000000         0xffffffff

Linker script and memory map

LOAD /Applications/ArmGNUToolchain/14.2.rel1/arm-none-eabi/bin/../lib/gcc/arm-none-eabi/14.2.1/thumb/v7e-m+fp/hard/crti.o
LOAD /Applications/ArmGNUToolchain/14.2.rel1/arm-none-eabi/bin/../lib/gcc/arm-none-eabi/14.2.1/thumb/v7e-m+fp/hard/crtbegin.o
LOAD /Applications/ArmGNUToolchain/14.2.rel1/arm-none-eabi/bin/../lib/gcc/arm-none-eabi/14.2.1/../../../../arm-none-eabi/lib/thumb/v7e-m+fp/hard/crt0.o
LOAD /Applications/ArmGNUToolchain/14.2.rel1/arm-none-eabi/bin/../lib/gcc/arm-none-eabi/14.2.1/../../../../arm-none-eabi/lib/thumb/v7e-m+fp/hard/libnosys.a
LOAD app/blink/CMakeFiles/blink.dir/main.cc.obj
LOAD app/blink/CMakeFiles/blink.dir/__/__/mcu_support/stm32/l4xx/l476/startup_stm32l476xx.s.obj
LOAD app/blink/bsp_L476/libblink_bsp.a
LOAD mcu_support/stm32/l4xx/libst_l4_support.a
LOAD mcu_support/stm32/l4xx/HAL/libst_l4_hal.a
LOAD mcu_support/stm32/l4xx/libst_l4_support.a
LOAD mcu_support/stm32/l4xx/HAL/libst_l4_hal.a
LOAD /Applications/ArmGNUToolchain/14.2.rel1/arm-none-eabi/bin/../lib/gcc/arm-none-eabi/14.2.1/../../../../arm-none-eabi/lib/thumb/v7e-m+fp/hard/libstdc++.a
LOAD /Applications/ArmGNUToolchain/14.2.rel1/arm-none-eabi/bin/../lib/gcc/arm-none-eabi/14.2.1/../../../../arm-none-eabi/lib/thumb/v7e-m+fp/hard/libm.a
LOAD /Applications/ArmGNUToolchain/14.2.rel1/arm-none-eabi/bin/../lib/gcc/arm-none-eabi/14.2.1/../../../../arm-none-eabi/lib/thumb/v7e-m+fp/hard/libc.a
START GROUP
LOAD /Applications/ArmGNUToolchain/14.2.rel1/arm-none-eabi/bin/../lib/gcc/arm-none-eabi/14.2.1/thumb/v7e-m+fp/hard/libgcc.a
LOAD /Applications/ArmGNUToolchain/14.2.rel1/arm-none-eabi/bin/../lib/gcc/arm-none-eabi/14.2.1/../../../../arm-none-eabi/lib/thumb/v7e-m+fp/hard/libg.a
LOAD /Applications/ArmGNUToolchain/14.2.rel1/arm-none-eabi/bin/../lib/gcc/arm-none-eabi/14.2.1/../../../../arm-none-eabi/lib/thumb/v7e-m+fp/hard/libc.a
END GROUP
START GROUP
LOAD /Applications/ArmGNUToolchain/14.2.rel1/arm-none-eabi/bin/../lib/gcc/arm-none-eabi/14.2.1/thumb/v7e-m+fp/hard/libgcc.a
LOAD /Applications/ArmGNUToolchain/14.2.rel1/arm-none-eabi/bin/../lib/gcc/arm-none-eabi/14.2.1/../../../../arm-none-eabi/lib/thumb/v7e-m+fp/hard/libc.a
LOAD /Applications/ArmGNUToolchain/14.2.rel1/arm-none-eabi/bin/../lib/gcc/arm-none-eabi/14.2.1/../../../../arm-none-eabi/lib/thumb/v7e-m+fp/hard/libnosys.a
END GROUP
LOAD /Applications/ArmGNUToolchain/14.2.rel1/arm-none-eabi/bin/../lib/gcc/arm-none-eabi/14.2.1/thumb/v7e-m+fp/hard/crtend.o
LOAD /Applications/ArmGNUToolchain/14.2.rel1/arm-none-eabi/bin/../lib/gcc/arm-none-eabi/14.2.1/thumb/v7e-m+fp/hard/crtn.o
                0x20018000                        _estack = (ORIGIN (RAM) + LENGTH (RAM))
                0x00000200                        _Min_Heap_Size = 0x200
                0x00000400                        _Min_Stack_Size = 0x400

.isr_vector     0x08000000      0x188
                0x08000000                        . = ALIGN (0x4)
 *(.isr_vector)
 .isr_vector    0x08000000      0x188 app/blink/CMakeFiles/blink.dir/__/__/mcu_support/stm32/l4xx/l476/startup_stm32l476xx.s.obj
                0x08000000                g_pfnVectors
                0x08000188                        . = ALIGN (0x4)

.text           0x08000188      0x244
                0x08000188                        . = ALIGN (0x4)
 *(.text)
 *(.text*)
 .text.deregister_tm_clones
                0x08000188       0x1c /Applications/ArmGNUToolchain/14.2.rel1/arm-none-eabi/bin/../lib/gcc/arm-none-eabi/14.2.1/thumb/v7e-m+fp/hard/crtbegin.o
 .text.register_tm_clones
                0x080001a4       0x24 /Applications/ArmGNUToolchain/14.2.rel1/arm-none-eabi/bin/../lib/gcc/arm-none-eabi/14.2.1/thumb/v7e-m+fp/hard/crtbegin.o
 .text.__do_global_dtors_aux
                0x080001c8       0x28 /Applications/ArmGNUToolchain/14.2.rel1/arm-none-eabi/bin/../lib/gcc/arm-none-eabi/14.2.1/thumb/v7e-m+fp/hard/crtbegin.o
 .text.frame_dummy
                0x080001f0       0x24 /Applications/ArmGNUToolchain/14.2.rel1/arm-none-eabi/bin/../lib/gcc/arm-none-eabi/14.2.1/thumb/v7e-m+fp/hard/crtbegin.o
 .text.main     0x08000214        0x8 app/blink/CMakeFiles/blink.dir/main.cc.obj
                0x08000214                main
 .text.Reset_Handler
                0x0800021c       0x50 app/blink/CMakeFiles/blink.dir/__/__/mcu_support/stm32/l4xx/l476/startup_stm32l476xx.s.obj
                0x0800021c                Reset_Handler
 .text.Default_Handler
                0x0800026c        0x2 app/blink/CMakeFiles/blink.dir/__/__/mcu_support/stm32/l4xx/l476/startup_stm32l476xx.s.obj
                0x0800026c                TIM1_BRK_TIM15_IRQHandler
                0x0800026c                EXTI2_IRQHandler
                0x0800026c                TIM8_TRG_COM_IRQHandler
                0x0800026c                TIM8_CC_IRQHandler
                0x0800026c                DebugMon_Handler
                0x0800026c                TIM1_CC_IRQHandler
                0x0800026c                TSC_IRQHandler
                0x0800026c                HardFault_Handler
                0x0800026c                SysTick_Handler
                0x0800026c                TAMP_STAMP_IRQHandler
                0x0800026c                PendSV_Handler
                0x0800026c                NMI_Handler
                0x0800026c                EXTI3_IRQHandler
                0x0800026c                LPTIM2_IRQHandler
                0x0800026c                DFSDM1_FLT1_IRQHandler
                0x0800026c                I2C3_ER_IRQHandler
                0x0800026c                DFSDM1_FLT2_IRQHandler
                0x0800026c                EXTI0_IRQHandler
                0x0800026c                I2C2_EV_IRQHandler
                0x0800026c                CAN1_RX0_IRQHandler
                0x0800026c                FPU_IRQHandler
                0x0800026c                TIM1_UP_TIM16_IRQHandler
                0x0800026c                UsageFault_Handler
                0x0800026c                ADC1_2_IRQHandler
                0x0800026c                SPI1_IRQHandler
                0x0800026c                TIM6_DAC_IRQHandler
                0x0800026c                TIM8_UP_IRQHandler
                0x0800026c                DMA2_Channel2_IRQHandler
                0x0800026c                DMA1_Channel4_IRQHandler
                0x0800026c                SAI2_IRQHandler
                0x0800026c                DFSDM1_FLT3_IRQHandler
                0x0800026c                USART3_IRQHandler
                0x0800026c                DMA1_Channel7_IRQHandler
                0x0800026c                CAN1_RX1_IRQHandler
                0x0800026c                LCD_IRQHandler
                0x0800026c                UART5_IRQHandler
                0x0800026c                ADC3_IRQHandler
                0x0800026c                TIM4_IRQHandler
                0x0800026c                DMA2_Channel1_IRQHandler
                0x0800026c                QUADSPI_IRQHandler
                0x0800026c                I2C1_EV_IRQHandler
                0x0800026c                DMA1_Channel6_IRQHandler
                0x0800026c                UART4_IRQHandler
                0x0800026c                DMA2_Channel4_IRQHandler
                0x0800026c                TIM3_IRQHandler
                0x0800026c                RCC_IRQHandler
                0x0800026c                DMA1_Channel1_IRQHandler
                0x0800026c                Default_Handler
                0x0800026c                DMA2_Channel7_IRQHandler
                0x0800026c                EXTI15_10_IRQHandler
                0x0800026c                TIM7_IRQHandler
                0x0800026c                SDMMC1_IRQHandler
                0x0800026c                TIM5_IRQHandler
                0x0800026c                I2C3_EV_IRQHandler
                0x0800026c                EXTI9_5_IRQHandler
                0x0800026c                RTC_WKUP_IRQHandler
                0x0800026c                PVD_PVM_IRQHandler
                0x0800026c                SPI2_IRQHandler
                0x0800026c                MemManage_Handler
                0x0800026c                CAN1_TX_IRQHandler
                0x0800026c                SVC_Handler
                0x0800026c                DMA2_Channel5_IRQHandler
                0x0800026c                DMA1_Channel5_IRQHandler
                0x0800026c                EXTI4_IRQHandler
                0x0800026c                RNG_IRQHandler
                0x0800026c                TIM1_TRG_COM_TIM17_IRQHandler
                0x0800026c                DMA1_Channel3_IRQHandler
                0x0800026c                COMP_IRQHandler
                0x0800026c                WWDG_IRQHandler
                0x0800026c                LPUART1_IRQHandler
                0x0800026c                DMA2_Channel6_IRQHandler
                0x0800026c                TIM2_IRQHandler
                0x0800026c                EXTI1_IRQHandler
                0x0800026c                USART2_IRQHandler
                0x0800026c                DFSDM1_FLT0_IRQHandler
                0x0800026c                I2C2_ER_IRQHandler
                0x0800026c                DMA1_Channel2_IRQHandler
                0x0800026c                TIM8_BRK_IRQHandler
                0x0800026c                CAN1_SCE_IRQHandler
                0x0800026c                FLASH_IRQHandler
                0x0800026c                BusFault_Handler
                0x0800026c                USART1_IRQHandler
                0x0800026c                OTG_FS_IRQHandler
                0x0800026c                SPI3_IRQHandler
                0x0800026c                I2C1_ER_IRQHandler
                0x0800026c                FMC_IRQHandler
                0x0800026c                SWPMI1_IRQHandler
                0x0800026c                LPTIM1_IRQHandler
                0x0800026c                SAI1_IRQHandler
                0x0800026c                DMA2_Channel3_IRQHandler
                0x0800026c                RTC_Alarm_IRQHandler
 *fill*         0x0800026e        0x2 
 .text.SystemInit
                0x08000270       0x24 mcu_support/stm32/l4xx/libst_l4_support.a(system_stm32l4xx.c.obj)
                0x08000270                SystemInit
 .text.__libc_init_array
                0x08000294       0x50 /Applications/ArmGNUToolchain/14.2.rel1/arm-none-eabi/bin/../lib/gcc/arm-none-eabi/14.2.1/../../../../arm-none-eabi/lib/thumb/v7e-m+fp/hard/libc.a(libc_a-init.o)
                0x08000294                __libc_init_array
 .text.__retarget_lock_acquire_recursive
                0x080002e4        0x4 /Applications/ArmGNUToolchain/14.2.rel1/arm-none-eabi/bin/../lib/gcc/arm-none-eabi/14.2.1/../../../../arm-none-eabi/lib/thumb/v7e-m+fp/hard/libc.a(libc_a-lock.o)
                0x080002e4                __retarget_lock_acquire_recursive
 .text.__retarget_lock_release_recursive
                0x080002e8        0x4 /Applications/ArmGNUToolchain/14.2.rel1/arm-none-eabi/bin/../lib/gcc/arm-none-eabi/14.2.1/../../../../arm-none-eabi/lib/thumb/v7e-m+fp/hard/libc.a(libc_a-lock.o)
                0x080002e8                __retarget_lock_release_recursive
 .text.startup.register_fini
                0x080002ec       0x14 /Applications/ArmGNUToolchain/14.2.rel1/arm-none-eabi/bin/../lib/gcc/arm-none-eabi/14.2.1/../../../../arm-none-eabi/lib/thumb/v7e-m+fp/hard/libc.a(libc_a-__call_atexit.o)
 .text.atexit   0x08000300        0xc /Applications/ArmGNUToolchain/14.2.rel1/arm-none-eabi/bin/../lib/gcc/arm-none-eabi/14.2.1/../../../../arm-none-eabi/lib/thumb/v7e-m+fp/hard/libc.a(libc_a-atexit.o)
                0x08000300                atexit
 .text.__libc_fini_array
                0x0800030c       0x28 /Applications/ArmGNUToolchain/14.2.rel1/arm-none-eabi/bin/../lib/gcc/arm-none-eabi/14.2.1/../../../../arm-none-eabi/lib/thumb/v7e-m+fp/hard/libc.a(libc_a-fini.o)
                0x0800030c                __libc_fini_array
 .text.__register_exitproc
                0x08000334       0x80 /Applications/ArmGNUToolchain/14.2.rel1/arm-none-eabi/bin/../lib/gcc/arm-none-eabi/14.2.1/../../../../arm-none-eabi/lib/thumb/v7e-m+fp/hard/libc.a(libc_a-__atexit.o)
                0x08000334                __register_exitproc
 *(.glue_7)
 .glue_7        0x080003b4        0x0 linker stubs
 *(.glue_7t)
 .glue_7t       0x080003b4        0x0 linker stubs
 *(.eh_frame)
 .eh_frame      0x080003b4        0x0 /Applications/ArmGNUToolchain/14.2.rel1/arm-none-eabi/bin/../lib/gcc/arm-none-eabi/14.2.1/thumb/v7e-m+fp/hard/crtbegin.o
 *(.init)
 .init          0x080003b4        0x4 /Applications/ArmGNUToolchain/14.2.rel1/arm-none-eabi/bin/../lib/gcc/arm-none-eabi/14.2.1/thumb/v7e-m+fp/hard/crti.o
                0x080003b4                _init
 .init          0x080003b8        0x8 /Applications/ArmGNUToolchain/14.2.rel1/arm-none-eabi/bin/../lib/gcc/arm-none-eabi/14.2.1/thumb/v7e-m+fp/hard/crtn.o
 *(.fini)
 .fini          0x080003c0        0x4 /Applications/ArmGNUToolchain/14.2.rel1/arm-none-eabi/bin/../lib/gcc/arm-none-eabi/14.2.1/thumb/v7e-m+fp/hard/crti.o
                0x080003c0                _fini
 .fini          0x080003c4        0x8 /Applications/ArmGNUToolchain/14.2.rel1/arm-none-eabi/bin/../lib/gcc/arm-none-eabi/14.2.1/thumb/v7e-m+fp/hard/crtn.o
                0x080003cc                        . = ALIGN (0x4)
                0x080003cc                        _etext = .

.vfp11_veneer   0x080003cc        0x0
 .vfp11_veneer  0x080003cc        0x0 linker stubs

.v4_bx          0x080003cc        0x0
 .v4_bx         0x080003cc        0x0 linker stubs

.iplt           0x080003cc        0x0
 .iplt          0x080003cc        0x0 /Applications/ArmGNUToolchain/14.2.rel1/arm-none-eabi/bin/../lib/gcc/arm-none-eabi/14.2.1/thumb/v7e-m+fp/hard/crtbegin.o

.rodata         0x080003cc        0x0
                0x080003cc                        . = ALIGN (0x4)
 *(.rodata)
 *(.rodata*)
                0x080003cc                        . = ALIGN (0x4)

.ARM.extab      0x080003cc        0x0
                0x080003cc                        . = ALIGN (0x4)
 *(.ARM.extab* .gnu.linkonce.armextab.*)
                0x080003cc                        . = ALIGN (0x4)

.ARM            0x080003cc        0x8
                0x080003cc                        . = ALIGN (0x4)
                0x080003cc                        __exidx_start = .
 *(.ARM.exidx*)
 .ARM.exidx.text.main
                0x080003cc        0x8 app/blink/CMakeFiles/blink.dir/main.cc.obj
                0x080003d4                        __exidx_end = .
                0x080003d4                        . = ALIGN (0x4)

.rel.dyn        0x080003d4        0x0
 .rel.iplt      0x080003d4        0x0 /Applications/ArmGNUToolchain/14.2.rel1/arm-none-eabi/bin/../lib/gcc/arm-none-eabi/14.2.1/thumb/v7e-m+fp/hard/crtbegin.o

.preinit_array  0x080003d4        0x0
                0x080003d4                        . = ALIGN (0x4)
                0x080003d4                        PROVIDE (__preinit_array_start = .)
 *(.preinit_array*)
                0x080003d4                        PROVIDE (__preinit_array_end = .)
                0x080003d4                        . = ALIGN (0x4)

.init_array     0x080003d4        0x8
                0x080003d4                        . = ALIGN (0x4)
                0x080003d4                        PROVIDE (__init_array_start = .)
 *(SORT_BY_NAME(.init_array.*))
 .init_array.00000
                0x080003d4        0x4 /Applications/ArmGNUToolchain/14.2.rel1/arm-none-eabi/bin/../lib/gcc/arm-none-eabi/14.2.1/../../../../arm-none-eabi/lib/thumb/v7e-m+fp/hard/libc.a(libc_a-__call_atexit.o)
 *(.init_array*)
 .init_array    0x080003d8        0x4 /Applications/ArmGNUToolchain/14.2.rel1/arm-none-eabi/bin/../lib/gcc/arm-none-eabi/14.2.1/thumb/v7e-m+fp/hard/crtbegin.o
                0x080003dc                        PROVIDE (__init_array_end = .)
                0x080003dc                        . = ALIGN (0x4)

.fini_array     0x080003dc        0x4
                0x080003dc                        . = ALIGN (0x4)
                0x080003dc                        PROVIDE (__fini_array_start = .)
 *(SORT_BY_NAME(.fini_array.*))
 *(.fini_array*)
 .fini_array    0x080003dc        0x4 /Applications/ArmGNUToolchain/14.2.rel1/arm-none-eabi/bin/../lib/gcc/arm-none-eabi/14.2.1/thumb/v7e-m+fp/hard/crtbegin.o
                0x080003e0                        PROVIDE (__fini_array_end = .)
                0x080003e0                        . = ALIGN (0x4)
                0x080003e0                        _sidata = LOADADDR (.data)

.data           0x20000000        0x4 load address 0x080003e0
                0x20000000                        . = ALIGN (0x4)
                0x20000000                        _sdata = .
 *(.data)
 *(.data*)
 .data.__atexit_recursive_mutex
                0x20000000        0x4 /Applications/ArmGNUToolchain/14.2.rel1/arm-none-eabi/bin/../lib/gcc/arm-none-eabi/14.2.1/../../../../arm-none-eabi/lib/thumb/v7e-m+fp/hard/libc.a(libc_a-__call_atexit.o)
                0x20000000                __atexit_recursive_mutex
 *(.RamFunc)
 *(.RamFunc*)
                0x20000004                        . = ALIGN (0x4)
                0x20000004                        _edata = .

.tm_clone_table
                0x20000004        0x0 load address 0x080003e4
 .tm_clone_table
                0x20000004        0x0 /Applications/ArmGNUToolchain/14.2.rel1/arm-none-eabi/bin/../lib/gcc/arm-none-eabi/14.2.1/thumb/v7e-m+fp/hard/crtbegin.o
 .tm_clone_table
                0x20000004        0x0 /Applications/ArmGNUToolchain/14.2.rel1/arm-none-eabi/bin/../lib/gcc/arm-none-eabi/14.2.1/thumb/v7e-m+fp/hard/crtend.o

.igot.plt       0x20000004        0x0 load address 0x080003e4
 .igot.plt      0x20000004        0x0 /Applications/ArmGNUToolchain/14.2.rel1/arm-none-eabi/bin/../lib/gcc/arm-none-eabi/14.2.1/thumb/v7e-m+fp/hard/crtbegin.o
                0x20000004                        . = ALIGN (0x4)

.bss            0x20000004      0x1b4 load address 0x080003e4
                0x20000004                        _sbss = .
                0x20000004                        __bss_start__ = _sbss
 *(.bss)
 *(.bss*)
 .bss.completed.1
                0x20000004        0x1 /Applications/ArmGNUToolchain/14.2.rel1/arm-none-eabi/bin/../lib/gcc/arm-none-eabi/14.2.1/thumb/v7e-m+fp/hard/crtbegin.o
 *fill*         0x20000005        0x3 
 .bss.object.0  0x20000008       0x18 /Applications/ArmGNUToolchain/14.2.rel1/arm-none-eabi/bin/../lib/gcc/arm-none-eabi/14.2.1/thumb/v7e-m+fp/hard/crtbegin.o
 .bss.__lock___atexit_recursive_mutex
                0x20000020        0x1 /Applications/ArmGNUToolchain/14.2.rel1/arm-none-eabi/bin/../lib/gcc/arm-none-eabi/14.2.1/../../../../arm-none-eabi/lib/thumb/v7e-m+fp/hard/libc.a(libc_a-lock.o)
                0x20000020                __lock___atexit_recursive_mutex
 *fill*         0x20000021        0x3 
 .bss.__atexit  0x20000024        0x4 /Applications/ArmGNUToolchain/14.2.rel1/arm-none-eabi/bin/../lib/gcc/arm-none-eabi/14.2.1/../../../../arm-none-eabi/lib/thumb/v7e-m+fp/hard/libc.a(libc_a-__call_atexit.o)
                0x20000024                __atexit
 .bss.__atexit0
                0x20000028      0x190 /Applications/ArmGNUToolchain/14.2.rel1/arm-none-eabi/bin/../lib/gcc/arm-none-eabi/14.2.1/../../../../arm-none-eabi/lib/thumb/v7e-m+fp/hard/libc.a(libc_a-__atexit.o)
                0x20000028                __atexit0
 *(COMMON)
                0x200001b8                        . = ALIGN (0x4)
                0x200001b8                        _ebss = .
                0x200001b8                        __bss_end__ = _ebss

._user_heap_stack
                0x200001b8      0x600 load address 0x080003e4
                0x200001b8                        . = ALIGN (0x8)
                0x200001b8                        PROVIDE (end = .)
                [!provide]                        PROVIDE (_end = .)
                0x200003b8                        . = (. + _Min_Heap_Size)
 *fill*         0x200001b8      0x200 
                0x200007b8                        . = (. + _Min_Stack_Size)
 *fill*         0x200003b8      0x400 
                0x200007b8                        . = ALIGN (0x8)

/DISCARD/
 libc.a(*)
 libm.a(*)
 libgcc.a(*)

.ARM.attributes
                0x00000000       0x30
 *(.ARM.attributes)
 .ARM.attributes
                0x00000000       0x22 /Applications/ArmGNUToolchain/14.2.rel1/arm-none-eabi/bin/../lib/gcc/arm-none-eabi/14.2.1/thumb/v7e-m+fp/hard/crti.o
 .ARM.attributes
                0x00000022       0x34 /Applications/ArmGNUToolchain/14.2.rel1/arm-none-eabi/bin/../lib/gcc/arm-none-eabi/14.2.1/thumb/v7e-m+fp/hard/crtbegin.o
 .ARM.attributes
                0x00000056       0x34 app/blink/CMakeFiles/blink.dir/main.cc.obj
 .ARM.attributes
                0x0000008a       0x21 app/blink/CMakeFiles/blink.dir/__/__/mcu_support/stm32/l4xx/l476/startup_stm32l476xx.s.obj
 .ARM.attributes
                0x000000ab       0x34 mcu_support/stm32/l4xx/libst_l4_support.a(system_stm32l4xx.c.obj)
 .ARM.attributes
                0x000000df       0x34 /Applications/ArmGNUToolchain/14.2.rel1/arm-none-eabi/bin/../lib/gcc/arm-none-eabi/14.2.1/../../../../arm-none-eabi/lib/thumb/v7e-m+fp/hard/libc.a(libc_a-init.o)
 .ARM.attributes
                0x00000113       0x34 /Applications/ArmGNUToolchain/14.2.rel1/arm-none-eabi/bin/../lib/gcc/arm-none-eabi/14.2.1/../../../../arm-none-eabi/lib/thumb/v7e-m+fp/hard/libc.a(libc_a-lock.o)
 .ARM.attributes
                0x00000147       0x34 /Applications/ArmGNUToolchain/14.2.rel1/arm-none-eabi/bin/../lib/gcc/arm-none-eabi/14.2.1/../../../../arm-none-eabi/lib/thumb/v7e-m+fp/hard/libc.a(libc_a-__call_atexit.o)
 .ARM.attributes
                0x0000017b       0x34 /Applications/ArmGNUToolchain/14.2.rel1/arm-none-eabi/bin/../lib/gcc/arm-none-eabi/14.2.1/../../../../arm-none-eabi/lib/thumb/v7e-m+fp/hard/libc.a(libc_a-atexit.o)
 .ARM.attributes
                0x000001af       0x34 /Applications/ArmGNUToolchain/14.2.rel1/arm-none-eabi/bin/../lib/gcc/arm-none-eabi/14.2.1/../../../../arm-none-eabi/lib/thumb/v7e-m+fp/hard/libc.a(libc_a-fini.o)
 .ARM.attributes
                0x000001e3       0x34 /Applications/ArmGNUToolchain/14.2.rel1/arm-none-eabi/bin/../lib/gcc/arm-none-eabi/14.2.1/../../../../arm-none-eabi/lib/thumb/v7e-m+fp/hard/libc.a(libc_a-__atexit.o)
 .ARM.attributes
                0x00000217       0x34 /Applications/ArmGNUToolchain/14.2.rel1/arm-none-eabi/bin/../lib/gcc/arm-none-eabi/14.2.1/thumb/v7e-m+fp/hard/crtend.o
 .ARM.attributes
                0x0000024b       0x22 /Applications/ArmGNUToolchain/14.2.rel1/arm-none-eabi/bin/../lib/gcc/arm-none-eabi/14.2.1/thumb/v7e-m+fp/hard/crtn.o
OUTPUT(app/blink/blink elf32-littlearm)
LOAD linker stubs
LOAD /Applications/ArmGNUToolchain/14.2.rel1/arm-none-eabi/bin/../lib/gcc/arm-none-eabi/14.2.1/../../../../arm-none-eabi/lib/thumb/v7e-m+fp/hard/libc.a
LOAD /Applications/ArmGNUToolchain/14.2.rel1/arm-none-eabi/bin/../lib/gcc/arm-none-eabi/14.2.1/../../../../arm-none-eabi/lib/thumb/v7e-m+fp/hard/libm.a
LOAD /Applications/ArmGNUToolchain/14.2.rel1/arm-none-eabi/bin/../lib/gcc/arm-none-eabi/14.2.1/thumb/v7e-m+fp/hard/libgcc.a

.debug_info     0x00000000      0x667
 .debug_info    0x00000000       0x8a app/blink/CMakeFiles/blink.dir/main.cc.obj
 .debug_info    0x0000008a       0x30 app/blink/CMakeFiles/blink.dir/__/__/mcu_support/stm32/l4xx/l476/startup_stm32l476xx.s.obj
 .debug_info    0x000000ba      0x5ad mcu_support/stm32/l4xx/libst_l4_support.a(system_stm32l4xx.c.obj)

.debug_abbrev   0x00000000      0x17f
 .debug_abbrev  0x00000000       0x43 app/blink/CMakeFiles/blink.dir/main.cc.obj
 .debug_abbrev  0x00000043       0x24 app/blink/CMakeFiles/blink.dir/__/__/mcu_support/stm32/l4xx/l476/startup_stm32l476xx.s.obj
 .debug_abbrev  0x00000067      0x118 mcu_support/stm32/l4xx/libst_l4_support.a(system_stm32l4xx.c.obj)

.debug_aranges  0x00000000       0x70
 .debug_aranges
                0x00000000       0x20 app/blink/CMakeFiles/blink.dir/main.cc.obj
 .debug_aranges
                0x00000020       0x28 app/blink/CMakeFiles/blink.dir/__/__/mcu_support/stm32/l4xx/l476/startup_stm32l476xx.s.obj
 .debug_aranges
                0x00000048       0x28 mcu_support/stm32/l4xx/libst_l4_support.a(system_stm32l4xx.c.obj)

.debug_rnglists
                0x00000000       0x46
 .debug_rnglists
                0x00000000       0x13 app/blink/CMakeFiles/blink.dir/main.cc.obj
 .debug_rnglists
                0x00000013       0x19 app/blink/CMakeFiles/blink.dir/__/__/mcu_support/stm32/l4xx/l476/startup_stm32l476xx.s.obj
 .debug_rnglists
                0x0000002c       0x1a mcu_support/stm32/l4xx/libst_l4_support.a(system_stm32l4xx.c.obj)

.debug_line     0x00000000      0x34e
 .debug_line    0x00000000       0x6b app/blink/CMakeFiles/blink.dir/main.cc.obj
 .debug_line    0x0000006b       0x7a app/blink/CMakeFiles/blink.dir/__/__/mcu_support/stm32/l4xx/l476/startup_stm32l476xx.s.obj
 .debug_line    0x000000e5      0x269 mcu_support/stm32/l4xx/libst_l4_support.a(system_stm32l4xx.c.obj)

.debug_str      0x00000000      0x4e7
 .debug_str     0x00000000      0x4e7 app/blink/CMakeFiles/blink.dir/main.cc.obj
                                0x198 (size before relaxing)
 .debug_str     0x000004e7       0xa8 app/blink/CMakeFiles/blink.dir/__/__/mcu_support/stm32/l4xx/l476/startup_stm32l476xx.s.obj
 .debug_str     0x000004e7      0x3eb mcu_support/stm32/l4xx/libst_l4_support.a(system_stm32l4xx.c.obj)

.comment        0x00000000       0x45
 .comment       0x00000000       0x45 app/blink/CMakeFiles/blink.dir/main.cc.obj
                                 0x46 (size before relaxing)
 .comment       0x00000045       0x46 mcu_support/stm32/l4xx/libst_l4_support.a(system_stm32l4xx.c.obj)

.debug_frame    0x00000000      0x240
 .debug_frame   0x00000000       0x28 app/blink/CMakeFiles/blink.dir/main.cc.obj
 .debug_frame   0x00000028       0x58 mcu_support/stm32/l4xx/libst_l4_support.a(system_stm32l4xx.c.obj)
 .debug_frame   0x00000080       0x2c /Applications/ArmGNUToolchain/14.2.rel1/arm-none-eabi/bin/../lib/gcc/arm-none-eabi/14.2.1/../../../../arm-none-eabi/lib/thumb/v7e-m+fp/hard/libc.a(libc_a-init.o)
 .debug_frame   0x000000ac       0xb0 /Applications/ArmGNUToolchain/14.2.rel1/arm-none-eabi/bin/../lib/gcc/arm-none-eabi/14.2.1/../../../../arm-none-eabi/lib/thumb/v7e-m+fp/hard/libc.a(libc_a-lock.o)
 .debug_frame   0x0000015c       0x5c /Applications/ArmGNUToolchain/14.2.rel1/arm-none-eabi/bin/../lib/gcc/arm-none-eabi/14.2.1/../../../../arm-none-eabi/lib/thumb/v7e-m+fp/hard/libc.a(libc_a-__call_atexit.o)
 .debug_frame   0x000001b8       0x20 /Applications/ArmGNUToolchain/14.2.rel1/arm-none-eabi/bin/../lib/gcc/arm-none-eabi/14.2.1/../../../../arm-none-eabi/lib/thumb/v7e-m+fp/hard/libc.a(libc_a-atexit.o)
 .debug_frame   0x000001d8       0x34 /Applications/ArmGNUToolchain/14.2.rel1/arm-none-eabi/bin/../lib/gcc/arm-none-eabi/14.2.1/../../../../arm-none-eabi/lib/thumb/v7e-m+fp/hard/libc.a(libc_a-fini.o)
 .debug_frame   0x0000020c       0x34 /Applications/ArmGNUToolchain/14.2.rel1/arm-none-eabi/bin/../lib/gcc/arm-none-eabi/14.2.1/../../../../arm-none-eabi/lib/thumb/v7e-m+fp/hard/libc.a(libc_a-__atexit.o)

.debug_line_str
                0x00000000       0x8c
 .debug_line_str
                0x00000000       0x8c app/blink/CMakeFiles/blink.dir/__/__/mcu_support/stm32/l4xx/l476/startup_stm32l476xx.s.obj

Cross Reference Table

Symbol                                            File
ADC1_2_IRQHandler                                 app/blink/CMakeFiles/blink.dir/__/__/mcu_support/stm32/l4xx/l476/startup_stm32l476xx.s.obj
ADC3_IRQHandler                                   app/blink/CMakeFiles/blink.dir/__/__/mcu_support/stm32/l4xx/l476/startup_stm32l476xx.s.obj
AHBPrescTable                                     mcu_support/stm32/l4xx/libst_l4_support.a(system_stm32l4xx.c.obj)
APBPrescTable                                     mcu_support/stm32/l4xx/libst_l4_support.a(system_stm32l4xx.c.obj)
BusFault_Handler                                  app/blink/CMakeFiles/blink.dir/__/__/mcu_support/stm32/l4xx/l476/startup_stm32l476xx.s.obj
CAN1_RX0_IRQHandler                               app/blink/CMakeFiles/blink.dir/__/__/mcu_support/stm32/l4xx/l476/startup_stm32l476xx.s.obj
CAN1_RX1_IRQHandler                               app/blink/CMakeFiles/blink.dir/__/__/mcu_support/stm32/l4xx/l476/startup_stm32l476xx.s.obj
CAN1_SCE_IRQHandler                               app/blink/CMakeFiles/blink.dir/__/__/mcu_support/stm32/l4xx/l476/startup_stm32l476xx.s.obj
CAN1_TX_IRQHandler                                app/blink/CMakeFiles/blink.dir/__/__/mcu_support/stm32/l4xx/l476/startup_stm32l476xx.s.obj
COMP_IRQHandler                                   app/blink/CMakeFiles/blink.dir/__/__/mcu_support/stm32/l4xx/l476/startup_stm32l476xx.s.obj
DFSDM1_FLT0_IRQHandler                            app/blink/CMakeFiles/blink.dir/__/__/mcu_support/stm32/l4xx/l476/startup_stm32l476xx.s.obj
DFSDM1_FLT1_IRQHandler                            app/blink/CMakeFiles/blink.dir/__/__/mcu_support/stm32/l4xx/l476/startup_stm32l476xx.s.obj
DFSDM1_FLT2_IRQHandler                            app/blink/CMakeFiles/blink.dir/__/__/mcu_support/stm32/l4xx/l476/startup_stm32l476xx.s.obj
DFSDM1_FLT3_IRQHandler                            app/blink/CMakeFiles/blink.dir/__/__/mcu_support/stm32/l4xx/l476/startup_stm32l476xx.s.obj
DMA1_Channel1_IRQHandler                          app/blink/CMakeFiles/blink.dir/__/__/mcu_support/stm32/l4xx/l476/startup_stm32l476xx.s.obj
DMA1_Channel2_IRQHandler                          app/blink/CMakeFiles/blink.dir/__/__/mcu_support/stm32/l4xx/l476/startup_stm32l476xx.s.obj
DMA1_Channel3_IRQHandler                          app/blink/CMakeFiles/blink.dir/__/__/mcu_support/stm32/l4xx/l476/startup_stm32l476xx.s.obj
DMA1_Channel4_IRQHandler                          app/blink/CMakeFiles/blink.dir/__/__/mcu_support/stm32/l4xx/l476/startup_stm32l476xx.s.obj
DMA1_Channel5_IRQHandler                          app/blink/CMakeFiles/blink.dir/__/__/mcu_support/stm32/l4xx/l476/startup_stm32l476xx.s.obj
DMA1_Channel6_IRQHandler                          app/blink/CMakeFiles/blink.dir/__/__/mcu_support/stm32/l4xx/l476/startup_stm32l476xx.s.obj
DMA1_Channel7_IRQHandler                          app/blink/CMakeFiles/blink.dir/__/__/mcu_support/stm32/l4xx/l476/startup_stm32l476xx.s.obj
DMA2_Channel1_IRQHandler                          app/blink/CMakeFiles/blink.dir/__/__/mcu_support/stm32/l4xx/l476/startup_stm32l476xx.s.obj
DMA2_Channel2_IRQHandler                          app/blink/CMakeFiles/blink.dir/__/__/mcu_support/stm32/l4xx/l476/startup_stm32l476xx.s.obj
DMA2_Channel3_IRQHandler                          app/blink/CMakeFiles/blink.dir/__/__/mcu_support/stm32/l4xx/l476/startup_stm32l476xx.s.obj
DMA2_Channel4_IRQHandler                          app/blink/CMakeFiles/blink.dir/__/__/mcu_support/stm32/l4xx/l476/startup_stm32l476xx.s.obj
DMA2_Channel5_IRQHandler                          app/blink/CMakeFiles/blink.dir/__/__/mcu_support/stm32/l4xx/l476/startup_stm32l476xx.s.obj
DMA2_Channel6_IRQHandler                          app/blink/CMakeFiles/blink.dir/__/__/mcu_support/stm32/l4xx/l476/startup_stm32l476xx.s.obj
DMA2_Channel7_IRQHandler                          app/blink/CMakeFiles/blink.dir/__/__/mcu_support/stm32/l4xx/l476/startup_stm32l476xx.s.obj
DebugMon_Handler                                  app/blink/CMakeFiles/blink.dir/__/__/mcu_support/stm32/l4xx/l476/startup_stm32l476xx.s.obj
Default_Handler                                   app/blink/CMakeFiles/blink.dir/__/__/mcu_support/stm32/l4xx/l476/startup_stm32l476xx.s.obj
EXTI0_IRQHandler                                  app/blink/CMakeFiles/blink.dir/__/__/mcu_support/stm32/l4xx/l476/startup_stm32l476xx.s.obj
EXTI15_10_IRQHandler                              app/blink/CMakeFiles/blink.dir/__/__/mcu_support/stm32/l4xx/l476/startup_stm32l476xx.s.obj
EXTI1_IRQHandler                                  app/blink/CMakeFiles/blink.dir/__/__/mcu_support/stm32/l4xx/l476/startup_stm32l476xx.s.obj
EXTI2_IRQHandler                                  app/blink/CMakeFiles/blink.dir/__/__/mcu_support/stm32/l4xx/l476/startup_stm32l476xx.s.obj
EXTI3_IRQHandler                                  app/blink/CMakeFiles/blink.dir/__/__/mcu_support/stm32/l4xx/l476/startup_stm32l476xx.s.obj
EXTI4_IRQHandler                                  app/blink/CMakeFiles/blink.dir/__/__/mcu_support/stm32/l4xx/l476/startup_stm32l476xx.s.obj
EXTI9_5_IRQHandler                                app/blink/CMakeFiles/blink.dir/__/__/mcu_support/stm32/l4xx/l476/startup_stm32l476xx.s.obj
FLASH_IRQHandler                                  app/blink/CMakeFiles/blink.dir/__/__/mcu_support/stm32/l4xx/l476/startup_stm32l476xx.s.obj
FMC_IRQHandler                                    app/blink/CMakeFiles/blink.dir/__/__/mcu_support/stm32/l4xx/l476/startup_stm32l476xx.s.obj
FPU_IRQHandler                                    app/blink/CMakeFiles/blink.dir/__/__/mcu_support/stm32/l4xx/l476/startup_stm32l476xx.s.obj
HardFault_Handler                                 app/blink/CMakeFiles/blink.dir/__/__/mcu_support/stm32/l4xx/l476/startup_stm32l476xx.s.obj
I2C1_ER_IRQHandler                                app/blink/CMakeFiles/blink.dir/__/__/mcu_support/stm32/l4xx/l476/startup_stm32l476xx.s.obj
I2C1_EV_IRQHandler                                app/blink/CMakeFiles/blink.dir/__/__/mcu_support/stm32/l4xx/l476/startup_stm32l476xx.s.obj
I2C2_ER_IRQHandler                                app/blink/CMakeFiles/blink.dir/__/__/mcu_support/stm32/l4xx/l476/startup_stm32l476xx.s.obj
I2C2_EV_IRQHandler                                app/blink/CMakeFiles/blink.dir/__/__/mcu_support/stm32/l4xx/l476/startup_stm32l476xx.s.obj
I2C3_ER_IRQHandler                                app/blink/CMakeFiles/blink.dir/__/__/mcu_support/stm32/l4xx/l476/startup_stm32l476xx.s.obj
I2C3_EV_IRQHandler                                app/blink/CMakeFiles/blink.dir/__/__/mcu_support/stm32/l4xx/l476/startup_stm32l476xx.s.obj
LCD_IRQHandler                                    app/blink/CMakeFiles/blink.dir/__/__/mcu_support/stm32/l4xx/l476/startup_stm32l476xx.s.obj
LPTIM1_IRQHandler                                 app/blink/CMakeFiles/blink.dir/__/__/mcu_support/stm32/l4xx/l476/startup_stm32l476xx.s.obj
LPTIM2_IRQHandler                                 app/blink/CMakeFiles/blink.dir/__/__/mcu_support/stm32/l4xx/l476/startup_stm32l476xx.s.obj
LPUART1_IRQHandler                                app/blink/CMakeFiles/blink.dir/__/__/mcu_support/stm32/l4xx/l476/startup_stm32l476xx.s.obj
MSIRangeTable                                     mcu_support/stm32/l4xx/libst_l4_support.a(system_stm32l4xx.c.obj)
MemManage_Handler                                 app/blink/CMakeFiles/blink.dir/__/__/mcu_support/stm32/l4xx/l476/startup_stm32l476xx.s.obj
NMI_Handler                                       app/blink/CMakeFiles/blink.dir/__/__/mcu_support/stm32/l4xx/l476/startup_stm32l476xx.s.obj
OTG_FS_IRQHandler                                 app/blink/CMakeFiles/blink.dir/__/__/mcu_support/stm32/l4xx/l476/startup_stm32l476xx.s.obj
PVD_PVM_IRQHandler                                app/blink/CMakeFiles/blink.dir/__/__/mcu_support/stm32/l4xx/l476/startup_stm32l476xx.s.obj
PendSV_Handler                                    app/blink/CMakeFiles/blink.dir/__/__/mcu_support/stm32/l4xx/l476/startup_stm32l476xx.s.obj
QUADSPI_IRQHandler                                app/blink/CMakeFiles/blink.dir/__/__/mcu_support/stm32/l4xx/l476/startup_stm32l476xx.s.obj
RCC_IRQHandler                                    app/blink/CMakeFiles/blink.dir/__/__/mcu_support/stm32/l4xx/l476/startup_stm32l476xx.s.obj
RNG_IRQHandler                                    app/blink/CMakeFiles/blink.dir/__/__/mcu_support/stm32/l4xx/l476/startup_stm32l476xx.s.obj
RTC_Alarm_IRQHandler                              app/blink/CMakeFiles/blink.dir/__/__/mcu_support/stm32/l4xx/l476/startup_stm32l476xx.s.obj
RTC_WKUP_IRQHandler                               app/blink/CMakeFiles/blink.dir/__/__/mcu_support/stm32/l4xx/l476/startup_stm32l476xx.s.obj
Reset_Handler                                     app/blink/CMakeFiles/blink.dir/__/__/mcu_support/stm32/l4xx/l476/startup_stm32l476xx.s.obj
SAI1_IRQHandler                                   app/blink/CMakeFiles/blink.dir/__/__/mcu_support/stm32/l4xx/l476/startup_stm32l476xx.s.obj
SAI2_IRQHandler                                   app/blink/CMakeFiles/blink.dir/__/__/mcu_support/stm32/l4xx/l476/startup_stm32l476xx.s.obj
SDMMC1_IRQHandler                                 app/blink/CMakeFiles/blink.dir/__/__/mcu_support/stm32/l4xx/l476/startup_stm32l476xx.s.obj
SPI1_IRQHandler                                   app/blink/CMakeFiles/blink.dir/__/__/mcu_support/stm32/l4xx/l476/startup_stm32l476xx.s.obj
SPI2_IRQHandler                                   app/blink/CMakeFiles/blink.dir/__/__/mcu_support/stm32/l4xx/l476/startup_stm32l476xx.s.obj
SPI3_IRQHandler                                   app/blink/CMakeFiles/blink.dir/__/__/mcu_support/stm32/l4xx/l476/startup_stm32l476xx.s.obj
SVC_Handler                                       app/blink/CMakeFiles/blink.dir/__/__/mcu_support/stm32/l4xx/l476/startup_stm32l476xx.s.obj
SWPMI1_IRQHandler                                 app/blink/CMakeFiles/blink.dir/__/__/mcu_support/stm32/l4xx/l476/startup_stm32l476xx.s.obj
SysTick_Handler                                   app/blink/CMakeFiles/blink.dir/__/__/mcu_support/stm32/l4xx/l476/startup_stm32l476xx.s.obj
SystemCoreClock                                   mcu_support/stm32/l4xx/libst_l4_support.a(system_stm32l4xx.c.obj)
SystemCoreClockUpdate                             mcu_support/stm32/l4xx/libst_l4_support.a(system_stm32l4xx.c.obj)
SystemInit                                        mcu_support/stm32/l4xx/libst_l4_support.a(system_stm32l4xx.c.obj)
                                                  app/blink/CMakeFiles/blink.dir/__/__/mcu_support/stm32/l4xx/l476/startup_stm32l476xx.s.obj
TAMP_STAMP_IRQHandler                             app/blink/CMakeFiles/blink.dir/__/__/mcu_support/stm32/l4xx/l476/startup_stm32l476xx.s.obj
TIM1_BRK_TIM15_IRQHandler                         app/blink/CMakeFiles/blink.dir/__/__/mcu_support/stm32/l4xx/l476/startup_stm32l476xx.s.obj
TIM1_CC_IRQHandler                                app/blink/CMakeFiles/blink.dir/__/__/mcu_support/stm32/l4xx/l476/startup_stm32l476xx.s.obj
TIM1_TRG_COM_TIM17_IRQHandler                     app/blink/CMakeFiles/blink.dir/__/__/mcu_support/stm32/l4xx/l476/startup_stm32l476xx.s.obj
TIM1_UP_TIM16_IRQHandler                          app/blink/CMakeFiles/blink.dir/__/__/mcu_support/stm32/l4xx/l476/startup_stm32l476xx.s.obj
TIM2_IRQHandler                                   app/blink/CMakeFiles/blink.dir/__/__/mcu_support/stm32/l4xx/l476/startup_stm32l476xx.s.obj
TIM3_IRQHandler                                   app/blink/CMakeFiles/blink.dir/__/__/mcu_support/stm32/l4xx/l476/startup_stm32l476xx.s.obj
TIM4_IRQHandler                                   app/blink/CMakeFiles/blink.dir/__/__/mcu_support/stm32/l4xx/l476/startup_stm32l476xx.s.obj
TIM5_IRQHandler                                   app/blink/CMakeFiles/blink.dir/__/__/mcu_support/stm32/l4xx/l476/startup_stm32l476xx.s.obj
TIM6_DAC_IRQHandler                               app/blink/CMakeFiles/blink.dir/__/__/mcu_support/stm32/l4xx/l476/startup_stm32l476xx.s.obj
TIM7_IRQHandler                                   app/blink/CMakeFiles/blink.dir/__/__/mcu_support/stm32/l4xx/l476/startup_stm32l476xx.s.obj
TIM8_BRK_IRQHandler                               app/blink/CMakeFiles/blink.dir/__/__/mcu_support/stm32/l4xx/l476/startup_stm32l476xx.s.obj
TIM8_CC_IRQHandler                                app/blink/CMakeFiles/blink.dir/__/__/mcu_support/stm32/l4xx/l476/startup_stm32l476xx.s.obj
TIM8_TRG_COM_IRQHandler                           app/blink/CMakeFiles/blink.dir/__/__/mcu_support/stm32/l4xx/l476/startup_stm32l476xx.s.obj
TIM8_UP_IRQHandler                                app/blink/CMakeFiles/blink.dir/__/__/mcu_support/stm32/l4xx/l476/startup_stm32l476xx.s.obj
TSC_IRQHandler                                    app/blink/CMakeFiles/blink.dir/__/__/mcu_support/stm32/l4xx/l476/startup_stm32l476xx.s.obj
UART4_IRQHandler                                  app/blink/CMakeFiles/blink.dir/__/__/mcu_support/stm32/l4xx/l476/startup_stm32l476xx.s.obj
UART5_IRQHandler                                  app/blink/CMakeFiles/blink.dir/__/__/mcu_support/stm32/l4xx/l476/startup_stm32l476xx.s.obj
USART1_IRQHandler                                 app/blink/CMakeFiles/blink.dir/__/__/mcu_support/stm32/l4xx/l476/startup_stm32l476xx.s.obj
USART2_IRQHandler                                 app/blink/CMakeFiles/blink.dir/__/__/mcu_support/stm32/l4xx/l476/startup_stm32l476xx.s.obj
USART3_IRQHandler                                 app/blink/CMakeFiles/blink.dir/__/__/mcu_support/stm32/l4xx/l476/startup_stm32l476xx.s.obj
UsageFault_Handler                                app/blink/CMakeFiles/blink.dir/__/__/mcu_support/stm32/l4xx/l476/startup_stm32l476xx.s.obj
WWDG_IRQHandler                                   app/blink/CMakeFiles/blink.dir/__/__/mcu_support/stm32/l4xx/l476/startup_stm32l476xx.s.obj
_ITM_deregisterTMCloneTable                       /Applications/ArmGNUToolchain/14.2.rel1/arm-none-eabi/bin/../lib/gcc/arm-none-eabi/14.2.1/thumb/v7e-m+fp/hard/crtbegin.o
_ITM_registerTMCloneTable                         /Applications/ArmGNUToolchain/14.2.rel1/arm-none-eabi/bin/../lib/gcc/arm-none-eabi/14.2.1/thumb/v7e-m+fp/hard/crtbegin.o
__TMC_END__                                       /Applications/ArmGNUToolchain/14.2.rel1/arm-none-eabi/bin/../lib/gcc/arm-none-eabi/14.2.1/thumb/v7e-m+fp/hard/crtend.o
                                                  /Applications/ArmGNUToolchain/14.2.rel1/arm-none-eabi/bin/../lib/gcc/arm-none-eabi/14.2.1/thumb/v7e-m+fp/hard/crtbegin.o
__atexit                                          /Applications/ArmGNUToolchain/14.2.rel1/arm-none-eabi/bin/../lib/gcc/arm-none-eabi/14.2.1/../../../../arm-none-eabi/lib/thumb/v7e-m+fp/hard/libc.a(libc_a-__call_atexit.o)
                                                  /Applications/ArmGNUToolchain/14.2.rel1/arm-none-eabi/bin/../lib/gcc/arm-none-eabi/14.2.1/../../../../arm-none-eabi/lib/thumb/v7e-m+fp/hard/libc.a(libc_a-__atexit.o)
__atexit0                                         /Applications/ArmGNUToolchain/14.2.rel1/arm-none-eabi/bin/../lib/gcc/arm-none-eabi/14.2.1/../../../../arm-none-eabi/lib/thumb/v7e-m+fp/hard/libc.a(libc_a-__atexit.o)
__atexit_recursive_mutex                          /Applications/ArmGNUToolchain/14.2.rel1/arm-none-eabi/bin/../lib/gcc/arm-none-eabi/14.2.1/../../../../arm-none-eabi/lib/thumb/v7e-m+fp/hard/libc.a(libc_a-__call_atexit.o)
                                                  /Applications/ArmGNUToolchain/14.2.rel1/arm-none-eabi/bin/../lib/gcc/arm-none-eabi/14.2.1/../../../../arm-none-eabi/lib/thumb/v7e-m+fp/hard/libc.a(libc_a-__atexit.o)
__bss_end__                                       /Applications/ArmGNUToolchain/14.2.rel1/arm-none-eabi/bin/../lib/gcc/arm-none-eabi/14.2.1/../../../../arm-none-eabi/lib/thumb/v7e-m+fp/hard/crt0.o
__bss_start__                                     /Applications/ArmGNUToolchain/14.2.rel1/arm-none-eabi/bin/../lib/gcc/arm-none-eabi/14.2.1/../../../../arm-none-eabi/lib/thumb/v7e-m+fp/hard/crt0.o
__call_exitprocs                                  /Applications/ArmGNUToolchain/14.2.rel1/arm-none-eabi/bin/../lib/gcc/arm-none-eabi/14.2.1/../../../../arm-none-eabi/lib/thumb/v7e-m+fp/hard/libc.a(libc_a-__call_atexit.o)
                                                  /Applications/ArmGNUToolchain/14.2.rel1/arm-none-eabi/bin/../lib/gcc/arm-none-eabi/14.2.1/../../../../arm-none-eabi/lib/thumb/v7e-m+fp/hard/libc.a(libc_a-exit.o)
__deregister_frame_info                           /Applications/ArmGNUToolchain/14.2.rel1/arm-none-eabi/bin/../lib/gcc/arm-none-eabi/14.2.1/thumb/v7e-m+fp/hard/crtbegin.o
__dso_handle                                      /Applications/ArmGNUToolchain/14.2.rel1/arm-none-eabi/bin/../lib/gcc/arm-none-eabi/14.2.1/thumb/v7e-m+fp/hard/crtbegin.o
__errno                                           /Applications/ArmGNUToolchain/14.2.rel1/arm-none-eabi/bin/../lib/gcc/arm-none-eabi/14.2.1/../../../../arm-none-eabi/lib/thumb/v7e-m+fp/hard/libc.a(libc_a-errno.o)
                                                  /Applications/ArmGNUToolchain/14.2.rel1/arm-none-eabi/bin/../lib/gcc/arm-none-eabi/14.2.1/../../../../arm-none-eabi/lib/thumb/v7e-m+fp/hard/libc.a(libc_a-sysconf.o)
__fini_array_end                                  /Applications/ArmGNUToolchain/14.2.rel1/arm-none-eabi/bin/../lib/gcc/arm-none-eabi/14.2.1/../../../../arm-none-eabi/lib/thumb/v7e-m+fp/hard/libc.a(libc_a-fini.o)
__fini_array_start                                /Applications/ArmGNUToolchain/14.2.rel1/arm-none-eabi/bin/../lib/gcc/arm-none-eabi/14.2.1/../../../../arm-none-eabi/lib/thumb/v7e-m+fp/hard/libc.a(libc_a-fini.o)
__fp_lock_all                                     /Applications/ArmGNUToolchain/14.2.rel1/arm-none-eabi/bin/../lib/gcc/arm-none-eabi/14.2.1/../../../../arm-none-eabi/lib/thumb/v7e-m+fp/hard/libc.a(libc_a-findfp.o)
__fp_unlock_all                                   /Applications/ArmGNUToolchain/14.2.rel1/arm-none-eabi/bin/../lib/gcc/arm-none-eabi/14.2.1/../../../../arm-none-eabi/lib/thumb/v7e-m+fp/hard/libc.a(libc_a-findfp.o)
__init_array_end                                  /Applications/ArmGNUToolchain/14.2.rel1/arm-none-eabi/bin/../lib/gcc/arm-none-eabi/14.2.1/../../../../arm-none-eabi/lib/thumb/v7e-m+fp/hard/libc.a(libc_a-init.o)
__init_array_start                                /Applications/ArmGNUToolchain/14.2.rel1/arm-none-eabi/bin/../lib/gcc/arm-none-eabi/14.2.1/../../../../arm-none-eabi/lib/thumb/v7e-m+fp/hard/libc.a(libc_a-init.o)
__libc_fini                                       /Applications/ArmGNUToolchain/14.2.rel1/arm-none-eabi/bin/../lib/gcc/arm-none-eabi/14.2.1/../../../../arm-none-eabi/lib/thumb/v7e-m+fp/hard/libc.a(libc_a-__call_atexit.o)
__libc_fini_array                                 /Applications/ArmGNUToolchain/14.2.rel1/arm-none-eabi/bin/../lib/gcc/arm-none-eabi/14.2.1/../../../../arm-none-eabi/lib/thumb/v7e-m+fp/hard/libc.a(libc_a-fini.o)
                                                  /Applications/ArmGNUToolchain/14.2.rel1/arm-none-eabi/bin/../lib/gcc/arm-none-eabi/14.2.1/../../../../arm-none-eabi/lib/thumb/v7e-m+fp/hard/libc.a(libc_a-__call_atexit.o)
                                                  /Applications/ArmGNUToolchain/14.2.rel1/arm-none-eabi/bin/../lib/gcc/arm-none-eabi/14.2.1/../../../../arm-none-eabi/lib/thumb/v7e-m+fp/hard/crt0.o
__libc_init_array                                 /Applications/ArmGNUToolchain/14.2.rel1/arm-none-eabi/bin/../lib/gcc/arm-none-eabi/14.2.1/../../../../arm-none-eabi/lib/thumb/v7e-m+fp/hard/libc.a(libc_a-init.o)
                                                  app/blink/CMakeFiles/blink.dir/__/__/mcu_support/stm32/l4xx/l476/startup_stm32l476xx.s.obj
                                                  /Applications/ArmGNUToolchain/14.2.rel1/arm-none-eabi/bin/../lib/gcc/arm-none-eabi/14.2.1/../../../../arm-none-eabi/lib/thumb/v7e-m+fp/hard/crt0.o
__lock___arc4random_mutex                         /Applications/ArmGNUToolchain/14.2.rel1/arm-none-eabi/bin/../lib/gcc/arm-none-eabi/14.2.1/../../../../arm-none-eabi/lib/thumb/v7e-m+fp/hard/libc.a(libc_a-lock.o)
__lock___at_quick_exit_mutex                      /Applications/ArmGNUToolchain/14.2.rel1/arm-none-eabi/bin/../lib/gcc/arm-none-eabi/14.2.1/../../../../arm-none-eabi/lib/thumb/v7e-m+fp/hard/libc.a(libc_a-lock.o)
__lock___atexit_recursive_mutex                   /Applications/ArmGNUToolchain/14.2.rel1/arm-none-eabi/bin/../lib/gcc/arm-none-eabi/14.2.1/../../../../arm-none-eabi/lib/thumb/v7e-m+fp/hard/libc.a(libc_a-lock.o)
                                                  /Applications/ArmGNUToolchain/14.2.rel1/arm-none-eabi/bin/../lib/gcc/arm-none-eabi/14.2.1/../../../../arm-none-eabi/lib/thumb/v7e-m+fp/hard/libc.a(libc_a-__call_atexit.o)
__lock___dd_hash_mutex                            /Applications/ArmGNUToolchain/14.2.rel1/arm-none-eabi/bin/../lib/gcc/arm-none-eabi/14.2.1/../../../../arm-none-eabi/lib/thumb/v7e-m+fp/hard/libc.a(libc_a-lock.o)
__lock___env_recursive_mutex                      /Applications/ArmGNUToolchain/14.2.rel1/arm-none-eabi/bin/../lib/gcc/arm-none-eabi/14.2.1/../../../../arm-none-eabi/lib/thumb/v7e-m+fp/hard/libc.a(libc_a-lock.o)
__lock___malloc_recursive_mutex                   /Applications/ArmGNUToolchain/14.2.rel1/arm-none-eabi/bin/../lib/gcc/arm-none-eabi/14.2.1/../../../../arm-none-eabi/lib/thumb/v7e-m+fp/hard/libc.a(libc_a-lock.o)
                                                  /Applications/ArmGNUToolchain/14.2.rel1/arm-none-eabi/bin/../lib/gcc/arm-none-eabi/14.2.1/../../../../arm-none-eabi/lib/thumb/v7e-m+fp/hard/libc.a(libc_a-mlock.o)
__lock___sfp_recursive_mutex                      /Applications/ArmGNUToolchain/14.2.rel1/arm-none-eabi/bin/../lib/gcc/arm-none-eabi/14.2.1/../../../../arm-none-eabi/lib/thumb/v7e-m+fp/hard/libc.a(libc_a-lock.o)
                                                  /Applications/ArmGNUToolchain/14.2.rel1/arm-none-eabi/bin/../lib/gcc/arm-none-eabi/14.2.1/../../../../arm-none-eabi/lib/thumb/v7e-m+fp/hard/libc.a(libc_a-findfp.o)
__lock___tz_mutex                                 /Applications/ArmGNUToolchain/14.2.rel1/arm-none-eabi/bin/../lib/gcc/arm-none-eabi/14.2.1/../../../../arm-none-eabi/lib/thumb/v7e-m+fp/hard/libc.a(libc_a-lock.o)
__malloc_av_                                      /Applications/ArmGNUToolchain/14.2.rel1/arm-none-eabi/bin/../lib/gcc/arm-none-eabi/14.2.1/../../../../arm-none-eabi/lib/thumb/v7e-m+fp/hard/libc.a(libc_a-mallocr.o)
                                                  /Applications/ArmGNUToolchain/14.2.rel1/arm-none-eabi/bin/../lib/gcc/arm-none-eabi/14.2.1/../../../../arm-none-eabi/lib/thumb/v7e-m+fp/hard/libc.a(libc_a-freer.o)
__malloc_current_mallinfo                         /Applications/ArmGNUToolchain/14.2.rel1/arm-none-eabi/bin/../lib/gcc/arm-none-eabi/14.2.1/../../../../arm-none-eabi/lib/thumb/v7e-m+fp/hard/libc.a(libc_a-mallocr.o)
                                                  /Applications/ArmGNUToolchain/14.2.rel1/arm-none-eabi/bin/../lib/gcc/arm-none-eabi/14.2.1/../../../../arm-none-eabi/lib/thumb/v7e-m+fp/hard/libc.a(libc_a-freer.o)
__malloc_lock                                     /Applications/ArmGNUToolchain/14.2.rel1/arm-none-eabi/bin/../lib/gcc/arm-none-eabi/14.2.1/../../../../arm-none-eabi/lib/thumb/v7e-m+fp/hard/libc.a(libc_a-mlock.o)
                                                  /Applications/ArmGNUToolchain/14.2.rel1/arm-none-eabi/bin/../lib/gcc/arm-none-eabi/14.2.1/../../../../arm-none-eabi/lib/thumb/v7e-m+fp/hard/libc.a(libc_a-freer.o)
                                                  /Applications/ArmGNUToolchain/14.2.rel1/arm-none-eabi/bin/../lib/gcc/arm-none-eabi/14.2.1/../../../../arm-none-eabi/lib/thumb/v7e-m+fp/hard/libc.a(libc_a-mallocr.o)
__malloc_max_sbrked_mem                           /Applications/ArmGNUToolchain/14.2.rel1/arm-none-eabi/bin/../lib/gcc/arm-none-eabi/14.2.1/../../../../arm-none-eabi/lib/thumb/v7e-m+fp/hard/libc.a(libc_a-mallocr.o)
__malloc_max_total_mem                            /Applications/ArmGNUToolchain/14.2.rel1/arm-none-eabi/bin/../lib/gcc/arm-none-eabi/14.2.1/../../../../arm-none-eabi/lib/thumb/v7e-m+fp/hard/libc.a(libc_a-mallocr.o)
__malloc_sbrk_base                                /Applications/ArmGNUToolchain/14.2.rel1/arm-none-eabi/bin/../lib/gcc/arm-none-eabi/14.2.1/../../../../arm-none-eabi/lib/thumb/v7e-m+fp/hard/libc.a(libc_a-mallocr.o)
                                                  /Applications/ArmGNUToolchain/14.2.rel1/arm-none-eabi/bin/../lib/gcc/arm-none-eabi/14.2.1/../../../../arm-none-eabi/lib/thumb/v7e-m+fp/hard/libc.a(libc_a-freer.o)
__malloc_top_pad                                  /Applications/ArmGNUToolchain/14.2.rel1/arm-none-eabi/bin/../lib/gcc/arm-none-eabi/14.2.1/../../../../arm-none-eabi/lib/thumb/v7e-m+fp/hard/libc.a(libc_a-mallocr.o)
                                                  /Applications/ArmGNUToolchain/14.2.rel1/arm-none-eabi/bin/../lib/gcc/arm-none-eabi/14.2.1/../../../../arm-none-eabi/lib/thumb/v7e-m+fp/hard/libc.a(libc_a-freer.o)
__malloc_trim_threshold                           /Applications/ArmGNUToolchain/14.2.rel1/arm-none-eabi/bin/../lib/gcc/arm-none-eabi/14.2.1/../../../../arm-none-eabi/lib/thumb/v7e-m+fp/hard/libc.a(libc_a-mallocr.o)
                                                  /Applications/ArmGNUToolchain/14.2.rel1/arm-none-eabi/bin/../lib/gcc/arm-none-eabi/14.2.1/../../../../arm-none-eabi/lib/thumb/v7e-m+fp/hard/libc.a(libc_a-freer.o)
__malloc_unlock                                   /Applications/ArmGNUToolchain/14.2.rel1/arm-none-eabi/bin/../lib/gcc/arm-none-eabi/14.2.1/../../../../arm-none-eabi/lib/thumb/v7e-m+fp/hard/libc.a(libc_a-mlock.o)
                                                  /Applications/ArmGNUToolchain/14.2.rel1/arm-none-eabi/bin/../lib/gcc/arm-none-eabi/14.2.1/../../../../arm-none-eabi/lib/thumb/v7e-m+fp/hard/libc.a(libc_a-freer.o)
                                                  /Applications/ArmGNUToolchain/14.2.rel1/arm-none-eabi/bin/../lib/gcc/arm-none-eabi/14.2.1/../../../../arm-none-eabi/lib/thumb/v7e-m+fp/hard/libc.a(libc_a-mallocr.o)
__preinit_array_end                               /Applications/ArmGNUToolchain/14.2.rel1/arm-none-eabi/bin/../lib/gcc/arm-none-eabi/14.2.1/../../../../arm-none-eabi/lib/thumb/v7e-m+fp/hard/libc.a(libc_a-init.o)
__preinit_array_start                             /Applications/ArmGNUToolchain/14.2.rel1/arm-none-eabi/bin/../lib/gcc/arm-none-eabi/14.2.1/../../../../arm-none-eabi/lib/thumb/v7e-m+fp/hard/libc.a(libc_a-init.o)
__register_exitproc                               /Applications/ArmGNUToolchain/14.2.rel1/arm-none-eabi/bin/../lib/gcc/arm-none-eabi/14.2.1/../../../../arm-none-eabi/lib/thumb/v7e-m+fp/hard/libc.a(libc_a-__atexit.o)
                                                  /Applications/ArmGNUToolchain/14.2.rel1/arm-none-eabi/bin/../lib/gcc/arm-none-eabi/14.2.1/../../../../arm-none-eabi/lib/thumb/v7e-m+fp/hard/libc.a(libc_a-atexit.o)
__register_frame_info                             /Applications/ArmGNUToolchain/14.2.rel1/arm-none-eabi/bin/../lib/gcc/arm-none-eabi/14.2.1/thumb/v7e-m+fp/hard/crtbegin.o
__retarget_lock_acquire                           /Applications/ArmGNUToolchain/14.2.rel1/arm-none-eabi/bin/../lib/gcc/arm-none-eabi/14.2.1/../../../../arm-none-eabi/lib/thumb/v7e-m+fp/hard/libc.a(libc_a-lock.o)
__retarget_lock_acquire_recursive                 /Applications/ArmGNUToolchain/14.2.rel1/arm-none-eabi/bin/../lib/gcc/arm-none-eabi/14.2.1/../../../../arm-none-eabi/lib/thumb/v7e-m+fp/hard/libc.a(libc_a-lock.o)
                                                  /Applications/ArmGNUToolchain/14.2.rel1/arm-none-eabi/bin/../lib/gcc/arm-none-eabi/14.2.1/../../../../arm-none-eabi/lib/thumb/v7e-m+fp/hard/libc.a(libc_a-__atexit.o)
                                                  /Applications/ArmGNUToolchain/14.2.rel1/arm-none-eabi/bin/../lib/gcc/arm-none-eabi/14.2.1/../../../../arm-none-eabi/lib/thumb/v7e-m+fp/hard/libc.a(libc_a-fflush.o)
                                                  /Applications/ArmGNUToolchain/14.2.rel1/arm-none-eabi/bin/../lib/gcc/arm-none-eabi/14.2.1/../../../../arm-none-eabi/lib/thumb/v7e-m+fp/hard/libc.a(libc_a-fclose.o)
                                                  /Applications/ArmGNUToolchain/14.2.rel1/arm-none-eabi/bin/../lib/gcc/arm-none-eabi/14.2.1/../../../../arm-none-eabi/lib/thumb/v7e-m+fp/hard/libc.a(libc_a-mlock.o)
                                                  /Applications/ArmGNUToolchain/14.2.rel1/arm-none-eabi/bin/../lib/gcc/arm-none-eabi/14.2.1/../../../../arm-none-eabi/lib/thumb/v7e-m+fp/hard/libc.a(libc_a-__call_atexit.o)
                                                  /Applications/ArmGNUToolchain/14.2.rel1/arm-none-eabi/bin/../lib/gcc/arm-none-eabi/14.2.1/../../../../arm-none-eabi/lib/thumb/v7e-m+fp/hard/libc.a(libc_a-findfp.o)
__retarget_lock_close                             /Applications/ArmGNUToolchain/14.2.rel1/arm-none-eabi/bin/../lib/gcc/arm-none-eabi/14.2.1/../../../../arm-none-eabi/lib/thumb/v7e-m+fp/hard/libc.a(libc_a-lock.o)
__retarget_lock_close_recursive                   /Applications/ArmGNUToolchain/14.2.rel1/arm-none-eabi/bin/../lib/gcc/arm-none-eabi/14.2.1/../../../../arm-none-eabi/lib/thumb/v7e-m+fp/hard/libc.a(libc_a-lock.o)
                                                  /Applications/ArmGNUToolchain/14.2.rel1/arm-none-eabi/bin/../lib/gcc/arm-none-eabi/14.2.1/../../../../arm-none-eabi/lib/thumb/v7e-m+fp/hard/libc.a(libc_a-fclose.o)
__retarget_lock_init                              /Applications/ArmGNUToolchain/14.2.rel1/arm-none-eabi/bin/../lib/gcc/arm-none-eabi/14.2.1/../../../../arm-none-eabi/lib/thumb/v7e-m+fp/hard/libc.a(libc_a-lock.o)
__retarget_lock_init_recursive                    /Applications/ArmGNUToolchain/14.2.rel1/arm-none-eabi/bin/../lib/gcc/arm-none-eabi/14.2.1/../../../../arm-none-eabi/lib/thumb/v7e-m+fp/hard/libc.a(libc_a-lock.o)
                                                  /Applications/ArmGNUToolchain/14.2.rel1/arm-none-eabi/bin/../lib/gcc/arm-none-eabi/14.2.1/../../../../arm-none-eabi/lib/thumb/v7e-m+fp/hard/libc.a(libc_a-findfp.o)
__retarget_lock_release                           /Applications/ArmGNUToolchain/14.2.rel1/arm-none-eabi/bin/../lib/gcc/arm-none-eabi/14.2.1/../../../../arm-none-eabi/lib/thumb/v7e-m+fp/hard/libc.a(libc_a-lock.o)
__retarget_lock_release_recursive                 /Applications/ArmGNUToolchain/14.2.rel1/arm-none-eabi/bin/../lib/gcc/arm-none-eabi/14.2.1/../../../../arm-none-eabi/lib/thumb/v7e-m+fp/hard/libc.a(libc_a-lock.o)
                                                  /Applications/ArmGNUToolchain/14.2.rel1/arm-none-eabi/bin/../lib/gcc/arm-none-eabi/14.2.1/../../../../arm-none-eabi/lib/thumb/v7e-m+fp/hard/libc.a(libc_a-__atexit.o)
                                                  /Applications/ArmGNUToolchain/14.2.rel1/arm-none-eabi/bin/../lib/gcc/arm-none-eabi/14.2.1/../../../../arm-none-eabi/lib/thumb/v7e-m+fp/hard/libc.a(libc_a-fflush.o)
                                                  /Applications/ArmGNUToolchain/14.2.rel1/arm-none-eabi/bin/../lib/gcc/arm-none-eabi/14.2.1/../../../../arm-none-eabi/lib/thumb/v7e-m+fp/hard/libc.a(libc_a-fclose.o)
                                                  /Applications/ArmGNUToolchain/14.2.rel1/arm-none-eabi/bin/../lib/gcc/arm-none-eabi/14.2.1/../../../../arm-none-eabi/lib/thumb/v7e-m+fp/hard/libc.a(libc_a-mlock.o)
                                                  /Applications/ArmGNUToolchain/14.2.rel1/arm-none-eabi/bin/../lib/gcc/arm-none-eabi/14.2.1/../../../../arm-none-eabi/lib/thumb/v7e-m+fp/hard/libc.a(libc_a-__call_atexit.o)
                                                  /Applications/ArmGNUToolchain/14.2.rel1/arm-none-eabi/bin/../lib/gcc/arm-none-eabi/14.2.1/../../../../arm-none-eabi/lib/thumb/v7e-m+fp/hard/libc.a(libc_a-findfp.o)
__retarget_lock_try_acquire                       /Applications/ArmGNUToolchain/14.2.rel1/arm-none-eabi/bin/../lib/gcc/arm-none-eabi/14.2.1/../../../../arm-none-eabi/lib/thumb/v7e-m+fp/hard/libc.a(libc_a-lock.o)
__retarget_lock_try_acquire_recursive             /Applications/ArmGNUToolchain/14.2.rel1/arm-none-eabi/bin/../lib/gcc/arm-none-eabi/14.2.1/../../../../arm-none-eabi/lib/thumb/v7e-m+fp/hard/libc.a(libc_a-lock.o)
__sclose                                          /Applications/ArmGNUToolchain/14.2.rel1/arm-none-eabi/bin/../lib/gcc/arm-none-eabi/14.2.1/../../../../arm-none-eabi/lib/thumb/v7e-m+fp/hard/libc.a(libc_a-stdio.o)
                                                  /Applications/ArmGNUToolchain/14.2.rel1/arm-none-eabi/bin/../lib/gcc/arm-none-eabi/14.2.1/../../../../arm-none-eabi/lib/thumb/v7e-m+fp/hard/libc.a(libc_a-findfp.o)
__seofread                                        /Applications/ArmGNUToolchain/14.2.rel1/arm-none-eabi/bin/../lib/gcc/arm-none-eabi/14.2.1/../../../../arm-none-eabi/lib/thumb/v7e-m+fp/hard/libc.a(libc_a-stdio.o)
__sf                                              /Applications/ArmGNUToolchain/14.2.rel1/arm-none-eabi/bin/../lib/gcc/arm-none-eabi/14.2.1/../../../../arm-none-eabi/lib/thumb/v7e-m+fp/hard/libc.a(libc_a-findfp.o)
                                                  /Applications/ArmGNUToolchain/14.2.rel1/arm-none-eabi/bin/../lib/gcc/arm-none-eabi/14.2.1/../../../../arm-none-eabi/lib/thumb/v7e-m+fp/hard/libc.a(libc_a-impure.o)
__sflush_r                                        /Applications/ArmGNUToolchain/14.2.rel1/arm-none-eabi/bin/../lib/gcc/arm-none-eabi/14.2.1/../../../../arm-none-eabi/lib/thumb/v7e-m+fp/hard/libc.a(libc_a-fflush.o)
                                                  /Applications/ArmGNUToolchain/14.2.rel1/arm-none-eabi/bin/../lib/gcc/arm-none-eabi/14.2.1/../../../../arm-none-eabi/lib/thumb/v7e-m+fp/hard/libc.a(libc_a-fclose.o)
__sfp                                             /Applications/ArmGNUToolchain/14.2.rel1/arm-none-eabi/bin/../lib/gcc/arm-none-eabi/14.2.1/../../../../arm-none-eabi/lib/thumb/v7e-m+fp/hard/libc.a(libc_a-findfp.o)
__sfp_lock_acquire                                /Applications/ArmGNUToolchain/14.2.rel1/arm-none-eabi/bin/../lib/gcc/arm-none-eabi/14.2.1/../../../../arm-none-eabi/lib/thumb/v7e-m+fp/hard/libc.a(libc_a-findfp.o)
                                                  /Applications/ArmGNUToolchain/14.2.rel1/arm-none-eabi/bin/../lib/gcc/arm-none-eabi/14.2.1/../../../../arm-none-eabi/lib/thumb/v7e-m+fp/hard/libc.a(libc_a-fclose.o)
__sfp_lock_release                                /Applications/ArmGNUToolchain/14.2.rel1/arm-none-eabi/bin/../lib/gcc/arm-none-eabi/14.2.1/../../../../arm-none-eabi/lib/thumb/v7e-m+fp/hard/libc.a(libc_a-findfp.o)
                                                  /Applications/ArmGNUToolchain/14.2.rel1/arm-none-eabi/bin/../lib/gcc/arm-none-eabi/14.2.1/../../../../arm-none-eabi/lib/thumb/v7e-m+fp/hard/libc.a(libc_a-fclose.o)
__sglue                                           /Applications/ArmGNUToolchain/14.2.rel1/arm-none-eabi/bin/../lib/gcc/arm-none-eabi/14.2.1/../../../../arm-none-eabi/lib/thumb/v7e-m+fp/hard/libc.a(libc_a-findfp.o)
                                                  /Applications/ArmGNUToolchain/14.2.rel1/arm-none-eabi/bin/../lib/gcc/arm-none-eabi/14.2.1/../../../../arm-none-eabi/lib/thumb/v7e-m+fp/hard/libc.a(libc_a-fflush.o)
__sinit                                           /Applications/ArmGNUToolchain/14.2.rel1/arm-none-eabi/bin/../lib/gcc/arm-none-eabi/14.2.1/../../../../arm-none-eabi/lib/thumb/v7e-m+fp/hard/libc.a(libc_a-findfp.o)
                                                  /Applications/ArmGNUToolchain/14.2.rel1/arm-none-eabi/bin/../lib/gcc/arm-none-eabi/14.2.1/../../../../arm-none-eabi/lib/thumb/v7e-m+fp/hard/libc.a(libc_a-fflush.o)
                                                  /Applications/ArmGNUToolchain/14.2.rel1/arm-none-eabi/bin/../lib/gcc/arm-none-eabi/14.2.1/../../../../arm-none-eabi/lib/thumb/v7e-m+fp/hard/libc.a(libc_a-fclose.o)
__sread                                           /Applications/ArmGNUToolchain/14.2.rel1/arm-none-eabi/bin/../lib/gcc/arm-none-eabi/14.2.1/../../../../arm-none-eabi/lib/thumb/v7e-m+fp/hard/libc.a(libc_a-stdio.o)
                                                  /Applications/ArmGNUToolchain/14.2.rel1/arm-none-eabi/bin/../lib/gcc/arm-none-eabi/14.2.1/../../../../arm-none-eabi/lib/thumb/v7e-m+fp/hard/libc.a(libc_a-findfp.o)
__sseek                                           /Applications/ArmGNUToolchain/14.2.rel1/arm-none-eabi/bin/../lib/gcc/arm-none-eabi/14.2.1/../../../../arm-none-eabi/lib/thumb/v7e-m+fp/hard/libc.a(libc_a-stdio.o)
                                                  /Applications/ArmGNUToolchain/14.2.rel1/arm-none-eabi/bin/../lib/gcc/arm-none-eabi/14.2.1/../../../../arm-none-eabi/lib/thumb/v7e-m+fp/hard/libc.a(libc_a-findfp.o)
__stack                                           /Applications/ArmGNUToolchain/14.2.rel1/arm-none-eabi/bin/../lib/gcc/arm-none-eabi/14.2.1/../../../../arm-none-eabi/lib/thumb/v7e-m+fp/hard/crt0.o
__stdio_exit_handler                              /Applications/ArmGNUToolchain/14.2.rel1/arm-none-eabi/bin/../lib/gcc/arm-none-eabi/14.2.1/../../../../arm-none-eabi/lib/thumb/v7e-m+fp/hard/libc.a(libc_a-findfp.o)
                                                  /Applications/ArmGNUToolchain/14.2.rel1/arm-none-eabi/bin/../lib/gcc/arm-none-eabi/14.2.1/../../../../arm-none-eabi/lib/thumb/v7e-m+fp/hard/libc.a(libc_a-exit.o)
__swrite                                          /Applications/ArmGNUToolchain/14.2.rel1/arm-none-eabi/bin/../lib/gcc/arm-none-eabi/14.2.1/../../../../arm-none-eabi/lib/thumb/v7e-m+fp/hard/libc.a(libc_a-stdio.o)
                                                  /Applications/ArmGNUToolchain/14.2.rel1/arm-none-eabi/bin/../lib/gcc/arm-none-eabi/14.2.1/../../../../arm-none-eabi/lib/thumb/v7e-m+fp/hard/libc.a(libc_a-findfp.o)
_close                                            /Applications/ArmGNUToolchain/14.2.rel1/arm-none-eabi/bin/../lib/gcc/arm-none-eabi/14.2.1/../../../../arm-none-eabi/lib/thumb/v7e-m+fp/hard/libnosys.a(close.o)
                                                  /Applications/ArmGNUToolchain/14.2.rel1/arm-none-eabi/bin/../lib/gcc/arm-none-eabi/14.2.1/../../../../arm-none-eabi/lib/thumb/v7e-m+fp/hard/libc.a(libc_a-closer.o)
_close_r                                          /Applications/ArmGNUToolchain/14.2.rel1/arm-none-eabi/bin/../lib/gcc/arm-none-eabi/14.2.1/../../../../arm-none-eabi/lib/thumb/v7e-m+fp/hard/libc.a(libc_a-closer.o)
                                                  /Applications/ArmGNUToolchain/14.2.rel1/arm-none-eabi/bin/../lib/gcc/arm-none-eabi/14.2.1/../../../../arm-none-eabi/lib/thumb/v7e-m+fp/hard/libc.a(libc_a-stdio.o)
_ebss                                             app/blink/CMakeFiles/blink.dir/__/__/mcu_support/stm32/l4xx/l476/startup_stm32l476xx.s.obj
_edata                                            app/blink/CMakeFiles/blink.dir/__/__/mcu_support/stm32/l4xx/l476/startup_stm32l476xx.s.obj
_estack                                           app/blink/CMakeFiles/blink.dir/__/__/mcu_support/stm32/l4xx/l476/startup_stm32l476xx.s.obj
_exit                                             /Applications/ArmGNUToolchain/14.2.rel1/arm-none-eabi/bin/../lib/gcc/arm-none-eabi/14.2.1/../../../../arm-none-eabi/lib/thumb/v7e-m+fp/hard/libnosys.a(_exit.o)
                                                  /Applications/ArmGNUToolchain/14.2.rel1/arm-none-eabi/bin/../lib/gcc/arm-none-eabi/14.2.1/../../../../arm-none-eabi/lib/thumb/v7e-m+fp/hard/libc.a(libc_a-exit.o)
_fclose_r                                         /Applications/ArmGNUToolchain/14.2.rel1/arm-none-eabi/bin/../lib/gcc/arm-none-eabi/14.2.1/../../../../arm-none-eabi/lib/thumb/v7e-m+fp/hard/libc.a(libc_a-fclose.o)
                                                  /Applications/ArmGNUToolchain/14.2.rel1/arm-none-eabi/bin/../lib/gcc/arm-none-eabi/14.2.1/../../../../arm-none-eabi/lib/thumb/v7e-m+fp/hard/libc.a(libc_a-findfp.o)
_fflush_r                                         /Applications/ArmGNUToolchain/14.2.rel1/arm-none-eabi/bin/../lib/gcc/arm-none-eabi/14.2.1/../../../../arm-none-eabi/lib/thumb/v7e-m+fp/hard/libc.a(libc_a-fflush.o)
_fini                                             /Applications/ArmGNUToolchain/14.2.rel1/arm-none-eabi/bin/../lib/gcc/arm-none-eabi/14.2.1/thumb/v7e-m+fp/hard/crti.o
                                                  /Applications/ArmGNUToolchain/14.2.rel1/arm-none-eabi/bin/../lib/gcc/arm-none-eabi/14.2.1/../../../../arm-none-eabi/lib/thumb/v7e-m+fp/hard/libc.a(libc_a-fini.o)
_free_r                                           /Applications/ArmGNUToolchain/14.2.rel1/arm-none-eabi/bin/../lib/gcc/arm-none-eabi/14.2.1/../../../../arm-none-eabi/lib/thumb/v7e-m+fp/hard/libc.a(libc_a-freer.o)
                                                  /Applications/ArmGNUToolchain/14.2.rel1/arm-none-eabi/bin/../lib/gcc/arm-none-eabi/14.2.1/../../../../arm-none-eabi/lib/thumb/v7e-m+fp/hard/libc.a(libc_a-reent.o)
                                                  /Applications/ArmGNUToolchain/14.2.rel1/arm-none-eabi/bin/../lib/gcc/arm-none-eabi/14.2.1/../../../../arm-none-eabi/lib/thumb/v7e-m+fp/hard/libc.a(libc_a-fflush.o)
                                                  /Applications/ArmGNUToolchain/14.2.rel1/arm-none-eabi/bin/../lib/gcc/arm-none-eabi/14.2.1/../../../../arm-none-eabi/lib/thumb/v7e-m+fp/hard/libc.a(libc_a-fclose.o)
                                                  /Applications/ArmGNUToolchain/14.2.rel1/arm-none-eabi/bin/../lib/gcc/arm-none-eabi/14.2.1/../../../../arm-none-eabi/lib/thumb/v7e-m+fp/hard/libc.a(libc_a-mallocr.o)
_fwalk_sglue                                      /Applications/ArmGNUToolchain/14.2.rel1/arm-none-eabi/bin/../lib/gcc/arm-none-eabi/14.2.1/../../../../arm-none-eabi/lib/thumb/v7e-m+fp/hard/libc.a(libc_a-fwalk.o)
                                                  /Applications/ArmGNUToolchain/14.2.rel1/arm-none-eabi/bin/../lib/gcc/arm-none-eabi/14.2.1/../../../../arm-none-eabi/lib/thumb/v7e-m+fp/hard/libc.a(libc_a-fflush.o)
                                                  /Applications/ArmGNUToolchain/14.2.rel1/arm-none-eabi/bin/../lib/gcc/arm-none-eabi/14.2.1/../../../../arm-none-eabi/lib/thumb/v7e-m+fp/hard/libc.a(libc_a-findfp.o)
_impure_data                                      /Applications/ArmGNUToolchain/14.2.rel1/arm-none-eabi/bin/../lib/gcc/arm-none-eabi/14.2.1/../../../../arm-none-eabi/lib/thumb/v7e-m+fp/hard/libc.a(libc_a-impure.o)
                                                  /Applications/ArmGNUToolchain/14.2.rel1/arm-none-eabi/bin/../lib/gcc/arm-none-eabi/14.2.1/../../../../arm-none-eabi/lib/thumb/v7e-m+fp/hard/libc.a(libc_a-fflush.o)
                                                  /Applications/ArmGNUToolchain/14.2.rel1/arm-none-eabi/bin/../lib/gcc/arm-none-eabi/14.2.1/../../../../arm-none-eabi/lib/thumb/v7e-m+fp/hard/libc.a(libc_a-findfp.o)
_impure_ptr                                       /Applications/ArmGNUToolchain/14.2.rel1/arm-none-eabi/bin/../lib/gcc/arm-none-eabi/14.2.1/../../../../arm-none-eabi/lib/thumb/v7e-m+fp/hard/libc.a(libc_a-impure.o)
                                                  /Applications/ArmGNUToolchain/14.2.rel1/arm-none-eabi/bin/../lib/gcc/arm-none-eabi/14.2.1/../../../../arm-none-eabi/lib/thumb/v7e-m+fp/hard/libc.a(libc_a-errno.o)
                                                  /Applications/ArmGNUToolchain/14.2.rel1/arm-none-eabi/bin/../lib/gcc/arm-none-eabi/14.2.1/../../../../arm-none-eabi/lib/thumb/v7e-m+fp/hard/libc.a(libc_a-reent.o)
                                                  /Applications/ArmGNUToolchain/14.2.rel1/arm-none-eabi/bin/../lib/gcc/arm-none-eabi/14.2.1/../../../../arm-none-eabi/lib/thumb/v7e-m+fp/hard/libc.a(libc_a-fflush.o)
                                                  /Applications/ArmGNUToolchain/14.2.rel1/arm-none-eabi/bin/../lib/gcc/arm-none-eabi/14.2.1/../../../../arm-none-eabi/lib/thumb/v7e-m+fp/hard/libc.a(libc_a-fclose.o)
_init                                             /Applications/ArmGNUToolchain/14.2.rel1/arm-none-eabi/bin/../lib/gcc/arm-none-eabi/14.2.1/thumb/v7e-m+fp/hard/crti.o
                                                  /Applications/ArmGNUToolchain/14.2.rel1/arm-none-eabi/bin/../lib/gcc/arm-none-eabi/14.2.1/../../../../arm-none-eabi/lib/thumb/v7e-m+fp/hard/libc.a(libc_a-init.o)
_lseek                                            /Applications/ArmGNUToolchain/14.2.rel1/arm-none-eabi/bin/../lib/gcc/arm-none-eabi/14.2.1/../../../../arm-none-eabi/lib/thumb/v7e-m+fp/hard/libnosys.a(lseek.o)
                                                  /Applications/ArmGNUToolchain/14.2.rel1/arm-none-eabi/bin/../lib/gcc/arm-none-eabi/14.2.1/../../../../arm-none-eabi/lib/thumb/v7e-m+fp/hard/libc.a(libc_a-lseekr.o)
_lseek_r                                          /Applications/ArmGNUToolchain/14.2.rel1/arm-none-eabi/bin/../lib/gcc/arm-none-eabi/14.2.1/../../../../arm-none-eabi/lib/thumb/v7e-m+fp/hard/libc.a(libc_a-lseekr.o)
                                                  /Applications/ArmGNUToolchain/14.2.rel1/arm-none-eabi/bin/../lib/gcc/arm-none-eabi/14.2.1/../../../../arm-none-eabi/lib/thumb/v7e-m+fp/hard/libc.a(libc_a-stdio.o)
_mainCRTStartup                                   /Applications/ArmGNUToolchain/14.2.rel1/arm-none-eabi/bin/../lib/gcc/arm-none-eabi/14.2.1/../../../../arm-none-eabi/lib/thumb/v7e-m+fp/hard/crt0.o
_malloc_r                                         /Applications/ArmGNUToolchain/14.2.rel1/arm-none-eabi/bin/../lib/gcc/arm-none-eabi/14.2.1/../../../../arm-none-eabi/lib/thumb/v7e-m+fp/hard/libc.a(libc_a-mallocr.o)
                                                  /Applications/ArmGNUToolchain/14.2.rel1/arm-none-eabi/bin/../lib/gcc/arm-none-eabi/14.2.1/../../../../arm-none-eabi/lib/thumb/v7e-m+fp/hard/libc.a(libc_a-findfp.o)
_malloc_trim_r                                    /Applications/ArmGNUToolchain/14.2.rel1/arm-none-eabi/bin/../lib/gcc/arm-none-eabi/14.2.1/../../../../arm-none-eabi/lib/thumb/v7e-m+fp/hard/libc.a(libc_a-freer.o)
_read                                             /Applications/ArmGNUToolchain/14.2.rel1/arm-none-eabi/bin/../lib/gcc/arm-none-eabi/14.2.1/../../../../arm-none-eabi/lib/thumb/v7e-m+fp/hard/libnosys.a(read.o)
                                                  /Applications/ArmGNUToolchain/14.2.rel1/arm-none-eabi/bin/../lib/gcc/arm-none-eabi/14.2.1/../../../../arm-none-eabi/lib/thumb/v7e-m+fp/hard/libc.a(libc_a-readr.o)
_read_r                                           /Applications/ArmGNUToolchain/14.2.rel1/arm-none-eabi/bin/../lib/gcc/arm-none-eabi/14.2.1/../../../../arm-none-eabi/lib/thumb/v7e-m+fp/hard/libc.a(libc_a-readr.o)
                                                  /Applications/ArmGNUToolchain/14.2.rel1/arm-none-eabi/bin/../lib/gcc/arm-none-eabi/14.2.1/../../../../arm-none-eabi/lib/thumb/v7e-m+fp/hard/libc.a(libc_a-stdio.o)
_reclaim_reent                                    /Applications/ArmGNUToolchain/14.2.rel1/arm-none-eabi/bin/../lib/gcc/arm-none-eabi/14.2.1/../../../../arm-none-eabi/lib/thumb/v7e-m+fp/hard/libc.a(libc_a-reent.o)
_sbrk                                             /Applications/ArmGNUToolchain/14.2.rel1/arm-none-eabi/bin/../lib/gcc/arm-none-eabi/14.2.1/../../../../arm-none-eabi/lib/thumb/v7e-m+fp/hard/libnosys.a(sbrk.o)
                                                  /Applications/ArmGNUToolchain/14.2.rel1/arm-none-eabi/bin/../lib/gcc/arm-none-eabi/14.2.1/../../../../arm-none-eabi/lib/thumb/v7e-m+fp/hard/libc.a(libc_a-sbrkr.o)
_sbrk_r                                           /Applications/ArmGNUToolchain/14.2.rel1/arm-none-eabi/bin/../lib/gcc/arm-none-eabi/14.2.1/../../../../arm-none-eabi/lib/thumb/v7e-m+fp/hard/libc.a(libc_a-sbrkr.o)
                                                  /Applications/ArmGNUToolchain/14.2.rel1/arm-none-eabi/bin/../lib/gcc/arm-none-eabi/14.2.1/../../../../arm-none-eabi/lib/thumb/v7e-m+fp/hard/libc.a(libc_a-freer.o)
                                                  /Applications/ArmGNUToolchain/14.2.rel1/arm-none-eabi/bin/../lib/gcc/arm-none-eabi/14.2.1/../../../../arm-none-eabi/lib/thumb/v7e-m+fp/hard/libc.a(libc_a-mallocr.o)
_sbss                                             app/blink/CMakeFiles/blink.dir/__/__/mcu_support/stm32/l4xx/l476/startup_stm32l476xx.s.obj
_sdata                                            app/blink/CMakeFiles/blink.dir/__/__/mcu_support/stm32/l4xx/l476/startup_stm32l476xx.s.obj
_sidata                                           app/blink/CMakeFiles/blink.dir/__/__/mcu_support/stm32/l4xx/l476/startup_stm32l476xx.s.obj
_stack_init                                       /Applications/ArmGNUToolchain/14.2.rel1/arm-none-eabi/bin/../lib/gcc/arm-none-eabi/14.2.1/../../../../arm-none-eabi/lib/thumb/v7e-m+fp/hard/crt0.o
_start                                            /Applications/ArmGNUToolchain/14.2.rel1/arm-none-eabi/bin/../lib/gcc/arm-none-eabi/14.2.1/../../../../arm-none-eabi/lib/thumb/v7e-m+fp/hard/crt0.o
_write                                            /Applications/ArmGNUToolchain/14.2.rel1/arm-none-eabi/bin/../lib/gcc/arm-none-eabi/14.2.1/../../../../arm-none-eabi/lib/thumb/v7e-m+fp/hard/libnosys.a(write.o)
                                                  /Applications/ArmGNUToolchain/14.2.rel1/arm-none-eabi/bin/../lib/gcc/arm-none-eabi/14.2.1/../../../../arm-none-eabi/lib/thumb/v7e-m+fp/hard/libc.a(libc_a-writer.o)
_write_r                                          /Applications/ArmGNUToolchain/14.2.rel1/arm-none-eabi/bin/../lib/gcc/arm-none-eabi/14.2.1/../../../../arm-none-eabi/lib/thumb/v7e-m+fp/hard/libc.a(libc_a-writer.o)
                                                  /Applications/ArmGNUToolchain/14.2.rel1/arm-none-eabi/bin/../lib/gcc/arm-none-eabi/14.2.1/../../../../arm-none-eabi/lib/thumb/v7e-m+fp/hard/libc.a(libc_a-stdio.o)
atexit                                            /Applications/ArmGNUToolchain/14.2.rel1/arm-none-eabi/bin/../lib/gcc/arm-none-eabi/14.2.1/../../../../arm-none-eabi/lib/thumb/v7e-m+fp/hard/libc.a(libc_a-atexit.o)
                                                  /Applications/ArmGNUToolchain/14.2.rel1/arm-none-eabi/bin/../lib/gcc/arm-none-eabi/14.2.1/../../../../arm-none-eabi/lib/thumb/v7e-m+fp/hard/libc.a(libc_a-__call_atexit.o)
                                                  /Applications/ArmGNUToolchain/14.2.rel1/arm-none-eabi/bin/../lib/gcc/arm-none-eabi/14.2.1/../../../../arm-none-eabi/lib/thumb/v7e-m+fp/hard/crt0.o
end                                               /Applications/ArmGNUToolchain/14.2.rel1/arm-none-eabi/bin/../lib/gcc/arm-none-eabi/14.2.1/../../../../arm-none-eabi/lib/thumb/v7e-m+fp/hard/libnosys.a(sbrk.o)
errno                                             /Applications/ArmGNUToolchain/14.2.rel1/arm-none-eabi/bin/../lib/gcc/arm-none-eabi/14.2.1/../../../../arm-none-eabi/lib/thumb/v7e-m+fp/hard/libc.a(libc_a-reent.o)
                                                  /Applications/ArmGNUToolchain/14.2.rel1/arm-none-eabi/bin/../lib/gcc/arm-none-eabi/14.2.1/../../../../arm-none-eabi/lib/thumb/v7e-m+fp/hard/libnosys.a(write.o)
                                                  /Applications/ArmGNUToolchain/14.2.rel1/arm-none-eabi/bin/../lib/gcc/arm-none-eabi/14.2.1/../../../../arm-none-eabi/lib/thumb/v7e-m+fp/hard/libnosys.a(read.o)
                                                  /Applications/ArmGNUToolchain/14.2.rel1/arm-none-eabi/bin/../lib/gcc/arm-none-eabi/14.2.1/../../../../arm-none-eabi/lib/thumb/v7e-m+fp/hard/libnosys.a(lseek.o)
                                                  /Applications/ArmGNUToolchain/14.2.rel1/arm-none-eabi/bin/../lib/gcc/arm-none-eabi/14.2.1/../../../../arm-none-eabi/lib/thumb/v7e-m+fp/hard/libnosys.a(close.o)
                                                  /Applications/ArmGNUToolchain/14.2.rel1/arm-none-eabi/bin/../lib/gcc/arm-none-eabi/14.2.1/../../../../arm-none-eabi/lib/thumb/v7e-m+fp/hard/libc.a(libc_a-writer.o)
                                                  /Applications/ArmGNUToolchain/14.2.rel1/arm-none-eabi/bin/../lib/gcc/arm-none-eabi/14.2.1/../../../../arm-none-eabi/lib/thumb/v7e-m+fp/hard/libc.a(libc_a-sbrkr.o)
                                                  /Applications/ArmGNUToolchain/14.2.rel1/arm-none-eabi/bin/../lib/gcc/arm-none-eabi/14.2.1/../../../../arm-none-eabi/lib/thumb/v7e-m+fp/hard/libc.a(libc_a-readr.o)
                                                  /Applications/ArmGNUToolchain/14.2.rel1/arm-none-eabi/bin/../lib/gcc/arm-none-eabi/14.2.1/../../../../arm-none-eabi/lib/thumb/v7e-m+fp/hard/libc.a(libc_a-lseekr.o)
                                                  /Applications/ArmGNUToolchain/14.2.rel1/arm-none-eabi/bin/../lib/gcc/arm-none-eabi/14.2.1/../../../../arm-none-eabi/lib/thumb/v7e-m+fp/hard/libc.a(libc_a-closer.o)
exit                                              /Applications/ArmGNUToolchain/14.2.rel1/arm-none-eabi/bin/../lib/gcc/arm-none-eabi/14.2.1/../../../../arm-none-eabi/lib/thumb/v7e-m+fp/hard/libc.a(libc_a-exit.o)
                                                  /Applications/ArmGNUToolchain/14.2.rel1/arm-none-eabi/bin/../lib/gcc/arm-none-eabi/14.2.1/../../../../arm-none-eabi/lib/thumb/v7e-m+fp/hard/crt0.o
fclose                                            /Applications/ArmGNUToolchain/14.2.rel1/arm-none-eabi/bin/../lib/gcc/arm-none-eabi/14.2.1/../../../../arm-none-eabi/lib/thumb/v7e-m+fp/hard/libc.a(libc_a-fclose.o)
fflush                                            /Applications/ArmGNUToolchain/14.2.rel1/arm-none-eabi/bin/../lib/gcc/arm-none-eabi/14.2.1/../../../../arm-none-eabi/lib/thumb/v7e-m+fp/hard/libc.a(libc_a-fflush.o)
g_pfnVectors                                      app/blink/CMakeFiles/blink.dir/__/__/mcu_support/stm32/l4xx/l476/startup_stm32l476xx.s.obj
hardware_init_hook                                /Applications/ArmGNUToolchain/14.2.rel1/arm-none-eabi/bin/../lib/gcc/arm-none-eabi/14.2.1/../../../../arm-none-eabi/lib/thumb/v7e-m+fp/hard/crt0.o
main                                              app/blink/CMakeFiles/blink.dir/main.cc.obj
                                                  app/blink/CMakeFiles/blink.dir/__/__/mcu_support/stm32/l4xx/l476/startup_stm32l476xx.s.obj
                                                  /Applications/ArmGNUToolchain/14.2.rel1/arm-none-eabi/bin/../lib/gcc/arm-none-eabi/14.2.1/../../../../arm-none-eabi/lib/thumb/v7e-m+fp/hard/crt0.o
memset                                            /Applications/ArmGNUToolchain/14.2.rel1/arm-none-eabi/bin/../lib/gcc/arm-none-eabi/14.2.1/../../../../arm-none-eabi/lib/thumb/v7e-m+fp/hard/libc.a(libc_a-memset.o)
                                                  /Applications/ArmGNUToolchain/14.2.rel1/arm-none-eabi/bin/../lib/gcc/arm-none-eabi/14.2.1/../../../../arm-none-eabi/lib/thumb/v7e-m+fp/hard/libc.a(libc_a-findfp.o)
                                                  /Applications/ArmGNUToolchain/14.2.rel1/arm-none-eabi/bin/../lib/gcc/arm-none-eabi/14.2.1/../../../../arm-none-eabi/lib/thumb/v7e-m+fp/hard/crt0.o
software_init_hook                                /Applications/ArmGNUToolchain/14.2.rel1/arm-none-eabi/bin/../lib/gcc/arm-none-eabi/14.2.1/../../../../arm-none-eabi/lib/thumb/v7e-m+fp/hard/crt0.o
sysconf                                           /Applications/ArmGNUToolchain/14.2.rel1/arm-none-eabi/bin/../lib/gcc/arm-none-eabi/14.2.1/../../../../arm-none-eabi/lib/thumb/v7e-m+fp/hard/libc.a(libc_a-sysconf.o)
                                                  /Applications/ArmGNUToolchain/14.2.rel1/arm-none-eabi/bin/../lib/gcc/arm-none-eabi/14.2.1/../../../../arm-none-eabi/lib/thumb/v7e-m+fp/hard/libc.a(libc_a-freer.o)
                                                  /Applications/ArmGNUToolchain/14.2.rel1/arm-none-eabi/bin/../lib/gcc/arm-none-eabi/14.2.1/../../../../arm-none-eabi/lib/thumb/v7e-m+fp/hard/libc.a(libc_a-mallocr.o)
