Archive member included to satisfy reference by file (symbol)

app/blink/bsp_L476/libblink_bsp.a(l476_board.cc.obj)
                              app/blink/CMakeFiles/blink.dir/main.cc.obj (LBR::Board::init())
common/drivers/platform/stm32l4/libhal.a(st_gpio.cc.obj)
                              app/blink/bsp_L476/libblink_bsp.a(l476_board.cc.obj) (LBR::Stml4::HwGpio::HwGpio(LBR::Stml4::StGpioSettings&, unsigned char, GPIO_TypeDef*))
mcu_support/stm32/l4xx/libst_l4_support.a(system_stm32l4xx.c.obj)
                              app/blink/CMakeFiles/blink.dir/__/__/mcu_support/stm32/l4xx/l476/startup_stm32l476xx.s.obj (SystemInit)
/Applications/ArmGNUToolchain/14.2.rel1/arm-none-eabi/bin/../lib/gcc/arm-none-eabi/14.2.1/../../../../arm-none-eabi/lib/thumb/v7e-m+fp/hard/libstdc++.a(class_type_info.o)
                              common/drivers/platform/stm32l4/libhal.a(st_gpio.cc.obj) (vtable for __cxxabiv1::__class_type_info)
/Applications/ArmGNUToolchain/14.2.rel1/arm-none-eabi/bin/../lib/gcc/arm-none-eabi/14.2.1/../../../../arm-none-eabi/lib/thumb/v7e-m+fp/hard/libstdc++.a(del_ops.o)
                              /Applications/ArmGNUToolchain/14.2.rel1/arm-none-eabi/bin/../lib/gcc/arm-none-eabi/14.2.1/../../../../arm-none-eabi/lib/thumb/v7e-m+fp/hard/libstdc++.a(class_type_info.o) (operator delete(void*, unsigned int))
/Applications/ArmGNUToolchain/14.2.rel1/arm-none-eabi/bin/../lib/gcc/arm-none-eabi/14.2.1/../../../../arm-none-eabi/lib/thumb/v7e-m+fp/hard/libstdc++.a(si_class_type_info.o)
                              common/drivers/platform/stm32l4/libhal.a(st_gpio.cc.obj) (vtable for __cxxabiv1::__si_class_type_info)
/Applications/ArmGNUToolchain/14.2.rel1/arm-none-eabi/bin/../lib/gcc/arm-none-eabi/14.2.1/../../../../arm-none-eabi/lib/thumb/v7e-m+fp/hard/libstdc++.a(tinfo.o)
                              /Applications/ArmGNUToolchain/14.2.rel1/arm-none-eabi/bin/../lib/gcc/arm-none-eabi/14.2.1/../../../../arm-none-eabi/lib/thumb/v7e-m+fp/hard/libstdc++.a(class_type_info.o) (std::type_info::~type_info())
/Applications/ArmGNUToolchain/14.2.rel1/arm-none-eabi/bin/../lib/gcc/arm-none-eabi/14.2.1/../../../../arm-none-eabi/lib/thumb/v7e-m+fp/hard/libstdc++.a(del_op.o)
                              /Applications/ArmGNUToolchain/14.2.rel1/arm-none-eabi/bin/../lib/gcc/arm-none-eabi/14.2.1/../../../../arm-none-eabi/lib/thumb/v7e-m+fp/hard/libstdc++.a(del_ops.o) (operator delete(void*))
/Applications/ArmGNUToolchain/14.2.rel1/arm-none-eabi/bin/../lib/gcc/arm-none-eabi/14.2.1/../../../../arm-none-eabi/lib/thumb/v7e-m+fp/hard/libc.a(libc_a-exit.o)
                              /Applications/ArmGNUToolchain/14.2.rel1/arm-none-eabi/bin/../lib/gcc/arm-none-eabi/14.2.1/../../../../arm-none-eabi/lib/thumb/v7e-m+fp/hard/crt0.o (exit)
/Applications/ArmGNUToolchain/14.2.rel1/arm-none-eabi/bin/../lib/gcc/arm-none-eabi/14.2.1/../../../../arm-none-eabi/lib/thumb/v7e-m+fp/hard/libc.a(libc_a-malloc.o)
                              /Applications/ArmGNUToolchain/14.2.rel1/arm-none-eabi/bin/../lib/gcc/arm-none-eabi/14.2.1/../../../../arm-none-eabi/lib/thumb/v7e-m+fp/hard/libstdc++.a(del_op.o) (free)
/Applications/ArmGNUToolchain/14.2.rel1/arm-none-eabi/bin/../lib/gcc/arm-none-eabi/14.2.1/../../../../arm-none-eabi/lib/thumb/v7e-m+fp/hard/libc.a(libc_a-mallocr.o)
                              /Applications/ArmGNUToolchain/14.2.rel1/arm-none-eabi/bin/../lib/gcc/arm-none-eabi/14.2.1/../../../../arm-none-eabi/lib/thumb/v7e-m+fp/hard/libc.a(libc_a-malloc.o) (_malloc_r)
/Applications/ArmGNUToolchain/14.2.rel1/arm-none-eabi/bin/../lib/gcc/arm-none-eabi/14.2.1/../../../../arm-none-eabi/lib/thumb/v7e-m+fp/hard/libc.a(libc_a-mlock.o)
                              /Applications/ArmGNUToolchain/14.2.rel1/arm-none-eabi/bin/../lib/gcc/arm-none-eabi/14.2.1/../../../../arm-none-eabi/lib/thumb/v7e-m+fp/hard/libc.a(libc_a-mallocr.o) (__malloc_lock)
/Applications/ArmGNUToolchain/14.2.rel1/arm-none-eabi/bin/../lib/gcc/arm-none-eabi/14.2.1/../../../../arm-none-eabi/lib/thumb/v7e-m+fp/hard/libc.a(libc_a-findfp.o)
                              /Applications/ArmGNUToolchain/14.2.rel1/arm-none-eabi/bin/../lib/gcc/arm-none-eabi/14.2.1/../../../../arm-none-eabi/lib/thumb/v7e-m+fp/hard/libc.a(libc_a-exit.o) (__stdio_exit_handler)
/Applications/ArmGNUToolchain/14.2.rel1/arm-none-eabi/bin/../lib/gcc/arm-none-eabi/14.2.1/../../../../arm-none-eabi/lib/thumb/v7e-m+fp/hard/libc.a(libc_a-memset.o)
                              /Applications/ArmGNUToolchain/14.2.rel1/arm-none-eabi/bin/../lib/gcc/arm-none-eabi/14.2.1/../../../../arm-none-eabi/lib/thumb/v7e-m+fp/hard/crt0.o (memset)
/Applications/ArmGNUToolchain/14.2.rel1/arm-none-eabi/bin/../lib/gcc/arm-none-eabi/14.2.1/../../../../arm-none-eabi/lib/thumb/v7e-m+fp/hard/libc.a(libc_a-impure.o)
                              /Applications/ArmGNUToolchain/14.2.rel1/arm-none-eabi/bin/../lib/gcc/arm-none-eabi/14.2.1/../../../../arm-none-eabi/lib/thumb/v7e-m+fp/hard/libc.a(libc_a-malloc.o) (_impure_ptr)
[...]
Memory Configuration

Name             Origin             Length             Attributes
RAM              0x20000000         0x00018000         xrw
RAM2             0x10000000         0x00008000         xrw
FLASH            0x08000000         0x00100000         xr
*default*        0x00000000         0xffffffff

Linker script and memory map

LOAD /Applications/ArmGNUToolchain/14.2.rel1/arm-none-eabi/bin/../lib/gcc/arm-none-eabi/14.2.1/thumb/v7e-m+fp/hard/crti.o
LOAD /Applications/ArmGNUToolchain/14.2.rel1/arm-none-eabi/bin/../lib/gcc/arm-none-eabi/14.2.1/thumb/v7e-m+fp/hard/crtbegin.o
LOAD /Applications/ArmGNUToolchain/14.2.rel1/arm-none-eabi/bin/../lib/gcc/arm-none-eabi/14.2.1/../../../../arm-none-eabi/lib/thumb/v7e-m+fp/hard/crt0.o
LOAD /Applications/ArmGNUToolchain/14.2.rel1/arm-none-eabi/bin/../lib/gcc/arm-none-eabi/14.2.1/../../../../arm-none-eabi/lib/thumb/v7e-m+fp/hard/libnosys.a
LOAD app/blink/CMakeFiles/blink.dir/main.cc.obj
LOAD app/blink/CMakeFiles/blink.dir/__/__/mcu_support/stm32/l4xx/l476/startup_stm32l476xx.s.obj
LOAD app/blink/bsp_L476/libblink_bsp.a
LOAD common/drivers/platform/stm32l4/libhal.a
LOAD common/drivers/platform/stm32l4/libhal.a
LOAD mcu_support/stm32/l4xx/libst_l4_support.a
LOAD mcu_support/stm32/l4xx/HAL/libst_l4_hal.a
LOAD mcu_support/stm32/l4xx/libst_l4_support.a
LOAD mcu_support/stm32/l4xx/HAL/libst_l4_hal.a
LOAD /Applications/ArmGNUToolchain/14.2.rel1/arm-none-eabi/bin/../lib/gcc/arm-none-eabi/14.2.1/../../../../arm-none-eabi/lib/thumb/v7e-m+fp/hard/libstdc++.a
LOAD /Applications/ArmGNUToolchain/14.2.rel1/arm-none-eabi/bin/../lib/gcc/arm-none-eabi/14.2.1/../../../../arm-none-eabi/lib/thumb/v7e-m+fp/hard/libm.a
LOAD /Applications/ArmGNUToolchain/14.2.rel1/arm-none-eabi/bin/../lib/gcc/arm-none-eabi/14.2.1/../../../../arm-none-eabi/lib/thumb/v7e-m+fp/hard/libc.a
START GROUP
LOAD /Applications/ArmGNUToolchain/14.2.rel1/arm-none-eabi/bin/../lib/gcc/arm-none-eabi/14.2.1/thumb/v7e-m+fp/hard/libgcc.a
LOAD /Applications/ArmGNUToolchain/14.2.rel1/arm-none-eabi/bin/../lib/gcc/arm-none-eabi/14.2.1/../../../../arm-none-eabi/lib/thumb/v7e-m+fp/hard/libg.a
LOAD /Applications/ArmGNUToolchain/14.2.rel1/arm-none-eabi/bin/../lib/gcc/arm-none-eabi/14.2.1/../../../../arm-none-eabi/lib/thumb/v7e-m+fp/hard/libc.a
END GROUP
START GROUP
LOAD /Applications/ArmGNUToolchain/14.2.rel1/arm-none-eabi/bin/../lib/gcc/arm-none-eabi/14.2.1/thumb/v7e-m+fp/hard/libgcc.a
LOAD /Applications/ArmGNUToolchain/14.2.rel1/arm-none-eabi/bin/../lib/gcc/arm-none-eabi/14.2.1/../../../../arm-none-eabi/lib/thumb/v7e-m+fp/hard/libc.a
LOAD /Applications/ArmGNUToolchain/14.2.rel1/arm-none-eabi/bin/../lib/gcc/arm-none-eabi/14.2.1/../../../../arm-none-eabi/lib/thumb/v7e-m+fp/hard/libnosys.a
END GROUP
LOAD /Applications/ArmGNUToolchain/14.2.rel1/arm-none-eabi/bin/../lib/gcc/arm-none-eabi/14.2.1/thumb/v7e-m+fp/hard/crtend.o
LOAD /Applications/ArmGNUToolchain/14.2.rel1/arm-none-eabi/bin/../lib/gcc/arm-none-eabi/14.2.1/thumb/v7e-m+fp/hard/crtn.o
                0x20018000                        _estack = (ORIGIN (RAM) + LENGTH (RAM))
                0x00000200                        _Min_Heap_Size = 0x200
                0x00000400                        _Min_Stack_Size = 0x400

.isr_vector     0x08000000      0x188
                0x08000000                        . = ALIGN (0x4)
 *(.isr_vector)
 .isr_vector    0x08000000      0x188 app/blink/CMakeFiles/blink.dir/__/__/mcu_support/stm32/l4xx/l476/startup_stm32l476xx.s.obj
                0x08000000                g_pfnVectors
                0x08000188                        . = ALIGN (0x4)

.text           0x080001a0     0x1e80
                0x080001a0                        . = ALIGN (0x4)
 *(.text)
 .text          0x080001a0      0x2e0 /Applications/ArmGNUToolchain/14.2.rel1/arm-none-eabi/bin/../lib/gcc/arm-none-eabi/14.2.1/../../../../arm-none-eabi/lib/thumb/v7e-m+fp/hard/libc.a(libc_a-strcmp.o)
                0x080001a0                strcmp
 .text          0x08000480      0x1ac /Applications/ArmGNUToolchain/14.2.rel1/arm-none-eabi/bin/../lib/gcc/arm-none-eabi/14.2.1/thumb/v7e-m+fp/hard/libgcc.a(libunwind.o)
                0x08000480                __restore_core_regs
                0x08000480                restore_core_regs
                0x08000498                __gnu_Unwind_Restore_VFP
                0x080004a0                __gnu_Unwind_Save_VFP
                0x080004a8                __gnu_Unwind_Restore_VFP_D
                0x080004b0                __gnu_Unwind_Save_VFP_D
                0x080004b8                __gnu_Unwind_Restore_VFP_D_16_to_31
                0x080004c0                __gnu_Unwind_Save_VFP_D_16_to_31
                0x080004c8                __gnu_Unwind_Restore_WMMXD
                0x0800050c                __gnu_Unwind_Save_WMMXD
                0x08000550                __gnu_Unwind_Restore_WMMXC
                0x08000564                __gnu_Unwind_Save_WMMXC
                0x08000578                _Unwind_RaiseException
                0x08000578                ___Unwind_RaiseException
                0x0800059c                ___Unwind_Resume
                0x0800059c                _Unwind_Resume
                0x080005c0                ___Unwind_Resume_or_Rethrow
                0x080005c0                _Unwind_Resume_or_Rethrow
                0x080005e4                _Unwind_ForcedUnwind
                0x080005e4                ___Unwind_ForcedUnwind
                0x08000608                _Unwind_Backtrace
                0x08000608                ___Unwind_Backtrace
 .text          0x0800062c      0x134 /Applications/ArmGNUToolchain/14.2.rel1/arm-none-eabi/bin/../lib/gcc/arm-none-eabi/14.2.1/../../../../arm-none-eabi/lib/thumb/v7e-m+fp/hard/libg.a(libc_a-memcpy.o)
                0x0800062c                memcpy
 *(.text*)
 .text.deregister_tm_clones
                0x08000760       0x1c /Applications/ArmGNUToolchain/14.2.rel1/arm-none-eabi/bin/../lib/gcc/arm-none-eabi/14.2.1/thumb/v7e-m+fp/hard/crtbegin.o
 .text.register_tm_clones
                0x0800077c       0x24 /Applications/ArmGNUToolchain/14.2.rel1/arm-none-eabi/bin/../lib/gcc/arm-none-eabi/14.2.1/thumb/v7e-m+fp/hard/crtbegin.o
 .text.__do_global_dtors_aux
                0x080007a0       0x28 /Applications/ArmGNUToolchain/14.2.rel1/arm-none-eabi/bin/../lib/gcc/arm-none-eabi/14.2.1/thumb/v7e-m+fp/hard/crtbegin.o
 .text.frame_dummy
                0x080007c8       0x24 /Applications/ArmGNUToolchain/14.2.rel1/arm-none-eabi/bin/../lib/gcc/arm-none-eabi/14.2.1/thumb/v7e-m+fp/hard/crtbegin.o
 .text.main     0x080007ec       0x22 app/blink/CMakeFiles/blink.dir/main.cc.obj
                0x080007ec                main
 *fill*         0x0800080e        0x2 
 .text.Reset_Handler
                0x08000810       0x50 app/blink/CMakeFiles/blink.dir/__/__/mcu_support/stm32/l4xx/l476/startup_stm32l476xx.s.obj
                0x08000810                Reset_Handler
 .text.Default_Handler
                0x08000860        0x2 app/blink/CMakeFiles/blink.dir/__/__/mcu_support/stm32/l4xx/l476/startup_stm32l476xx.s.obj
                0x08000860                TIM1_BRK_TIM15_IRQHandler
                0x08000860                EXTI2_IRQHandler
                0x08000860                TIM8_TRG_COM_IRQHandler
                0x08000860                TIM8_CC_IRQHandler
                0x08000860                DebugMon_Handler
                0x08000860                TIM1_CC_IRQHandler
                0x08000860                TSC_IRQHandler
                0x08000860                HardFault_Handler
                0x08000860                SysTick_Handler
                0x08000860                TAMP_STAMP_IRQHandler
                0x08000860                PendSV_Handler
                0x08000860                NMI_Handler
                0x08000860                EXTI3_IRQHandler
                0x08000860                LPTIM2_IRQHandler
                0x08000860                DFSDM1_FLT1_IRQHandler
                0x08000860                I2C3_ER_IRQHandler
                0x08000860                DFSDM1_FLT2_IRQHandler
                0x08000860                EXTI0_IRQHandler
                0x08000860                I2C2_EV_IRQHandler
                0x08000860                CAN1_RX0_IRQHandler
                0x08000860                FPU_IRQHandler
                0x08000860                TIM1_UP_TIM16_IRQHandler
                0x08000860                UsageFault_Handler
                0x08000860                ADC1_2_IRQHandler
                0x08000860                SPI1_IRQHandler
                0x08000860                TIM6_DAC_IRQHandler
                0x08000860                TIM8_UP_IRQHandler
                0x08000860                DMA2_Channel2_IRQHandler
                0x08000860                DMA1_Channel4_IRQHandler
                0x08000860                SAI2_IRQHandler
                0x08000860                DFSDM1_FLT3_IRQHandler
                0x08000860                USART3_IRQHandler
                0x08000860                DMA1_Channel7_IRQHandler
                0x08000860                CAN1_RX1_IRQHandler
                0x08000860                LCD_IRQHandler
                0x08000860                UART5_IRQHandler
                0x08000860                ADC3_IRQHandler
                0x08000860                TIM4_IRQHandler
                0x08000860                DMA2_Channel1_IRQHandler
                0x08000860                QUADSPI_IRQHandler
                0x08000860                I2C1_EV_IRQHandler
                0x08000860                DMA1_Channel6_IRQHandler
                0x08000860                UART4_IRQHandler
                0x08000860                DMA2_Channel4_IRQHandler
                0x08000860                TIM3_IRQHandler
                0x08000860                RCC_IRQHandler
                0x08000860                DMA1_Channel1_IRQHandler
                0x08000860                Default_Handler
                0x08000860                DMA2_Channel7_IRQHandler
                0x08000860                EXTI15_10_IRQHandler
                0x08000860                TIM7_IRQHandler
                0x08000860                SDMMC1_IRQHandler
                0x08000860                TIM5_IRQHandler
                0x08000860                I2C3_EV_IRQHandler
                0x08000860                EXTI9_5_IRQHandler
                0x08000860                RTC_WKUP_IRQHandler
                0x08000860                PVD_PVM_IRQHandler
                0x08000860                SPI2_IRQHandler
                0x08000860                MemManage_Handler
                0x08000860                CAN1_TX_IRQHandler
                0x08000860                SVC_Handler
                0x08000860                DMA2_Channel5_IRQHandler
                0x08000860                DMA1_Channel5_IRQHandler
                0x08000860                EXTI4_IRQHandler
                0x08000860                RNG_IRQHandler
                0x08000860                TIM1_TRG_COM_TIM17_IRQHandler
                0x08000860                DMA1_Channel3_IRQHandler
                0x08000860                COMP_IRQHandler
                0x08000860                WWDG_IRQHandler
                0x08000860                LPUART1_IRQHandler
                0x08000860                DMA2_Channel6_IRQHandler
                0x08000860                TIM2_IRQHandler
                0x08000860                EXTI1_IRQHandler
                0x08000860                USART2_IRQHandler
                0x08000860                DFSDM1_FLT0_IRQHandler
                0x08000860                I2C2_ER_IRQHandler
                0x08000860                DMA1_Channel2_IRQHandler
                0x08000860                TIM8_BRK_IRQHandler
                0x08000860                CAN1_SCE_IRQHandler
                0x08000860                FLASH_IRQHandler
                0x08000860                BusFault_Handler
                0x08000860                USART1_IRQHandler
                0x08000860                OTG_FS_IRQHandler
                0x08000860                SPI3_IRQHandler
                0x08000860                I2C1_ER_IRQHandler
                0x08000860                FMC_IRQHandler
                0x08000860                SWPMI1_IRQHandler
                0x08000860                LPTIM1_IRQHandler
                0x08000860                SAI1_IRQHandler
                0x08000860                DMA2_Channel3_IRQHandler
                0x08000860                RTC_Alarm_IRQHandler
 *fill*         0x08000862        0x2 
 .text._ZN3LBR5Board4initEv
                0x08000864       0x24 app/blink/bsp_L476/libblink_bsp.a(l476_board.cc.obj)
                0x08000864                LBR::Board::init()
 .text._ZN3LBR5Board7get_ledEv
                0x08000888       0x14 app/blink/bsp_L476/libblink_bsp.a(l476_board.cc.obj)
                0x08000888                LBR::Board::get_led()
 .text._Z41__static_initialization_and_destruction_0v
                0x0800089c       0x20 app/blink/bsp_L476/libblink_bsp.a(l476_board.cc.obj)
 .text._GLOBAL__sub_I__ZN3LBR5Board7led_cfgE
                0x080008bc        0xa app/blink/bsp_L476/libblink_bsp.a(l476_board.cc.obj)
 .text._ZN3LBR5Stml4L9set_fieldEPVmmmm
                0x080008c6       0x5c common/drivers/platform/stm32l4/libhal.a(st_gpio.cc.obj)
 *fill*         0x08000922        0x2 
 .text._ZN3LBR4GpioC2Ev
                0x08000924       0x20 common/drivers/platform/stm32l4/libhal.a(st_gpio.cc.obj)
                0x08000924                LBR::Gpio::Gpio()
                0x08000924                LBR::Gpio::Gpio()
 .text._ZN3LBR5Stml46HwGpioC2ERNS0_14StGpioSettingsEhP12GPIO_TypeDef
                0x08000944       0x48 common/drivers/platform/stm32l4/libhal.a(st_gpio.cc.obj)
                0x08000944                LBR::Stml4::HwGpio::HwGpio(LBR::Stml4::StGpioSettings&, unsigned char, GPIO_TypeDef*)
                0x08000944                LBR::Stml4::HwGpio::HwGpio(LBR::Stml4::StGpioSettings&, unsigned char, GPIO_TypeDef*)
 .text._ZN3LBR5Stml46HwGpio4initEv
                0x0800098c       0xc2 common/drivers/platform/stm32l4/libhal.a(st_gpio.cc.obj)
                0x0800098c                LBR::Stml4::HwGpio::init()
 .text._ZN3LBR5Stml46HwGpio3setEb
                0x08000a4e       0x54 common/drivers/platform/stm32l4/libhal.a(st_gpio.cc.obj)
                0x08000a4e                LBR::Stml4::HwGpio::set(bool)
 .text._ZN3LBR5Stml46HwGpio4readEv
                0x08000aa2       0x30 common/drivers/platform/stm32l4/libhal.a(st_gpio.cc.obj)
                0x08000aa2                LBR::Stml4::HwGpio::read()
 *fill*         0x08000ad2        0x2 
 .text.SystemInit
                0x08000ad4       0x24 mcu_support/stm32/l4xx/libst_l4_support.a(system_stm32l4xx.c.obj)
                0x08000ad4                SystemInit
 .text._ZNK10__cxxabiv117__class_type_info11__do_upcastEPKS0_PPv
                0x08000af8       0x34 /Applications/ArmGNUToolchain/14.2.rel1/arm-none-eabi/bin/../lib/gcc/arm-none-eabi/14.2.1/../../../../arm-none-eabi/lib/thumb/v7e-m+fp/hard/libstdc++.a(class_type_info.o)
                0x08000af8                __cxxabiv1::__class_type_info::__do_upcast(__cxxabiv1::__class_type_info const*, void**) const
 .text._ZNK10__cxxabiv117__class_type_info20__do_find_public_srcEiPKvPKS0_S2_
                0x08000b2c        0xc /Applications/ArmGNUToolchain/14.2.rel1/arm-none-eabi/bin/../lib/gcc/arm-none-eabi/14.2.1/../../../../arm-none-eabi/lib/thumb/v7e-m+fp/hard/libstdc++.a(class_type_info.o)
                0x08000b2c                __cxxabiv1::__class_type_info::__do_find_public_src(int, void const*, __cxxabiv1::__class_type_info const*, void const*) const
 .text._ZN10__cxxabiv117__class_type_infoD2Ev
                0x08000b38       0x14 /Applications/ArmGNUToolchain/14.2.rel1/arm-none-eabi/bin/../lib/gcc/arm-none-eabi/14.2.1/../../../../arm-none-eabi/lib/thumb/v7e-m+fp/hard/libstdc++.a(class_type_info.o)
                0x08000b38                __cxxabiv1::__class_type_info::~__class_type_info()
                0x08000b38                __cxxabiv1::__class_type_info::~__class_type_info()
 .text._ZN10__cxxabiv117__class_type_infoD0Ev
                0x08000b4c       0x1c /Applications/ArmGNUToolchain/14.2.rel1/arm-none-eabi/bin/../lib/gcc/arm-none-eabi/14.2.1/../../../../arm-none-eabi/lib/thumb/v7e-m+fp/hard/libstdc++.a(class_type_info.o)
                0x08000b4c                __cxxabiv1::__class_type_info::~__class_type_info()
 .text._ZNK10__cxxabiv117__class_type_info12__do_dyncastEiNS0_10__sub_kindEPKS0_PKvS3_S5_RNS0_16__dyncast_resultE
                0x08000b68       0x44 /Applications/ArmGNUToolchain/14.2.rel1/arm-none-eabi/bin/../lib/gcc/arm-none-eabi/14.2.1/../../../../arm-none-eabi/lib/thumb/v7e-m+fp/hard/libstdc++.a(class_type_info.o)
                0x08000b68                __cxxabiv1::__class_type_info::__do_dyncast(int, __cxxabiv1::__class_type_info::__sub_kind, __cxxabiv1::__class_type_info const*, void const*, __cxxabiv1::__class_type_info const*, void const*, __cxxabiv1::__class_type_info::__dyncast_result&) const
 .text._ZNK10__cxxabiv117__class_type_info11__do_upcastEPKS0_PKvRNS0_15__upcast_resultE
                0x08000bac       0x1c /Applications/ArmGNUToolchain/14.2.rel1/arm-none-eabi/bin/../lib/gcc/arm-none-eabi/14.2.1/../../../../arm-none-eabi/lib/thumb/v7e-m+fp/hard/libstdc++.a(class_type_info.o)
                0x08000bac                __cxxabiv1::__class_type_info::__do_upcast(__cxxabiv1::__class_type_info const*, void const*, __cxxabiv1::__class_type_info::__upcast_result&) const
 .text._ZNK10__cxxabiv117__class_type_info10__do_catchEPKSt9type_infoPPvj
                0x08000bc8       0x2c /Applications/ArmGNUToolchain/14.2.rel1/arm-none-eabi/bin/../lib/gcc/arm-none-eabi/14.2.1/../../../../arm-none-eabi/lib/thumb/v7e-m+fp/hard/libstdc++.a(class_type_info.o)
                0x08000bc8                __cxxabiv1::__class_type_info::__do_catch(std::type_info const*, void**, unsigned int) const
 .text._ZdlPvj  0x08000bf4        0x4 /Applications/ArmGNUToolchain/14.2.rel1/arm-none-eabi/bin/../lib/gcc/arm-none-eabi/14.2.1/../../../../arm-none-eabi/lib/thumb/v7e-m+fp/hard/libstdc++.a(del_ops.o)
                0x08000bf4                operator delete(void*, unsigned int)
 .text._ZN10__cxxabiv120__si_class_type_infoD2Ev
                0x08000bf8       0x14 /Applications/ArmGNUToolchain/14.2.rel1/arm-none-eabi/bin/../lib/gcc/arm-none-eabi/14.2.1/../../../../arm-none-eabi/lib/thumb/v7e-m+fp/hard/libstdc++.a(si_class_type_info.o)
                0x08000bf8                __cxxabiv1::__si_class_type_info::~__si_class_type_info()
                0x08000bf8                __cxxabiv1::__si_class_type_info::~__si_class_type_info()
 .text._ZN10__cxxabiv120__si_class_type_infoD0Ev
                0x08000c0c       0x1c /Applications/ArmGNUToolchain/14.2.rel1/arm-none-eabi/bin/../lib/gcc/arm-none-eabi/14.2.1/../../../../arm-none-eabi/lib/thumb/v7e-m+fp/hard/libstdc++.a(si_class_type_info.o)
                0x08000c0c                __cxxabiv1::__si_class_type_info::~__si_class_type_info()
 .text._ZNK10__cxxabiv120__si_class_type_info20__do_find_public_srcEiPKvPKNS_17__class_type_infoES2_
                0x08000c28       0x3c /Applications/ArmGNUToolchain/14.2.rel1/arm-none-eabi/bin/../lib/gcc/arm-none-eabi/14.2.1/../../../../arm-none-eabi/lib/thumb/v7e-m+fp/hard/libstdc++.a(si_class_type_info.o)
                0x08000c28                __cxxabiv1::__si_class_type_info::__do_find_public_src(int, void const*, __cxxabiv1::__class_type_info const*, void const*) const
 .text._ZNK10__cxxabiv120__si_class_type_info12__do_dyncastEiNS_17__class_type_info10__sub_kindEPKS1_PKvS4_S6_RNS1_16__dyncast_resultE
                0x08000c64       0x84 /Applications/ArmGNUToolchain/14.2.rel1/arm-none-eabi/bin/../lib/gcc/arm-none-eabi/14.2.1/../../../../arm-none-eabi/lib/thumb/v7e-m+fp/hard/libstdc++.a(si_class_type_info.o)
                0x08000c64                __cxxabiv1::__si_class_type_info::__do_dyncast(int, __cxxabiv1::__class_type_info::__sub_kind, __cxxabiv1::__class_type_info const*, void const*, __cxxabiv1::__class_type_info const*, void const*, __cxxabiv1::__class_type_info::__dyncast_result&) const
 .text._ZNK10__cxxabiv120__si_class_type_info11__do_upcastEPKNS_17__class_type_infoEPKvRNS1_15__upcast_resultE
                0x08000ce8       0x2c /Applications/ArmGNUToolchain/14.2.rel1/arm-none-eabi/bin/../lib/gcc/arm-none-eabi/14.2.1/../../../../arm-none-eabi/lib/thumb/v7e-m+fp/hard/libstdc++.a(si_class_type_info.o)
                0x08000ce8                __cxxabiv1::__si_class_type_info::__do_upcast(__cxxabiv1::__class_type_info const*, void const*, __cxxabiv1::__class_type_info::__upcast_result&) const
 .text._ZNSt9type_infoD2Ev
                0x08000d14        0x4 /Applications/ArmGNUToolchain/14.2.rel1/arm-none-eabi/bin/../lib/gcc/arm-none-eabi/14.2.1/../../../../arm-none-eabi/lib/thumb/v7e-m+fp/hard/libstdc++.a(tinfo.o)
                0x08000d14                std::type_info::~type_info()
                0x08000d14                std::type_info::~type_info()
 .text._ZNKSt9type_info14__is_pointer_pEv
                0x08000d18        0x4 /Applications/ArmGNUToolchain/14.2.rel1/arm-none-eabi/bin/../lib/gcc/arm-none-eabi/14.2.1/../../../../arm-none-eabi/lib/thumb/v7e-m+fp/hard/libstdc++.a(tinfo.o)
                0x08000d18                std::type_info::__is_function_p() const
                0x08000d18                std::type_info::__is_pointer_p() const
 .text._ZNKSt9type_infoeqERKS_
                0x08000d1c       0x2c /Applications/ArmGNUToolchain/14.2.rel1/arm-none-eabi/bin/../lib/gcc/arm-none-eabi/14.2.1/../../../../arm-none-eabi/lib/thumb/v7e-m+fp/hard/libstdc++.a(tinfo.o)
                0x08000d1c                std::type_info::__equal(std::type_info const&) const
                0x08000d1c                std::type_info::operator==(std::type_info const&) const
 .text._ZdlPv   0x08000d48        0x4 /Applications/ArmGNUToolchain/14.2.rel1/arm-none-eabi/bin/../lib/gcc/arm-none-eabi/14.2.1/../../../../arm-none-eabi/lib/thumb/v7e-m+fp/hard/libstdc++.a(del_op.o)
                0x08000d48                operator delete(void*)
 .text.free     0x08000d4c       0x10 /Applications/ArmGNUToolchain/14.2.rel1/arm-none-eabi/bin/../lib/gcc/arm-none-eabi/14.2.1/../../../../arm-none-eabi/lib/thumb/v7e-m+fp/hard/libc.a(libc_a-malloc.o)
                0x08000d4c                free
 .text.__malloc_lock
                0x08000d5c        0xc /Applications/ArmGNUToolchain/14.2.rel1/arm-none-eabi/bin/../lib/gcc/arm-none-eabi/14.2.1/../../../../arm-none-eabi/lib/thumb/v7e-m+fp/hard/libc.a(libc_a-mlock.o)
                0x08000d5c                __malloc_lock
 .text.__malloc_unlock
                0x08000d68        0xc /Applications/ArmGNUToolchain/14.2.rel1/arm-none-eabi/bin/../lib/gcc/arm-none-eabi/14.2.1/../../../../arm-none-eabi/lib/thumb/v7e-m+fp/hard/libc.a(libc_a-mlock.o)
                0x08000d68                __malloc_unlock
 .text._sbrk_r  0x08000d74       0x24 /Applications/ArmGNUToolchain/14.2.rel1/arm-none-eabi/bin/../lib/gcc/arm-none-eabi/14.2.1/../../../../arm-none-eabi/lib/thumb/v7e-m+fp/hard/libc.a(libc_a-sbrkr.o)
                0x08000d74                _sbrk_r
 .text.sysconf  0x08000d98       0x1c /Applications/ArmGNUToolchain/14.2.rel1/arm-none-eabi/bin/../lib/gcc/arm-none-eabi/14.2.1/../../../../arm-none-eabi/lib/thumb/v7e-m+fp/hard/libc.a(libc_a-sysconf.o)
                0x08000d98                sysconf
 .text.__libc_init_array
                0x08000db4       0x50 /Applications/ArmGNUToolchain/14.2.rel1/arm-none-eabi/bin/../lib/gcc/arm-none-eabi/14.2.1/../../../../arm-none-eabi/lib/thumb/v7e-m+fp/hard/libc.a(libc_a-init.o)
                0x08000db4                __libc_init_array
 .text.__retarget_lock_acquire_recursive
                0x08000e04        0x4 /Applications/ArmGNUToolchain/14.2.rel1/arm-none-eabi/bin/../lib/gcc/arm-none-eabi/14.2.1/../../../../arm-none-eabi/lib/thumb/v7e-m+fp/hard/libc.a(libc_a-lock.o)
                0x08000e04                __retarget_lock_acquire_recursive
 .text.__retarget_lock_release_recursive
                0x08000e08        0x4 /Applications/ArmGNUToolchain/14.2.rel1/arm-none-eabi/bin/../lib/gcc/arm-none-eabi/14.2.1/../../../../arm-none-eabi/lib/thumb/v7e-m+fp/hard/libc.a(libc_a-lock.o)
                0x08000e08                __retarget_lock_release_recursive
 .text.startup.register_fini
                0x08000e0c       0x14 /Applications/ArmGNUToolchain/14.2.rel1/arm-none-eabi/bin/../lib/gcc/arm-none-eabi/14.2.1/../../../../arm-none-eabi/lib/thumb/v7e-m+fp/hard/libc.a(libc_a-__call_atexit.o)
 .text.atexit   0x08000e20        0xc /Applications/ArmGNUToolchain/14.2.rel1/arm-none-eabi/bin/../lib/gcc/arm-none-eabi/14.2.1/../../../../arm-none-eabi/lib/thumb/v7e-m+fp/hard/libc.a(libc_a-atexit.o)
                0x08000e20                atexit
 .text._malloc_trim_r
                0x08000e2c       0xb8 /Applications/ArmGNUToolchain/14.2.rel1/arm-none-eabi/bin/../lib/gcc/arm-none-eabi/14.2.1/../../../../arm-none-eabi/lib/thumb/v7e-m+fp/hard/libc.a(libc_a-freer.o)
                0x08000e2c                _malloc_trim_r
 .text._free_r  0x08000ee4      0x1f0 /Applications/ArmGNUToolchain/14.2.rel1/arm-none-eabi/bin/../lib/gcc/arm-none-eabi/14.2.1/../../../../arm-none-eabi/lib/thumb/v7e-m+fp/hard/libc.a(libc_a-freer.o)
                0x08000ee4                _free_r
 .text.__errno  0x080010d4        0xc /Applications/ArmGNUToolchain/14.2.rel1/arm-none-eabi/bin/../lib/gcc/arm-none-eabi/14.2.1/../../../../arm-none-eabi/lib/thumb/v7e-m+fp/hard/libc.a(libc_a-errno.o)
                0x080010d4                __errno
 .text.__libc_fini_array
                0x080010e0       0x28 /Applications/ArmGNUToolchain/14.2.rel1/arm-none-eabi/bin/../lib/gcc/arm-none-eabi/14.2.1/../../../../arm-none-eabi/lib/thumb/v7e-m+fp/hard/libc.a(libc_a-fini.o)
                0x080010e0                __libc_fini_array
 .text.__register_exitproc
                0x08001108       0x80 /Applications/ArmGNUToolchain/14.2.rel1/arm-none-eabi/bin/../lib/gcc/arm-none-eabi/14.2.1/../../../../arm-none-eabi/lib/thumb/v7e-m+fp/hard/libc.a(libc_a-__atexit.o)
                0x08001108                __register_exitproc
 .text.selfrel_offset31
                0x08001188       0x14 /Applications/ArmGNUToolchain/14.2.rel1/arm-none-eabi/bin/../lib/gcc/arm-none-eabi/14.2.1/thumb/v7e-m+fp/hard/libgcc.a(unwind-arm.o)
 .text.search_EIT_table
                0x0800119c       0x68 /Applications/ArmGNUToolchain/14.2.rel1/arm-none-eabi/bin/../lib/gcc/arm-none-eabi/14.2.1/thumb/v7e-m+fp/hard/libgcc.a(unwind-arm.o)
 .text.__gnu_unwind_get_pr_addr
                0x08001204       0x28 /Applications/ArmGNUToolchain/14.2.rel1/arm-none-eabi/bin/../lib/gcc/arm-none-eabi/14.2.1/thumb/v7e-m+fp/hard/libgcc.a(unwind-arm.o)
 .text.get_eit_entry
                0x0800122c       0x98 /Applications/ArmGNUToolchain/14.2.rel1/arm-none-eabi/bin/../lib/gcc/arm-none-eabi/14.2.1/thumb/v7e-m+fp/hard/libgcc.a(unwind-arm.o)
 .text.restore_non_core_regs
                0x080012c4       0x58 /Applications/ArmGNUToolchain/14.2.rel1/arm-none-eabi/bin/../lib/gcc/arm-none-eabi/14.2.1/thumb/v7e-m+fp/hard/libgcc.a(unwind-arm.o)
 .text._Unwind_decode_typeinfo_ptr.constprop.0
                0x0800131c        0xc /Applications/ArmGNUToolchain/14.2.rel1/arm-none-eabi/bin/../lib/gcc/arm-none-eabi/14.2.1/thumb/v7e-m+fp/hard/libgcc.a(unwind-arm.o)
 .text._Unwind_DebugHook
                0x08001328        0x4 /Applications/ArmGNUToolchain/14.2.rel1/arm-none-eabi/bin/../lib/gcc/arm-none-eabi/14.2.1/thumb/v7e-m+fp/hard/libgcc.a(unwind-arm.o)
 .text.unwind_phase2
                0x0800132c       0x3c /Applications/ArmGNUToolchain/14.2.rel1/arm-none-eabi/bin/../lib/gcc/arm-none-eabi/14.2.1/thumb/v7e-m+fp/hard/libgcc.a(unwind-arm.o)
 .text.unwind_phase2_forced
                0x08001368       0xdc /Applications/ArmGNUToolchain/14.2.rel1/arm-none-eabi/bin/../lib/gcc/arm-none-eabi/14.2.1/thumb/v7e-m+fp/hard/libgcc.a(unwind-arm.o)
 .text.__gnu_Unwind_RaiseException
                0x08001444       0x6c /Applications/ArmGNUToolchain/14.2.rel1/arm-none-eabi/bin/../lib/gcc/arm-none-eabi/14.2.1/thumb/v7e-m+fp/hard/libgcc.a(unwind-arm.o)
                0x08001444                __gnu_Unwind_RaiseException
 .text.__gnu_Unwind_ForcedUnwind
                0x080014b0       0x10 /Applications/ArmGNUToolchain/14.2.rel1/arm-none-eabi/bin/../lib/gcc/arm-none-eabi/14.2.1/thumb/v7e-m+fp/hard/libgcc.a(unwind-arm.o)
                0x080014b0                __gnu_Unwind_ForcedUnwind
 .text.__gnu_Unwind_Resume
                0x080014c0       0x44 /Applications/ArmGNUToolchain/14.2.rel1/arm-none-eabi/bin/../lib/gcc/arm-none-eabi/14.2.1/thumb/v7e-m+fp/hard/libgcc.a(unwind-arm.o)
                0x080014c0                __gnu_Unwind_Resume
 .text.__gnu_Unwind_Resume_or_Rethrow
                0x08001504       0x1c /Applications/ArmGNUToolchain/14.2.rel1/arm-none-eabi/bin/../lib/gcc/arm-none-eabi/14.2.1/thumb/v7e-m+fp/hard/libgcc.a(unwind-arm.o)
                0x08001504                __gnu_Unwind_Resume_or_Rethrow
 .text._Unwind_VRS_Get
                0x08001520       0x34 /Applications/ArmGNUToolchain/14.2.rel1/arm-none-eabi/bin/../lib/gcc/arm-none-eabi/14.2.1/thumb/v7e-m+fp/hard/libgcc.a(unwind-arm.o)
                0x08001520                _Unwind_VRS_Get
 .text._Unwind_GetGR
                0x08001554       0x1c /Applications/ArmGNUToolchain/14.2.rel1/arm-none-eabi/bin/../lib/gcc/arm-none-eabi/14.2.1/thumb/v7e-m+fp/hard/libgcc.a(unwind-arm.o)
 .text._Unwind_VRS_Set
                0x08001570       0x34 /Applications/ArmGNUToolchain/14.2.rel1/arm-none-eabi/bin/../lib/gcc/arm-none-eabi/14.2.1/thumb/v7e-m+fp/hard/libgcc.a(unwind-arm.o)
                0x08001570                _Unwind_VRS_Set
 .text._Unwind_SetGR
                0x080015a4       0x18 /Applications/ArmGNUToolchain/14.2.rel1/arm-none-eabi/bin/../lib/gcc/arm-none-eabi/14.2.1/thumb/v7e-m+fp/hard/libgcc.a(unwind-arm.o)
 .text.__gnu_Unwind_Backtrace
                0x080015bc       0x90 /Applications/ArmGNUToolchain/14.2.rel1/arm-none-eabi/bin/../lib/gcc/arm-none-eabi/14.2.1/thumb/v7e-m+fp/hard/libgcc.a(unwind-arm.o)
                0x080015bc                __gnu_Unwind_Backtrace
 .text.__gnu_unwind_pr_common
                0x0800164c      0x2a8 /Applications/ArmGNUToolchain/14.2.rel1/arm-none-eabi/bin/../lib/gcc/arm-none-eabi/14.2.1/thumb/v7e-m+fp/hard/libgcc.a(unwind-arm.o)
 .text.__aeabi_unwind_cpp_pr0
                0x080018f4        0x8 /Applications/ArmGNUToolchain/14.2.rel1/arm-none-eabi/bin/../lib/gcc/arm-none-eabi/14.2.1/thumb/v7e-m+fp/hard/libgcc.a(unwind-arm.o)
                0x080018f4                __aeabi_unwind_cpp_pr0
 .text.__aeabi_unwind_cpp_pr1
                0x080018fc        0x8 /Applications/ArmGNUToolchain/14.2.rel1/arm-none-eabi/bin/../lib/gcc/arm-none-eabi/14.2.1/thumb/v7e-m+fp/hard/libgcc.a(unwind-arm.o)
                0x080018fc                __aeabi_unwind_cpp_pr1
 .text.__aeabi_unwind_cpp_pr2
                0x08001904        0x8 /Applications/ArmGNUToolchain/14.2.rel1/arm-none-eabi/bin/../lib/gcc/arm-none-eabi/14.2.1/thumb/v7e-m+fp/hard/libgcc.a(unwind-arm.o)
                0x08001904                __aeabi_unwind_cpp_pr2
 .text._Unwind_VRS_Pop
                0x0800190c      0x2ec /Applications/ArmGNUToolchain/14.2.rel1/arm-none-eabi/bin/../lib/gcc/arm-none-eabi/14.2.1/thumb/v7e-m+fp/hard/libgcc.a(unwind-arm.o)
                0x0800190c                _Unwind_VRS_Pop
 .text.next_unwind_byte
                0x08001bf8       0x38 /Applications/ArmGNUToolchain/14.2.rel1/arm-none-eabi/bin/../lib/gcc/arm-none-eabi/14.2.1/thumb/v7e-m+fp/hard/libgcc.a(pr-support.o)
 .text.__gnu_unwind_execute
                0x08001c30      0x300 /Applications/ArmGNUToolchain/14.2.rel1/arm-none-eabi/bin/../lib/gcc/arm-none-eabi/14.2.1/thumb/v7e-m+fp/hard/libgcc.a(pr-support.o)
                0x08001c30                __gnu_unwind_execute
 .text.abort    0x08001f30       0x10 /Applications/ArmGNUToolchain/14.2.rel1/arm-none-eabi/bin/../lib/gcc/arm-none-eabi/14.2.1/../../../../arm-none-eabi/lib/thumb/v7e-m+fp/hard/libg.a(libc_a-abort.o)
                0x08001f30                abort
 .text.raise    0x08001f40       0x58 /Applications/ArmGNUToolchain/14.2.rel1/arm-none-eabi/bin/../lib/gcc/arm-none-eabi/14.2.1/../../../../arm-none-eabi/lib/thumb/v7e-m+fp/hard/libg.a(libc_a-signal.o)
                0x08001f40                raise
 .text._kill_r  0x08001f98       0x2c /Applications/ArmGNUToolchain/14.2.rel1/arm-none-eabi/bin/../lib/gcc/arm-none-eabi/14.2.1/../../../../arm-none-eabi/lib/thumb/v7e-m+fp/hard/libg.a(libc_a-signalr.o)
                0x08001f98                _kill_r
 .text._getpid_r
                0x08001fc4        0x4 /Applications/ArmGNUToolchain/14.2.rel1/arm-none-eabi/bin/../lib/gcc/arm-none-eabi/14.2.1/../../../../arm-none-eabi/lib/thumb/v7e-m+fp/hard/libg.a(libc_a-signalr.o)
                0x08001fc4                _getpid_r
 .text._getpid  0x08001fc8       0x10 /Applications/ArmGNUToolchain/14.2.rel1/arm-none-eabi/bin/../lib/gcc/arm-none-eabi/14.2.1/../../../../arm-none-eabi/lib/thumb/v7e-m+fp/hard/libnosys.a(getpid.o)
                0x08001fc8                _getpid
 .text._kill    0x08001fd8       0x10 /Applications/ArmGNUToolchain/14.2.rel1/arm-none-eabi/bin/../lib/gcc/arm-none-eabi/14.2.1/../../../../arm-none-eabi/lib/thumb/v7e-m+fp/hard/libnosys.a(kill.o)
                0x08001fd8                _kill
 .text._sbrk    0x08001fe8       0x1c /Applications/ArmGNUToolchain/14.2.rel1/arm-none-eabi/bin/../lib/gcc/arm-none-eabi/14.2.1/../../../../arm-none-eabi/lib/thumb/v7e-m+fp/hard/libnosys.a(sbrk.o)
                0x08001fe8                _sbrk
 .text._exit    0x08002004        0x4 /Applications/ArmGNUToolchain/14.2.rel1/arm-none-eabi/bin/../lib/gcc/arm-none-eabi/14.2.1/../../../../arm-none-eabi/lib/thumb/v7e-m+fp/hard/libnosys.a(_exit.o)
                0x08002004                _exit
 *(.glue_7)
 .glue_7        0x08002008        0x0 linker stubs
 *(.glue_7t)
 .glue_7t       0x08002008        0x0 linker stubs
 *(.eh_frame)
 .eh_frame      0x08002008        0x0 /Applications/ArmGNUToolchain/14.2.rel1/arm-none-eabi/bin/../lib/gcc/arm-none-eabi/14.2.1/thumb/v7e-m+fp/hard/crtbegin.o
 *(.init)
 .init          0x08002008        0x4 /Applications/ArmGNUToolchain/14.2.rel1/arm-none-eabi/bin/../lib/gcc/arm-none-eabi/14.2.1/thumb/v7e-m+fp/hard/crti.o
                0x08002008                _init
 .init          0x0800200c        0x8 /Applications/ArmGNUToolchain/14.2.rel1/arm-none-eabi/bin/../lib/gcc/arm-none-eabi/14.2.1/thumb/v7e-m+fp/hard/crtn.o
 *(.fini)
 .fini          0x08002014        0x4 /Applications/ArmGNUToolchain/14.2.rel1/arm-none-eabi/bin/../lib/gcc/arm-none-eabi/14.2.1/thumb/v7e-m+fp/hard/crti.o
                0x08002014                _fini
 .fini          0x08002018        0x8 /Applications/ArmGNUToolchain/14.2.rel1/arm-none-eabi/bin/../lib/gcc/arm-none-eabi/14.2.1/thumb/v7e-m+fp/hard/crtn.o
                0x08002020                        . = ALIGN (0x4)
                0x08002020                        _etext = .

.vfp11_veneer   0x08002020        0x0
 .vfp11_veneer  0x08002020        0x0 linker stubs

.v4_bx          0x08002020        0x0
 .v4_bx         0x08002020        0x0 linker stubs

.iplt           0x08002020        0x0
 .iplt          0x08002020        0x0 /Applications/ArmGNUToolchain/14.2.rel1/arm-none-eabi/bin/../lib/gcc/arm-none-eabi/14.2.1/thumb/v7e-m+fp/hard/crtbegin.o

.rodata         0x08002020      0x130
                0x08002020                        . = ALIGN (0x4)
 *(.rodata)
 *(.rodata*)
 .rodata._ZTVN3LBR5Stml46HwGpioE
                0x08002020       0x14 common/drivers/platform/stm32l4/libhal.a(st_gpio.cc.obj)
                0x08002020                vtable for LBR::Stml4::HwGpio
 .rodata._ZTVN3LBR4GpioE
                0x08002034       0x14 common/drivers/platform/stm32l4/libhal.a(st_gpio.cc.obj)
                0x08002034                vtable for LBR::Gpio
 .rodata._ZTIN3LBR5Stml46HwGpioE
                0x08002048        0xc common/drivers/platform/stm32l4/libhal.a(st_gpio.cc.obj)
                0x08002048                typeinfo for LBR::Stml4::HwGpio
 .rodata._ZTSN3LBR5Stml46HwGpioE
                0x08002054       0x14 common/drivers/platform/stm32l4/libhal.a(st_gpio.cc.obj)
                0x08002054                typeinfo name for LBR::Stml4::HwGpio
 .rodata._ZTIN3LBR4GpioE
                0x08002068        0x8 common/drivers/platform/stm32l4/libhal.a(st_gpio.cc.obj)
                0x08002068                typeinfo for LBR::Gpio
 .rodata._ZTSN3LBR4GpioE
                0x08002070        0xc common/drivers/platform/stm32l4/libhal.a(st_gpio.cc.obj)
                0x08002070                typeinfo name for LBR::Gpio
 .rodata._ZTSN10__cxxabiv117__class_type_infoE
                0x0800207c       0x22 /Applications/ArmGNUToolchain/14.2.rel1/arm-none-eabi/bin/../lib/gcc/arm-none-eabi/14.2.1/../../../../arm-none-eabi/lib/thumb/v7e-m+fp/hard/libstdc++.a(class_type_info.o)
                0x0800207c                typeinfo name for __cxxabiv1::__class_type_info
 *fill*         0x0800209e        0x2 
 .rodata._ZTIN10__cxxabiv117__class_type_infoE
                0x080020a0        0xc /Applications/ArmGNUToolchain/14.2.rel1/arm-none-eabi/bin/../lib/gcc/arm-none-eabi/14.2.1/../../../../arm-none-eabi/lib/thumb/v7e-m+fp/hard/libstdc++.a(class_type_info.o)
                0x080020a0                typeinfo for __cxxabiv1::__class_type_info
 .rodata._ZTVN10__cxxabiv117__class_type_infoE
                0x080020ac       0x2c /Applications/ArmGNUToolchain/14.2.rel1/arm-none-eabi/bin/../lib/gcc/arm-none-eabi/14.2.1/../../../../arm-none-eabi/lib/thumb/v7e-m+fp/hard/libstdc++.a(class_type_info.o)
                0x080020ac                vtable for __cxxabiv1::__class_type_info
 .rodata._ZTSN10__cxxabiv120__si_class_type_infoE
                0x080020d8       0x25 /Applications/ArmGNUToolchain/14.2.rel1/arm-none-eabi/bin/../lib/gcc/arm-none-eabi/14.2.1/../../../../arm-none-eabi/lib/thumb/v7e-m+fp/hard/libstdc++.a(si_class_type_info.o)
                0x080020d8                typeinfo name for __cxxabiv1::__si_class_type_info
 *fill*         0x080020fd        0x3 
 .rodata._ZTIN10__cxxabiv120__si_class_type_infoE
                0x08002100        0xc /Applications/ArmGNUToolchain/14.2.rel1/arm-none-eabi/bin/../lib/gcc/arm-none-eabi/14.2.1/../../../../arm-none-eabi/lib/thumb/v7e-m+fp/hard/libstdc++.a(si_class_type_info.o)
                0x08002100                typeinfo for __cxxabiv1::__si_class_type_info
 .rodata._ZTVN10__cxxabiv120__si_class_type_infoE
                0x0800210c       0x2c /Applications/ArmGNUToolchain/14.2.rel1/arm-none-eabi/bin/../lib/gcc/arm-none-eabi/14.2.1/../../../../arm-none-eabi/lib/thumb/v7e-m+fp/hard/libstdc++.a(si_class_type_info.o)
                0x0800210c                vtable for __cxxabiv1::__si_class_type_info
 .rodata._ZTSSt9type_info
                0x08002138        0xd /Applications/ArmGNUToolchain/14.2.rel1/arm-none-eabi/bin/../lib/gcc/arm-none-eabi/14.2.1/../../../../arm-none-eabi/lib/thumb/v7e-m+fp/hard/libstdc++.a(tinfo.o)
                0x08002138                typeinfo name for std::type_info
 *fill*         0x08002145        0x3 
 .rodata._ZTISt9type_info
                0x08002148        0x8 /Applications/ArmGNUToolchain/14.2.rel1/arm-none-eabi/bin/../lib/gcc/arm-none-eabi/14.2.1/../../../../arm-none-eabi/lib/thumb/v7e-m+fp/hard/libstdc++.a(tinfo.o)
                0x08002148                typeinfo for std::type_info
                0x08002150                        . = ALIGN (0x4)

.ARM.extab      0x08002150       0x18
                0x08002150                        . = ALIGN (0x4)
 *(.ARM.extab* .gnu.linkonce.armextab.*)
 .ARM.extab.text.main
                0x08002150        0xc app/blink/CMakeFiles/blink.dir/main.cc.obj
 .ARM.extab.text._ZN3LBR4GpioC2Ev
                0x0800215c        0x0 common/drivers/platform/stm32l4/libhal.a(st_gpio.cc.obj)
 .ARM.extab.text.__gnu_Unwind_Resume_or_Rethrow
                0x0800215c        0xc /Applications/ArmGNUToolchain/14.2.rel1/arm-none-eabi/bin/../lib/gcc/arm-none-eabi/14.2.1/thumb/v7e-m+fp/hard/libgcc.a(unwind-arm.o)
                0x08002168                        . = ALIGN (0x4)

.ARM            0x08002168       0xd0
                0x08002168                        . = ALIGN (0x4)
                0x08002168                        __exidx_start = .
 *(.ARM.exidx*)
 .ARM.exidx     0x08002168        0x8 /Applications/ArmGNUToolchain/14.2.rel1/arm-none-eabi/bin/../lib/gcc/arm-none-eabi/14.2.1/../../../../arm-none-eabi/lib/thumb/v7e-m+fp/hard/libc.a(libc_a-strcmp.o)
 .ARM.exidx     0x08002170        0x0 /Applications/ArmGNUToolchain/14.2.rel1/arm-none-eabi/bin/../lib/gcc/arm-none-eabi/14.2.1/../../../../arm-none-eabi/lib/thumb/v7e-m+fp/hard/libg.a(libc_a-memcpy.o)
                                  0x8 (size before relaxing)
 .ARM.exidx.text.main
                0x08002170       0x10 app/blink/CMakeFiles/blink.dir/main.cc.obj
                                  0x8 (size before relaxing)
 .ARM.exidx.text._ZN3LBR5Board4initEv
                0x08002180        0x8 app/blink/bsp_L476/libblink_bsp.a(l476_board.cc.obj)
 .ARM.exidx.text._ZN3LBR5Board7get_ledEv
                0x08002188        0x8 app/blink/bsp_L476/libblink_bsp.a(l476_board.cc.obj)
 .ARM.exidx.text._Z41__static_initialization_and_destruction_0v
                0x08002190        0x0 app/blink/bsp_L476/libblink_bsp.a(l476_board.cc.obj)
                                  0x8 (size before relaxing)
 .ARM.exidx.text._GLOBAL__sub_I__ZN3LBR5Board7led_cfgE
                0x08002190        0x0 app/blink/bsp_L476/libblink_bsp.a(l476_board.cc.obj)
                                  0x8 (size before relaxing)
 .ARM.exidx.text._ZN3LBR5Stml4L9set_fieldEPVmmmm
                0x08002190        0x0 common/drivers/platform/stm32l4/libhal.a(st_gpio.cc.obj)
                                  0x8 (size before relaxing)
 .ARM.exidx.text._ZN3LBR4GpioC2Ev
                0x08002190        0x0 common/drivers/platform/stm32l4/libhal.a(st_gpio.cc.obj)
                                  0x8 (size before relaxing)
 .ARM.exidx.text._ZN3LBR5Stml46HwGpioC2ERNS0_14StGpioSettingsEhP12GPIO_TypeDef
                0x08002190        0x0 common/drivers/platform/stm32l4/libhal.a(st_gpio.cc.obj)
                                  0x8 (size before relaxing)
 .ARM.exidx.text._ZN3LBR5Stml46HwGpio4initEv
                0x08002190        0x0 common/drivers/platform/stm32l4/libhal.a(st_gpio.cc.obj)
                                  0x8 (size before relaxing)
 .ARM.exidx.text._ZN3LBR5Stml46HwGpio3setEb
                0x08002190        0x0 common/drivers/platform/stm32l4/libhal.a(st_gpio.cc.obj)
                                  0x8 (size before relaxing)
 .ARM.exidx.text._ZN3LBR5Stml46HwGpio4readEv
                0x08002190        0x0 common/drivers/platform/stm32l4/libhal.a(st_gpio.cc.obj)
                                  0x8 (size before relaxing)
 .ARM.exidx.text._ZNK10__cxxabiv117__class_type_info11__do_upcastEPKS0_PPv
                0x08002190        0x8 /Applications/ArmGNUToolchain/14.2.rel1/arm-none-eabi/bin/../lib/gcc/arm-none-eabi/14.2.1/../../../../arm-none-eabi/lib/thumb/v7e-m+fp/hard/libstdc++.a(class_type_info.o)
 .ARM.exidx.text._ZNK10__cxxabiv117__class_type_info20__do_find_public_srcEiPKvPKS0_S2_
                0x08002198        0x8 /Applications/ArmGNUToolchain/14.2.rel1/arm-none-eabi/bin/../lib/gcc/arm-none-eabi/14.2.1/../../../../arm-none-eabi/lib/thumb/v7e-m+fp/hard/libstdc++.a(class_type_info.o)
 .ARM.exidx.text._ZN10__cxxabiv117__class_type_infoD2Ev
                0x080021a0        0x0 /Applications/ArmGNUToolchain/14.2.rel1/arm-none-eabi/bin/../lib/gcc/arm-none-eabi/14.2.1/../../../../arm-none-eabi/lib/thumb/v7e-m+fp/hard/libstdc++.a(class_type_info.o)
                                  0x8 (size before relaxing)
 .ARM.exidx.text._ZN10__cxxabiv117__class_type_infoD0Ev
                0x080021a0        0x0 /Applications/ArmGNUToolchain/14.2.rel1/arm-none-eabi/bin/../lib/gcc/arm-none-eabi/14.2.1/../../../../arm-none-eabi/lib/thumb/v7e-m+fp/hard/libstdc++.a(class_type_info.o)
                                  0x8 (size before relaxing)
 .ARM.exidx.text._ZNK10__cxxabiv117__class_type_info12__do_dyncastEiNS0_10__sub_kindEPKS0_PKvS3_S5_RNS0_16__dyncast_resultE
                0x080021a0        0x0 /Applications/ArmGNUToolchain/14.2.rel1/arm-none-eabi/bin/../lib/gcc/arm-none-eabi/14.2.1/../../../../arm-none-eabi/lib/thumb/v7e-m+fp/hard/libstdc++.a(class_type_info.o)
                                  0x8 (size before relaxing)
 .ARM.exidx.text._ZNK10__cxxabiv117__class_type_info11__do_upcastEPKS0_PKvRNS0_15__upcast_resultE
                0x080021a0        0x0 /Applications/ArmGNUToolchain/14.2.rel1/arm-none-eabi/bin/../lib/gcc/arm-none-eabi/14.2.1/../../../../arm-none-eabi/lib/thumb/v7e-m+fp/hard/libstdc++.a(class_type_info.o)
                                  0x8 (size before relaxing)
 .ARM.exidx.text._ZNK10__cxxabiv117__class_type_info10__do_catchEPKSt9type_infoPPvj
                0x080021a0        0x0 /Applications/ArmGNUToolchain/14.2.rel1/arm-none-eabi/bin/../lib/gcc/arm-none-eabi/14.2.1/../../../../arm-none-eabi/lib/thumb/v7e-m+fp/hard/libstdc++.a(class_type_info.o)
                                  0x8 (size before relaxing)
 .ARM.exidx.text._ZdlPvj
                0x080021a0        0x0 /Applications/ArmGNUToolchain/14.2.rel1/arm-none-eabi/bin/../lib/gcc/arm-none-eabi/14.2.1/../../../../arm-none-eabi/lib/thumb/v7e-m+fp/hard/libstdc++.a(del_ops.o)
                                  0x8 (size before relaxing)
 .ARM.exidx.text._ZN10__cxxabiv120__si_class_type_infoD2Ev
                0x080021a0        0x0 /Applications/ArmGNUToolchain/14.2.rel1/arm-none-eabi/bin/../lib/gcc/arm-none-eabi/14.2.1/../../../../arm-none-eabi/lib/thumb/v7e-m+fp/hard/libstdc++.a(si_class_type_info.o)
                                  0x8 (size before relaxing)
 .ARM.exidx.text._ZN10__cxxabiv120__si_class_type_infoD0Ev
                0x080021a0        0x0 /Applications/ArmGNUToolchain/14.2.rel1/arm-none-eabi/bin/../lib/gcc/arm-none-eabi/14.2.1/../../../../arm-none-eabi/lib/thumb/v7e-m+fp/hard/libstdc++.a(si_class_type_info.o)
                                  0x8 (size before relaxing)
 .ARM.exidx.text._ZNK10__cxxabiv120__si_class_type_info20__do_find_public_srcEiPKvPKNS_17__class_type_infoES2_
                0x080021a0        0x0 /Applications/ArmGNUToolchain/14.2.rel1/arm-none-eabi/bin/../lib/gcc/arm-none-eabi/14.2.1/../../../../arm-none-eabi/lib/thumb/v7e-m+fp/hard/libstdc++.a(si_class_type_info.o)
                                  0x8 (size before relaxing)
 .ARM.exidx.text._ZNK10__cxxabiv120__si_class_type_info12__do_dyncastEiNS_17__class_type_info10__sub_kindEPKS1_PKvS4_S6_RNS1_16__dyncast_resultE
                0x080021a0        0x0 /Applications/ArmGNUToolchain/14.2.rel1/arm-none-eabi/bin/../lib/gcc/arm-none-eabi/14.2.1/../../../../arm-none-eabi/lib/thumb/v7e-m+fp/hard/libstdc++.a(si_class_type_info.o)
                                  0x8 (size before relaxing)
 .ARM.exidx.text._ZNK10__cxxabiv120__si_class_type_info11__do_upcastEPKNS_17__class_type_infoEPKvRNS1_15__upcast_resultE
                0x080021a0        0x8 /Applications/ArmGNUToolchain/14.2.rel1/arm-none-eabi/bin/../lib/gcc/arm-none-eabi/14.2.1/../../../../arm-none-eabi/lib/thumb/v7e-m+fp/hard/libstdc++.a(si_class_type_info.o)
 .ARM.exidx.text._ZNSt9type_infoD2Ev
                0x080021a8        0x8 /Applications/ArmGNUToolchain/14.2.rel1/arm-none-eabi/bin/../lib/gcc/arm-none-eabi/14.2.1/../../../../arm-none-eabi/lib/thumb/v7e-m+fp/hard/libstdc++.a(tinfo.o)
 .ARM.exidx.text._ZNKSt9type_info14__is_pointer_pEv
                0x080021b0        0x0 /Applications/ArmGNUToolchain/14.2.rel1/arm-none-eabi/bin/../lib/gcc/arm-none-eabi/14.2.1/../../../../arm-none-eabi/lib/thumb/v7e-m+fp/hard/libstdc++.a(tinfo.o)
                                  0x8 (size before relaxing)
 .ARM.exidx.text._ZNKSt9type_infoeqERKS_
                0x080021b0        0x0 /Applications/ArmGNUToolchain/14.2.rel1/arm-none-eabi/bin/../lib/gcc/arm-none-eabi/14.2.1/../../../../arm-none-eabi/lib/thumb/v7e-m+fp/hard/libstdc++.a(tinfo.o)
                                  0x8 (size before relaxing)
 .ARM.exidx.text._ZdlPv
                0x080021b0        0x0 /Applications/ArmGNUToolchain/14.2.rel1/arm-none-eabi/bin/../lib/gcc/arm-none-eabi/14.2.1/../../../../arm-none-eabi/lib/thumb/v7e-m+fp/hard/libstdc++.a(del_op.o)
                                  0x8 (size before relaxing)
 .ARM.exidx.text.selfrel_offset31
                0x080021b0        0x0 /Applications/ArmGNUToolchain/14.2.rel1/arm-none-eabi/bin/../lib/gcc/arm-none-eabi/14.2.1/thumb/v7e-m+fp/hard/libgcc.a(unwind-arm.o)
                                  0x8 (size before relaxing)
 .ARM.exidx.text.search_EIT_table
                0x080021b0        0x0 /Applications/ArmGNUToolchain/14.2.rel1/arm-none-eabi/bin/../lib/gcc/arm-none-eabi/14.2.1/thumb/v7e-m+fp/hard/libgcc.a(unwind-arm.o)
                                  0x8 (size before relaxing)
 .ARM.exidx.text.__gnu_unwind_get_pr_addr
                0x080021b0        0x0 /Applications/ArmGNUToolchain/14.2.rel1/arm-none-eabi/bin/../lib/gcc/arm-none-eabi/14.2.1/thumb/v7e-m+fp/hard/libgcc.a(unwind-arm.o)
                                  0x8 (size before relaxing)
 .ARM.exidx.text.get_eit_entry
                0x080021b0        0x8 /Applications/ArmGNUToolchain/14.2.rel1/arm-none-eabi/bin/../lib/gcc/arm-none-eabi/14.2.1/thumb/v7e-m+fp/hard/libgcc.a(unwind-arm.o)
 .ARM.exidx.text.restore_non_core_regs
                0x080021b8        0x8 /Applications/ArmGNUToolchain/14.2.rel1/arm-none-eabi/bin/../lib/gcc/arm-none-eabi/14.2.1/thumb/v7e-m+fp/hard/libgcc.a(unwind-arm.o)
 .ARM.exidx.text._Unwind_decode_typeinfo_ptr.constprop.0
                0x080021c0        0x8 /Applications/ArmGNUToolchain/14.2.rel1/arm-none-eabi/bin/../lib/gcc/arm-none-eabi/14.2.1/thumb/v7e-m+fp/hard/libgcc.a(unwind-arm.o)
 .ARM.exidx.text._Unwind_DebugHook
                0x080021c8        0x0 /Applications/ArmGNUToolchain/14.2.rel1/arm-none-eabi/bin/../lib/gcc/arm-none-eabi/14.2.1/thumb/v7e-m+fp/hard/libgcc.a(unwind-arm.o)
                                  0x8 (size before relaxing)
 .ARM.exidx.text.unwind_phase2
                0x080021c8        0x8 /Applications/ArmGNUToolchain/14.2.rel1/arm-none-eabi/bin/../lib/gcc/arm-none-eabi/14.2.1/thumb/v7e-m+fp/hard/libgcc.a(unwind-arm.o)
 .ARM.exidx.text.unwind_phase2_forced
                0x080021d0        0x8 /Applications/ArmGNUToolchain/14.2.rel1/arm-none-eabi/bin/../lib/gcc/arm-none-eabi/14.2.1/thumb/v7e-m+fp/hard/libgcc.a(unwind-arm.o)
 .ARM.exidx.text.__gnu_Unwind_RaiseException
                0x080021d8        0x8 /Applications/ArmGNUToolchain/14.2.rel1/arm-none-eabi/bin/../lib/gcc/arm-none-eabi/14.2.1/thumb/v7e-m+fp/hard/libgcc.a(unwind-arm.o)
 .ARM.exidx.text.__gnu_Unwind_ForcedUnwind
                0x080021e0        0x8 /Applications/ArmGNUToolchain/14.2.rel1/arm-none-eabi/bin/../lib/gcc/arm-none-eabi/14.2.1/thumb/v7e-m+fp/hard/libgcc.a(unwind-arm.o)
 .ARM.exidx.text.__gnu_Unwind_Resume
                0x080021e8        0x8 /Applications/ArmGNUToolchain/14.2.rel1/arm-none-eabi/bin/../lib/gcc/arm-none-eabi/14.2.1/thumb/v7e-m+fp/hard/libgcc.a(unwind-arm.o)
 .ARM.exidx.text.__gnu_Unwind_Resume_or_Rethrow
                0x080021f0        0x8 /Applications/ArmGNUToolchain/14.2.rel1/arm-none-eabi/bin/../lib/gcc/arm-none-eabi/14.2.1/thumb/v7e-m+fp/hard/libgcc.a(unwind-arm.o)
 .ARM.exidx.text._Unwind_VRS_Get
                0x080021f8        0x8 /Applications/ArmGNUToolchain/14.2.rel1/arm-none-eabi/bin/../lib/gcc/arm-none-eabi/14.2.1/thumb/v7e-m+fp/hard/libgcc.a(unwind-arm.o)
 .ARM.exidx.text._Unwind_GetGR
                0x08002200        0x0 /Applications/ArmGNUToolchain/14.2.rel1/arm-none-eabi/bin/../lib/gcc/arm-none-eabi/14.2.1/thumb/v7e-m+fp/hard/libgcc.a(unwind-arm.o)
                                  0x8 (size before relaxing)
 .ARM.exidx.text._Unwind_VRS_Set
                0x08002200        0x0 /Applications/ArmGNUToolchain/14.2.rel1/arm-none-eabi/bin/../lib/gcc/arm-none-eabi/14.2.1/thumb/v7e-m+fp/hard/libgcc.a(unwind-arm.o)
                                  0x8 (size before relaxing)
 .ARM.exidx.text._Unwind_SetGR
                0x08002200        0x0 /Applications/ArmGNUToolchain/14.2.rel1/arm-none-eabi/bin/../lib/gcc/arm-none-eabi/14.2.1/thumb/v7e-m+fp/hard/libgcc.a(unwind-arm.o)
                                  0x8 (size before relaxing)
 .ARM.exidx.text.__gnu_Unwind_Backtrace
                0x08002200        0x8 /Applications/ArmGNUToolchain/14.2.rel1/arm-none-eabi/bin/../lib/gcc/arm-none-eabi/14.2.1/thumb/v7e-m+fp/hard/libgcc.a(unwind-arm.o)
 .ARM.exidx.text.__gnu_unwind_pr_common
                0x08002208        0x8 /Applications/ArmGNUToolchain/14.2.rel1/arm-none-eabi/bin/../lib/gcc/arm-none-eabi/14.2.1/thumb/v7e-m+fp/hard/libgcc.a(unwind-arm.o)
 .ARM.exidx.text.__aeabi_unwind_cpp_pr0
                0x08002210        0x8 /Applications/ArmGNUToolchain/14.2.rel1/arm-none-eabi/bin/../lib/gcc/arm-none-eabi/14.2.1/thumb/v7e-m+fp/hard/libgcc.a(unwind-arm.o)
 .ARM.exidx.text.__aeabi_unwind_cpp_pr1
                0x08002218        0x0 /Applications/ArmGNUToolchain/14.2.rel1/arm-none-eabi/bin/../lib/gcc/arm-none-eabi/14.2.1/thumb/v7e-m+fp/hard/libgcc.a(unwind-arm.o)
                                  0x8 (size before relaxing)
 .ARM.exidx.text.__aeabi_unwind_cpp_pr2
                0x08002218        0x0 /Applications/ArmGNUToolchain/14.2.rel1/arm-none-eabi/bin/../lib/gcc/arm-none-eabi/14.2.1/thumb/v7e-m+fp/hard/libgcc.a(unwind-arm.o)
                                  0x8 (size before relaxing)
 .ARM.exidx.text._Unwind_VRS_Pop
                0x08002218        0x8 /Applications/ArmGNUToolchain/14.2.rel1/arm-none-eabi/bin/../lib/gcc/arm-none-eabi/14.2.1/thumb/v7e-m+fp/hard/libgcc.a(unwind-arm.o)
 .ARM.exidx.text.next_unwind_byte
                0x08002220        0x8 /Applications/ArmGNUToolchain/14.2.rel1/arm-none-eabi/bin/../lib/gcc/arm-none-eabi/14.2.1/thumb/v7e-m+fp/hard/libgcc.a(pr-support.o)
 .ARM.exidx.text.__gnu_unwind_execute
                0x08002228       0x10 /Applications/ArmGNUToolchain/14.2.rel1/arm-none-eabi/bin/../lib/gcc/arm-none-eabi/14.2.1/thumb/v7e-m+fp/hard/libgcc.a(pr-support.o)
                                  0x8 (size before relaxing)
                0x08002238                        __exidx_end = .
                0x08002238                        . = ALIGN (0x4)

.rel.dyn        0x08002238        0x0
 .rel.iplt      0x08002238        0x0 /Applications/ArmGNUToolchain/14.2.rel1/arm-none-eabi/bin/../lib/gcc/arm-none-eabi/14.2.1/thumb/v7e-m+fp/hard/crtbegin.o

.preinit_array  0x08002238        0x0
                0x08002238                        . = ALIGN (0x4)
                0x08002238                        PROVIDE (__preinit_array_start = .)
 *(.preinit_array*)
                0x08002238                        PROVIDE (__preinit_array_end = .)
                0x08002238                        . = ALIGN (0x4)

.init_array     0x08002238        0xc
                0x08002238                        . = ALIGN (0x4)
                0x08002238                        PROVIDE (__init_array_start = .)
 *(SORT_BY_NAME(.init_array.*))
 .init_array.00000
                0x08002238        0x4 /Applications/ArmGNUToolchain/14.2.rel1/arm-none-eabi/bin/../lib/gcc/arm-none-eabi/14.2.1/../../../../arm-none-eabi/lib/thumb/v7e-m+fp/hard/libc.a(libc_a-__call_atexit.o)
 *(.init_array*)
 .init_array    0x0800223c        0x4 /Applications/ArmGNUToolchain/14.2.rel1/arm-none-eabi/bin/../lib/gcc/arm-none-eabi/14.2.1/thumb/v7e-m+fp/hard/crtbegin.o
 .init_array    0x08002240        0x4 app/blink/bsp_L476/libblink_bsp.a(l476_board.cc.obj)
                0x08002244                        PROVIDE (__init_array_end = .)
                0x08002244                        . = ALIGN (0x4)

.fini_array     0x08002244        0x4
                0x08002244                        . = ALIGN (0x4)
                0x08002244                        PROVIDE (__fini_array_start = .)
 *(SORT_BY_NAME(.fini_array.*))
 *(.fini_array*)
 .fini_array    0x08002244        0x4 /Applications/ArmGNUToolchain/14.2.rel1/arm-none-eabi/bin/../lib/gcc/arm-none-eabi/14.2.1/thumb/v7e-m+fp/hard/crtbegin.o
                0x08002248                        PROVIDE (__fini_array_end = .)
                0x08002248                        . = ALIGN (0x4)
                0x08002248                        _sidata = LOADADDR (.data)

.data           0x20000000      0x564 load address 0x08002248
                0x20000000                        . = ALIGN (0x4)
                0x20000000                        _sdata = .
 *(.data)
 *(.data*)
 .data._ZN3LBR5Board7led_cfgE
                0x20000000        0x5 app/blink/bsp_L476/libblink_bsp.a(l476_board.cc.obj)
                0x20000000                LBR::Board::led_cfg
 *fill*         0x20000005        0x3 
 .data.__malloc_sbrk_base
                0x20000008        0x4 /Applications/ArmGNUToolchain/14.2.rel1/arm-none-eabi/bin/../lib/gcc/arm-none-eabi/14.2.1/../../../../arm-none-eabi/lib/thumb/v7e-m+fp/hard/libc.a(libc_a-mallocr.o)
                0x20000008                __malloc_sbrk_base
 .data.__malloc_trim_threshold
                0x2000000c        0x4 /Applications/ArmGNUToolchain/14.2.rel1/arm-none-eabi/bin/../lib/gcc/arm-none-eabi/14.2.1/../../../../arm-none-eabi/lib/thumb/v7e-m+fp/hard/libc.a(libc_a-mallocr.o)
                0x2000000c                __malloc_trim_threshold
 .data.__malloc_av_
                0x20000010      0x408 /Applications/ArmGNUToolchain/14.2.rel1/arm-none-eabi/bin/../lib/gcc/arm-none-eabi/14.2.1/../../../../arm-none-eabi/lib/thumb/v7e-m+fp/hard/libc.a(libc_a-mallocr.o)
                0x20000010                __malloc_av_
 .data._impure_ptr
                0x20000418        0x4 /Applications/ArmGNUToolchain/14.2.rel1/arm-none-eabi/bin/../lib/gcc/arm-none-eabi/14.2.1/../../../../arm-none-eabi/lib/thumb/v7e-m+fp/hard/libc.a(libc_a-impure.o)
                0x20000418                _impure_ptr
 *fill*         0x2000041c        0x4 
 .data._impure_data
                0x20000420      0x140 /Applications/ArmGNUToolchain/14.2.rel1/arm-none-eabi/bin/../lib/gcc/arm-none-eabi/14.2.1/../../../../arm-none-eabi/lib/thumb/v7e-m+fp/hard/libc.a(libc_a-impure.o)
                0x20000420                _impure_data
 .data.__atexit_recursive_mutex
                0x20000560        0x4 /Applications/ArmGNUToolchain/14.2.rel1/arm-none-eabi/bin/../lib/gcc/arm-none-eabi/14.2.1/../../../../arm-none-eabi/lib/thumb/v7e-m+fp/hard/libc.a(libc_a-__call_atexit.o)
                0x20000560                __atexit_recursive_mutex
 *(.RamFunc)
 *(.RamFunc*)
                0x20000564                        . = ALIGN (0x4)
                0x20000564                        _edata = .

.tm_clone_table
                0x20000564        0x0 load address 0x080027ac
 .tm_clone_table
                0x20000564        0x0 /Applications/ArmGNUToolchain/14.2.rel1/arm-none-eabi/bin/../lib/gcc/arm-none-eabi/14.2.1/thumb/v7e-m+fp/hard/crtbegin.o
 .tm_clone_table
                0x20000564        0x0 /Applications/ArmGNUToolchain/14.2.rel1/arm-none-eabi/bin/../lib/gcc/arm-none-eabi/14.2.1/thumb/v7e-m+fp/hard/crtend.o

.igot.plt       0x20000564        0x0 load address 0x080027ac
 .igot.plt      0x20000564        0x0 /Applications/ArmGNUToolchain/14.2.rel1/arm-none-eabi/bin/../lib/gcc/arm-none-eabi/14.2.1/thumb/v7e-m+fp/hard/crtbegin.o
                0x20000564                        . = ALIGN (0x4)

.bss            0x20000564      0x334 load address 0x080027ac
                0x20000564                        _sbss = .
                0x20000564                        __bss_start__ = _sbss
 *(.bss)
 *(.bss*)
 .bss.completed.1
                0x20000564        0x1 /Applications/ArmGNUToolchain/14.2.rel1/arm-none-eabi/bin/../lib/gcc/arm-none-eabi/14.2.1/thumb/v7e-m+fp/hard/crtbegin.o
 *fill*         0x20000565        0x3 
 .bss.object.0  0x20000568       0x18 /Applications/ArmGNUToolchain/14.2.rel1/arm-none-eabi/bin/../lib/gcc/arm-none-eabi/14.2.1/thumb/v7e-m+fp/hard/crtbegin.o
 .bss._ZN3LBR5Board3ledE
                0x20000580       0x10 app/blink/bsp_L476/libblink_bsp.a(l476_board.cc.obj)
                0x20000580                LBR::Board::led
 .bss.__malloc_current_mallinfo
                0x20000590       0x28 /Applications/ArmGNUToolchain/14.2.rel1/arm-none-eabi/bin/../lib/gcc/arm-none-eabi/14.2.1/../../../../arm-none-eabi/lib/thumb/v7e-m+fp/hard/libc.a(libc_a-mallocr.o)
                0x20000590                __malloc_current_mallinfo
 .bss.__malloc_top_pad
                0x200005b8        0x4 /Applications/ArmGNUToolchain/14.2.rel1/arm-none-eabi/bin/../lib/gcc/arm-none-eabi/14.2.1/../../../../arm-none-eabi/lib/thumb/v7e-m+fp/hard/libc.a(libc_a-mallocr.o)
                0x200005b8                __malloc_top_pad
 .bss.__sf      0x200005bc      0x138 /Applications/ArmGNUToolchain/14.2.rel1/arm-none-eabi/bin/../lib/gcc/arm-none-eabi/14.2.1/../../../../arm-none-eabi/lib/thumb/v7e-m+fp/hard/libc.a(libc_a-findfp.o)
                0x200005bc                __sf
 .bss.__lock___malloc_recursive_mutex
                0x200006f4        0x1 /Applications/ArmGNUToolchain/14.2.rel1/arm-none-eabi/bin/../lib/gcc/arm-none-eabi/14.2.1/../../../../arm-none-eabi/lib/thumb/v7e-m+fp/hard/libc.a(libc_a-lock.o)
                0x200006f4                __lock___malloc_recursive_mutex
 *fill*         0x200006f5        0x3 
 .bss.__lock___atexit_recursive_mutex
                0x200006f8        0x1 /Applications/ArmGNUToolchain/14.2.rel1/arm-none-eabi/bin/../lib/gcc/arm-none-eabi/14.2.1/../../../../arm-none-eabi/lib/thumb/v7e-m+fp/hard/libc.a(libc_a-lock.o)
                0x200006f8                __lock___atexit_recursive_mutex
 *fill*         0x200006f9        0x3 
 .bss.__atexit  0x200006fc        0x4 /Applications/ArmGNUToolchain/14.2.rel1/arm-none-eabi/bin/../lib/gcc/arm-none-eabi/14.2.1/../../../../arm-none-eabi/lib/thumb/v7e-m+fp/hard/libc.a(libc_a-__call_atexit.o)
                0x200006fc                __atexit
 .bss.errno     0x20000700        0x4 /Applications/ArmGNUToolchain/14.2.rel1/arm-none-eabi/bin/../lib/gcc/arm-none-eabi/14.2.1/../../../../arm-none-eabi/lib/thumb/v7e-m+fp/hard/libc.a(libc_a-reent.o)
                0x20000700                errno
 .bss.__atexit0
                0x20000704      0x190 /Applications/ArmGNUToolchain/14.2.rel1/arm-none-eabi/bin/../lib/gcc/arm-none-eabi/14.2.1/../../../../arm-none-eabi/lib/thumb/v7e-m+fp/hard/libc.a(libc_a-__atexit.o)
                0x20000704                __atexit0
 .bss.heap_end.0
                0x20000894        0x4 /Applications/ArmGNUToolchain/14.2.rel1/arm-none-eabi/bin/../lib/gcc/arm-none-eabi/14.2.1/../../../../arm-none-eabi/lib/thumb/v7e-m+fp/hard/libnosys.a(sbrk.o)
 *(COMMON)
                0x20000898                        . = ALIGN (0x4)
                0x20000898                        _ebss = .
                0x20000898                        __bss_end__ = _ebss

._user_heap_stack
                0x20000898      0x600 load address 0x080027ac
                0x20000898                        . = ALIGN (0x8)
                0x20000898                        PROVIDE (end = .)
                [!provide]                        PROVIDE (_end = .)
                0x20000a98                        . = (. + _Min_Heap_Size)
 *fill*         0x20000898      0x200 
                0x20000e98                        . = (. + _Min_Stack_Size)
 *fill*         0x20000a98      0x400 
                0x20000e98                        . = ALIGN (0x8)

/DISCARD/
 libc.a(*)
 libm.a(*)
 libgcc.a(*)

.ARM.attributes
                0x00000000       0x30
 *(.ARM.attributes)
 .ARM.attributes
                0x00000000       0x22 /Applications/ArmGNUToolchain/14.2.rel1/arm-none-eabi/bin/../lib/gcc/arm-none-eabi/14.2.1/thumb/v7e-m+fp/hard/crti.o
 .ARM.attributes
                0x00000022       0x34 /Applications/ArmGNUToolchain/14.2.rel1/arm-none-eabi/bin/../lib/gcc/arm-none-eabi/14.2.1/thumb/v7e-m+fp/hard/crtbegin.o
 .ARM.attributes
                0x00000056       0x34 app/blink/CMakeFiles/blink.dir/main.cc.obj
 .ARM.attributes
                0x0000008a       0x21 app/blink/CMakeFiles/blink.dir/__/__/mcu_support/stm32/l4xx/l476/startup_stm32l476xx.s.obj
 .ARM.attributes
                0x000000ab       0x34 app/blink/bsp_L476/libblink_bsp.a(l476_board.cc.obj)
 .ARM.attributes
                0x000000df       0x34 common/drivers/platform/stm32l4/libhal.a(st_gpio.cc.obj)
 .ARM.attributes
                0x00000113       0x34 mcu_support/stm32/l4xx/libst_l4_support.a(system_stm32l4xx.c.obj)
 .ARM.attributes
                0x00000147       0x34 /Applications/ArmGNUToolchain/14.2.rel1/arm-none-eabi/bin/../lib/gcc/arm-none-eabi/14.2.1/../../../../arm-none-eabi/lib/thumb/v7e-m+fp/hard/libstdc++.a(class_type_info.o)
 .ARM.attributes
                0x0000017b       0x34 /Applications/ArmGNUToolchain/14.2.rel1/arm-none-eabi/bin/../lib/gcc/arm-none-eabi/14.2.1/../../../../arm-none-eabi/lib/thumb/v7e-m+fp/hard/libstdc++.a(del_ops.o)
 .ARM.attributes
                0x000001af       0x34 /Applications/ArmGNUToolchain/14.2.rel1/arm-none-eabi/bin/../lib/gcc/arm-none-eabi/14.2.1/../../../../arm-none-eabi/lib/thumb/v7e-m+fp/hard/libstdc++.a(si_class_type_info.o)
 .ARM.attributes
                0x000001e3       0x34 /Applications/ArmGNUToolchain/14.2.rel1/arm-none-eabi/bin/../lib/gcc/arm-none-eabi/14.2.1/../../../../arm-none-eabi/lib/thumb/v7e-m+fp/hard/libstdc++.a(tinfo.o)
 .ARM.attributes
                0x00000217       0x34 /Applications/ArmGNUToolchain/14.2.rel1/arm-none-eabi/bin/../lib/gcc/arm-none-eabi/14.2.1/../../../../arm-none-eabi/lib/thumb/v7e-m+fp/hard/libstdc++.a(del_op.o)
 .ARM.attributes
                0x0000024b       0x34 /Applications/ArmGNUToolchain/14.2.rel1/arm-none-eabi/bin/../lib/gcc/arm-none-eabi/14.2.1/../../../../arm-none-eabi/lib/thumb/v7e-m+fp/hard/libc.a(libc_a-malloc.o)
 .ARM.attributes
                0x0000027f       0x34 /Applications/ArmGNUToolchain/14.2.rel1/arm-none-eabi/bin/../lib/gcc/arm-none-eabi/14.2.1/../../../../arm-none-eabi/lib/thumb/v7e-m+fp/hard/libc.a(libc_a-mallocr.o)
 .ARM.attributes
                0x000002b3       0x34 /Applications/ArmGNUToolchain/14.2.rel1/arm-none-eabi/bin/../lib/gcc/arm-none-eabi/14.2.1/../../../../arm-none-eabi/lib/thumb/v7e-m+fp/hard/libc.a(libc_a-mlock.o)
 .ARM.attributes
                0x000002e7       0x34 /Applications/ArmGNUToolchain/14.2.rel1/arm-none-eabi/bin/../lib/gcc/arm-none-eabi/14.2.1/../../../../arm-none-eabi/lib/thumb/v7e-m+fp/hard/libc.a(libc_a-findfp.o)
 .ARM.attributes
                0x0000031b       0x34 /Applications/ArmGNUToolchain/14.2.rel1/arm-none-eabi/bin/../lib/gcc/arm-none-eabi/14.2.1/../../../../arm-none-eabi/lib/thumb/v7e-m+fp/hard/libc.a(libc_a-impure.o)
 .ARM.attributes
                0x0000034f       0x34 /Applications/ArmGNUToolchain/14.2.rel1/arm-none-eabi/bin/../lib/gcc/arm-none-eabi/14.2.1/../../../../arm-none-eabi/lib/thumb/v7e-m+fp/hard/libc.a(libc_a-sbrkr.o)
 .ARM.attributes
                0x00000383       0x34 /Applications/ArmGNUToolchain/14.2.rel1/arm-none-eabi/bin/../lib/gcc/arm-none-eabi/14.2.1/../../../../arm-none-eabi/lib/thumb/v7e-m+fp/hard/libc.a(libc_a-sysconf.o)
 .ARM.attributes
                0x000003b7       0x20 /Applications/ArmGNUToolchain/14.2.rel1/arm-none-eabi/bin/../lib/gcc/arm-none-eabi/14.2.1/../../../../arm-none-eabi/lib/thumb/v7e-m+fp/hard/libc.a(libc_a-strcmp.o)
 .ARM.attributes
                0x000003d7       0x34 /Applications/ArmGNUToolchain/14.2.rel1/arm-none-eabi/bin/../lib/gcc/arm-none-eabi/14.2.1/../../../../arm-none-eabi/lib/thumb/v7e-m+fp/hard/libc.a(libc_a-init.o)
 .ARM.attributes
                0x0000040b       0x34 /Applications/ArmGNUToolchain/14.2.rel1/arm-none-eabi/bin/../lib/gcc/arm-none-eabi/14.2.1/../../../../arm-none-eabi/lib/thumb/v7e-m+fp/hard/libc.a(libc_a-lock.o)
 .ARM.attributes
                0x0000043f       0x34 /Applications/ArmGNUToolchain/14.2.rel1/arm-none-eabi/bin/../lib/gcc/arm-none-eabi/14.2.1/../../../../arm-none-eabi/lib/thumb/v7e-m+fp/hard/libc.a(libc_a-__call_atexit.o)
 .ARM.attributes
                0x00000473       0x34 /Applications/ArmGNUToolchain/14.2.rel1/arm-none-eabi/bin/../lib/gcc/arm-none-eabi/14.2.1/../../../../arm-none-eabi/lib/thumb/v7e-m+fp/hard/libc.a(libc_a-atexit.o)
 .ARM.attributes
                0x000004a7       0x34 /Applications/ArmGNUToolchain/14.2.rel1/arm-none-eabi/bin/../lib/gcc/arm-none-eabi/14.2.1/../../../../arm-none-eabi/lib/thumb/v7e-m+fp/hard/libc.a(libc_a-freer.o)
 .ARM.attributes
                0x000004db       0x34 /Applications/ArmGNUToolchain/14.2.rel1/arm-none-eabi/bin/../lib/gcc/arm-none-eabi/14.2.1/../../../../arm-none-eabi/lib/thumb/v7e-m+fp/hard/libc.a(libc_a-reent.o)
 .ARM.attributes
                0x0000050f       0x34 /Applications/ArmGNUToolchain/14.2.rel1/arm-none-eabi/bin/../lib/gcc/arm-none-eabi/14.2.1/../../../../arm-none-eabi/lib/thumb/v7e-m+fp/hard/libc.a(libc_a-errno.o)
 .ARM.attributes
                0x00000543       0x34 /Applications/ArmGNUToolchain/14.2.rel1/arm-none-eabi/bin/../lib/gcc/arm-none-eabi/14.2.1/../../../../arm-none-eabi/lib/thumb/v7e-m+fp/hard/libc.a(libc_a-fini.o)
 .ARM.attributes
                0x00000577       0x34 /Applications/ArmGNUToolchain/14.2.rel1/arm-none-eabi/bin/../lib/gcc/arm-none-eabi/14.2.1/../../../../arm-none-eabi/lib/thumb/v7e-m+fp/hard/libc.a(libc_a-__atexit.o)
 .ARM.attributes
                0x000005ab       0x34 /Applications/ArmGNUToolchain/14.2.rel1/arm-none-eabi/bin/../lib/gcc/arm-none-eabi/14.2.1/thumb/v7e-m+fp/hard/libgcc.a(unwind-arm.o)
 .ARM.attributes
                0x000005df       0x22 /Applications/ArmGNUToolchain/14.2.rel1/arm-none-eabi/bin/../lib/gcc/arm-none-eabi/14.2.1/thumb/v7e-m+fp/hard/libgcc.a(libunwind.o)
 .ARM.attributes
                0x00000601       0x34 /Applications/ArmGNUToolchain/14.2.rel1/arm-none-eabi/bin/../lib/gcc/arm-none-eabi/14.2.1/thumb/v7e-m+fp/hard/libgcc.a(pr-support.o)
 .ARM.attributes
                0x00000635       0x34 /Applications/ArmGNUToolchain/14.2.rel1/arm-none-eabi/bin/../lib/gcc/arm-none-eabi/14.2.1/../../../../arm-none-eabi/lib/thumb/v7e-m+fp/hard/libg.a(libc_a-abort.o)
 .ARM.attributes
                0x00000669       0x34 /Applications/ArmGNUToolchain/14.2.rel1/arm-none-eabi/bin/../lib/gcc/arm-none-eabi/14.2.1/../../../../arm-none-eabi/lib/thumb/v7e-m+fp/hard/libg.a(libc_a-signal.o)
 .ARM.attributes
                0x0000069d       0x34 /Applications/ArmGNUToolchain/14.2.rel1/arm-none-eabi/bin/../lib/gcc/arm-none-eabi/14.2.1/../../../../arm-none-eabi/lib/thumb/v7e-m+fp/hard/libg.a(libc_a-signalr.o)
 .ARM.attributes
                0x000006d1       0x20 /Applications/ArmGNUToolchain/14.2.rel1/arm-none-eabi/bin/../lib/gcc/arm-none-eabi/14.2.1/../../../../arm-none-eabi/lib/thumb/v7e-m+fp/hard/libg.a(libc_a-memcpy.o)
 .ARM.attributes
                0x000006f1       0x34 /Applications/ArmGNUToolchain/14.2.rel1/arm-none-eabi/bin/../lib/gcc/arm-none-eabi/14.2.1/../../../../arm-none-eabi/lib/thumb/v7e-m+fp/hard/libnosys.a(getpid.o)
 .ARM.attributes
                0x00000725       0x34 /Applications/ArmGNUToolchain/14.2.rel1/arm-none-eabi/bin/../lib/gcc/arm-none-eabi/14.2.1/../../../../arm-none-eabi/lib/thumb/v7e-m+fp/hard/libnosys.a(kill.o)
 .ARM.attributes
                0x00000759       0x34 /Applications/ArmGNUToolchain/14.2.rel1/arm-none-eabi/bin/../lib/gcc/arm-none-eabi/14.2.1/../../../../arm-none-eabi/lib/thumb/v7e-m+fp/hard/libnosys.a(sbrk.o)
 .ARM.attributes
                0x0000078d       0x34 /Applications/ArmGNUToolchain/14.2.rel1/arm-none-eabi/bin/../lib/gcc/arm-none-eabi/14.2.1/../../../../arm-none-eabi/lib/thumb/v7e-m+fp/hard/libnosys.a(_exit.o)
 .ARM.attributes
                0x000007c1       0x34 /Applications/ArmGNUToolchain/14.2.rel1/arm-none-eabi/bin/../lib/gcc/arm-none-eabi/14.2.1/thumb/v7e-m+fp/hard/crtend.o
 .ARM.attributes
                0x000007f5       0x22 /Applications/ArmGNUToolchain/14.2.rel1/arm-none-eabi/bin/../lib/gcc/arm-none-eabi/14.2.1/thumb/v7e-m+fp/hard/crtn.o
OUTPUT(app/blink/blink elf32-littlearm)
LOAD linker stubs
LOAD /Applications/ArmGNUToolchain/14.2.rel1/arm-none-eabi/bin/../lib/gcc/arm-none-eabi/14.2.1/../../../../arm-none-eabi/lib/thumb/v7e-m+fp/hard/libc.a
LOAD /Applications/ArmGNUToolchain/14.2.rel1/arm-none-eabi/bin/../lib/gcc/arm-none-eabi/14.2.1/../../../../arm-none-eabi/lib/thumb/v7e-m+fp/hard/libm.a
LOAD /Applications/ArmGNUToolchain/14.2.rel1/arm-none-eabi/bin/../lib/gcc/arm-none-eabi/14.2.1/thumb/v7e-m+fp/hard/libgcc.a

.debug_info     0x00000000     0x1838
 .debug_info    0x00000000       0xc0 app/blink/CMakeFiles/blink.dir/main.cc.obj
 .debug_info    0x000000c0       0x30 app/blink/CMakeFiles/blink.dir/__/__/mcu_support/stm32/l4xx/l476/startup_stm32l476xx.s.obj
 .debug_info    0x000000f0      0x83a app/blink/bsp_L476/libblink_bsp.a(l476_board.cc.obj)
 .debug_info    0x0000092a      0x961 common/drivers/platform/stm32l4/libhal.a(st_gpio.cc.obj)
 .debug_info    0x0000128b      0x5ad mcu_support/stm32/l4xx/libst_l4_support.a(system_stm32l4xx.c.obj)

.debug_abbrev   0x00000000      0x788
 .debug_abbrev  0x00000000       0xb4 app/blink/CMakeFiles/blink.dir/main.cc.obj
 .debug_abbrev  0x000000b4       0x24 app/blink/CMakeFiles/blink.dir/__/__/mcu_support/stm32/l4xx/l476/startup_stm32l476xx.s.obj
 .debug_abbrev  0x000000d8      0x255 app/blink/bsp_L476/libblink_bsp.a(l476_board.cc.obj)
 .debug_abbrev  0x0000032d      0x343 common/drivers/platform/stm32l4/libhal.a(st_gpio.cc.obj)
 .debug_abbrev  0x00000670      0x118 mcu_support/stm32/l4xx/libst_l4_support.a(system_stm32l4xx.c.obj)

.debug_aranges  0x00000000       0xf0
 .debug_aranges
                0x00000000       0x20 app/blink/CMakeFiles/blink.dir/main.cc.obj
 .debug_aranges
                0x00000020       0x28 app/blink/CMakeFiles/blink.dir/__/__/mcu_support/stm32/l4xx/l476/startup_stm32l476xx.s.obj
 .debug_aranges
                0x00000048       0x38 app/blink/bsp_L476/libblink_bsp.a(l476_board.cc.obj)
 .debug_aranges
                0x00000080       0x48 common/drivers/platform/stm32l4/libhal.a(st_gpio.cc.obj)
 .debug_aranges
                0x000000c8       0x28 mcu_support/stm32/l4xx/libst_l4_support.a(system_stm32l4xx.c.obj)

.debug_rnglists
                0x00000000       0x9d
 .debug_rnglists
                0x00000000       0x13 app/blink/CMakeFiles/blink.dir/main.cc.obj
 .debug_rnglists
                0x00000013       0x19 app/blink/CMakeFiles/blink.dir/__/__/mcu_support/stm32/l4xx/l476/startup_stm32l476xx.s.obj
 .debug_rnglists
                0x0000002c       0x25 app/blink/bsp_L476/libblink_bsp.a(l476_board.cc.obj)
 .debug_rnglists
                0x00000051       0x32 common/drivers/platform/stm32l4/libhal.a(st_gpio.cc.obj)
 .debug_rnglists
                0x00000083       0x1a mcu_support/stm32/l4xx/libst_l4_support.a(system_stm32l4xx.c.obj)

.debug_line     0x00000000      0xc3d
 .debug_line    0x00000000       0xc1 app/blink/CMakeFiles/blink.dir/main.cc.obj
 .debug_line    0x000000c1       0x7a app/blink/CMakeFiles/blink.dir/__/__/mcu_support/stm32/l4xx/l476/startup_stm32l476xx.s.obj
 .debug_line    0x0000013b      0x3f6 app/blink/bsp_L476/libblink_bsp.a(l476_board.cc.obj)
 .debug_line    0x00000531      0x4a7 common/drivers/platform/stm32l4/libhal.a(st_gpio.cc.obj)
 .debug_line    0x000009d8      0x265 mcu_support/stm32/l4xx/libst_l4_support.a(system_stm32l4xx.c.obj)

.debug_str      0x00000000      0xaa8
 .debug_str     0x00000000      0xaa8 app/blink/CMakeFiles/blink.dir/main.cc.obj
                                0x15d (size before relaxing)
 .debug_str     0x00000aa8       0xa4 app/blink/CMakeFiles/blink.dir/__/__/mcu_support/stm32/l4xx/l476/startup_stm32l476xx.s.obj
 .debug_str     0x00000aa8      0x7b4 app/blink/bsp_L476/libblink_bsp.a(l476_board.cc.obj)
 .debug_str     0x00000aa8      0x738 common/drivers/platform/stm32l4/libhal.a(st_gpio.cc.obj)
 .debug_str     0x00000aa8      0x3e7 mcu_support/stm32/l4xx/libst_l4_support.a(system_stm32l4xx.c.obj)

.comment        0x00000000       0x45
 .comment       0x00000000       0x45 app/blink/CMakeFiles/blink.dir/main.cc.obj
                                 0x46 (size before relaxing)
 .comment       0x00000045       0x46 app/blink/bsp_L476/libblink_bsp.a(l476_board.cc.obj)
 .comment       0x00000045       0x46 common/drivers/platform/stm32l4/libhal.a(st_gpio.cc.obj)
 .comment       0x00000045       0x46 mcu_support/stm32/l4xx/libst_l4_support.a(system_stm32l4xx.c.obj)

.debug_frame    0x00000000      0xfdc
 .debug_frame   0x00000000       0x30 app/blink/CMakeFiles/blink.dir/main.cc.obj
 .debug_frame   0x00000030       0x84 app/blink/bsp_L476/libblink_bsp.a(l476_board.cc.obj)
 .debug_frame   0x000000b4       0xf8 common/drivers/platform/stm32l4/libhal.a(st_gpio.cc.obj)
 .debug_frame   0x000001ac       0x58 mcu_support/stm32/l4xx/libst_l4_support.a(system_stm32l4xx.c.obj)
 .debug_frame   0x00000204       0xdc /Applications/ArmGNUToolchain/14.2.rel1/arm-none-eabi/bin/../lib/gcc/arm-none-eabi/14.2.1/../../../../arm-none-eabi/lib/thumb/v7e-m+fp/hard/libstdc++.a(class_type_info.o)
 .debug_frame   0x000002e0       0x20 /Applications/ArmGNUToolchain/14.2.rel1/arm-none-eabi/bin/../lib/gcc/arm-none-eabi/14.2.1/../../../../arm-none-eabi/lib/thumb/v7e-m+fp/hard/libstdc++.a(del_ops.o)
 .debug_frame   0x00000300       0xdc /Applications/ArmGNUToolchain/14.2.rel1/arm-none-eabi/bin/../lib/gcc/arm-none-eabi/14.2.1/../../../../arm-none-eabi/lib/thumb/v7e-m+fp/hard/libstdc++.a(si_class_type_info.o)
 .debug_frame   0x000003dc       0x90 /Applications/ArmGNUToolchain/14.2.rel1/arm-none-eabi/bin/../lib/gcc/arm-none-eabi/14.2.1/../../../../arm-none-eabi/lib/thumb/v7e-m+fp/hard/libstdc++.a(tinfo.o)
 .debug_frame   0x0000046c       0x20 /Applications/ArmGNUToolchain/14.2.rel1/arm-none-eabi/bin/../lib/gcc/arm-none-eabi/14.2.1/../../../../arm-none-eabi/lib/thumb/v7e-m+fp/hard/libstdc++.a(del_op.o)
 .debug_frame   0x0000048c       0x30 /Applications/ArmGNUToolchain/14.2.rel1/arm-none-eabi/bin/../lib/gcc/arm-none-eabi/14.2.1/../../../../arm-none-eabi/lib/thumb/v7e-m+fp/hard/libc.a(libc_a-malloc.o)
 .debug_frame   0x000004bc       0x4c /Applications/ArmGNUToolchain/14.2.rel1/arm-none-eabi/bin/../lib/gcc/arm-none-eabi/14.2.1/../../../../arm-none-eabi/lib/thumb/v7e-m+fp/hard/libc.a(libc_a-mallocr.o)
 .debug_frame   0x00000508       0x30 /Applications/ArmGNUToolchain/14.2.rel1/arm-none-eabi/bin/../lib/gcc/arm-none-eabi/14.2.1/../../../../arm-none-eabi/lib/thumb/v7e-m+fp/hard/libc.a(libc_a-mlock.o)
 .debug_frame   0x00000538      0x13c /Applications/ArmGNUToolchain/14.2.rel1/arm-none-eabi/bin/../lib/gcc/arm-none-eabi/14.2.1/../../../../arm-none-eabi/lib/thumb/v7e-m+fp/hard/libc.a(libc_a-findfp.o)
 .debug_frame   0x00000674       0x2c /Applications/ArmGNUToolchain/14.2.rel1/arm-none-eabi/bin/../lib/gcc/arm-none-eabi/14.2.1/../../../../arm-none-eabi/lib/thumb/v7e-m+fp/hard/libc.a(libc_a-sbrkr.o)
 .debug_frame   0x000006a0       0x28 /Applications/ArmGNUToolchain/14.2.rel1/arm-none-eabi/bin/../lib/gcc/arm-none-eabi/14.2.1/../../../../arm-none-eabi/lib/thumb/v7e-m+fp/hard/libc.a(libc_a-sysconf.o)
 .debug_frame   0x000006c8       0x7c /Applications/ArmGNUToolchain/14.2.rel1/arm-none-eabi/bin/../lib/gcc/arm-none-eabi/14.2.1/../../../../arm-none-eabi/lib/thumb/v7e-m+fp/hard/libc.a(libc_a-strcmp.o)
 .debug_frame   0x00000744       0x2c /Applications/ArmGNUToolchain/14.2.rel1/arm-none-eabi/bin/../lib/gcc/arm-none-eabi/14.2.1/../../../../arm-none-eabi/lib/thumb/v7e-m+fp/hard/libc.a(libc_a-init.o)
 .debug_frame   0x00000770       0xb0 /Applications/ArmGNUToolchain/14.2.rel1/arm-none-eabi/bin/../lib/gcc/arm-none-eabi/14.2.1/../../../../arm-none-eabi/lib/thumb/v7e-m+fp/hard/libc.a(libc_a-lock.o)
 .debug_frame   0x00000820       0x5c /Applications/ArmGNUToolchain/14.2.rel1/arm-none-eabi/bin/../lib/gcc/arm-none-eabi/14.2.1/../../../../arm-none-eabi/lib/thumb/v7e-m+fp/hard/libc.a(libc_a-__call_atexit.o)
 .debug_frame   0x0000087c       0x20 /Applications/ArmGNUToolchain/14.2.rel1/arm-none-eabi/bin/../lib/gcc/arm-none-eabi/14.2.1/../../../../arm-none-eabi/lib/thumb/v7e-m+fp/hard/libc.a(libc_a-atexit.o)
 .debug_frame   0x0000089c       0x84 /Applications/ArmGNUToolchain/14.2.rel1/arm-none-eabi/bin/../lib/gcc/arm-none-eabi/14.2.1/../../../../arm-none-eabi/lib/thumb/v7e-m+fp/hard/libc.a(libc_a-freer.o)
 .debug_frame   0x00000920       0x3c /Applications/ArmGNUToolchain/14.2.rel1/arm-none-eabi/bin/../lib/gcc/arm-none-eabi/14.2.1/../../../../arm-none-eabi/lib/thumb/v7e-m+fp/hard/libc.a(libc_a-reent.o)
 .debug_frame   0x0000095c       0x20 /Applications/ArmGNUToolchain/14.2.rel1/arm-none-eabi/bin/../lib/gcc/arm-none-eabi/14.2.1/../../../../arm-none-eabi/lib/thumb/v7e-m+fp/hard/libc.a(libc_a-errno.o)
 .debug_frame   0x0000097c       0x34 /Applications/ArmGNUToolchain/14.2.rel1/arm-none-eabi/bin/../lib/gcc/arm-none-eabi/14.2.1/../../../../arm-none-eabi/lib/thumb/v7e-m+fp/hard/libc.a(libc_a-fini.o)
 .debug_frame   0x000009b0       0x34 /Applications/ArmGNUToolchain/14.2.rel1/arm-none-eabi/bin/../lib/gcc/arm-none-eabi/14.2.1/../../../../arm-none-eabi/lib/thumb/v7e-m+fp/hard/libc.a(libc_a-__atexit.o)
 .debug_frame   0x000009e4      0x2cc /Applications/ArmGNUToolchain/14.2.rel1/arm-none-eabi/bin/../lib/gcc/arm-none-eabi/14.2.1/thumb/v7e-m+fp/hard/libgcc.a(unwind-arm.o)
 .debug_frame   0x00000cb0      0x104 /Applications/ArmGNUToolchain/14.2.rel1/arm-none-eabi/bin/../lib/gcc/arm-none-eabi/14.2.1/thumb/v7e-m+fp/hard/libgcc.a(pr-support.o)
 .debug_frame   0x00000db4       0x28 /Applications/ArmGNUToolchain/14.2.rel1/arm-none-eabi/bin/../lib/gcc/arm-none-eabi/14.2.1/../../../../arm-none-eabi/lib/thumb/v7e-m+fp/hard/libg.a(libc_a-abort.o)
 .debug_frame   0x00000ddc      0x11c /Applications/ArmGNUToolchain/14.2.rel1/arm-none-eabi/bin/../lib/gcc/arm-none-eabi/14.2.1/../../../../arm-none-eabi/lib/thumb/v7e-m+fp/hard/libg.a(libc_a-signal.o)
 .debug_frame   0x00000ef8       0x3c /Applications/ArmGNUToolchain/14.2.rel1/arm-none-eabi/bin/../lib/gcc/arm-none-eabi/14.2.1/../../../../arm-none-eabi/lib/thumb/v7e-m+fp/hard/libg.a(libc_a-signalr.o)
 .debug_frame   0x00000f34       0x28 /Applications/ArmGNUToolchain/14.2.rel1/arm-none-eabi/bin/../lib/gcc/arm-none-eabi/14.2.1/../../../../arm-none-eabi/lib/thumb/v7e-m+fp/hard/libg.a(libc_a-memcpy.o)
 .debug_frame   0x00000f5c       0x20 /Applications/ArmGNUToolchain/14.2.rel1/arm-none-eabi/bin/../lib/gcc/arm-none-eabi/14.2.1/../../../../arm-none-eabi/lib/thumb/v7e-m+fp/hard/libnosys.a(getpid.o)
 .debug_frame   0x00000f7c       0x20 /Applications/ArmGNUToolchain/14.2.rel1/arm-none-eabi/bin/../lib/gcc/arm-none-eabi/14.2.1/../../../../arm-none-eabi/lib/thumb/v7e-m+fp/hard/libnosys.a(kill.o)
 .debug_frame   0x00000f9c       0x20 /Applications/ArmGNUToolchain/14.2.rel1/arm-none-eabi/bin/../lib/gcc/arm-none-eabi/14.2.1/../../../../arm-none-eabi/lib/thumb/v7e-m+fp/hard/libnosys.a(sbrk.o)
 .debug_frame   0x00000fbc       0x20 /Applications/ArmGNUToolchain/14.2.rel1/arm-none-eabi/bin/../lib/gcc/arm-none-eabi/14.2.1/../../../../arm-none-eabi/lib/thumb/v7e-m+fp/hard/libnosys.a(_exit.o)

.debug_line_str
                0x00000000      0x259
 .debug_line_str
                0x00000000      0x259 app/blink/CMakeFiles/blink.dir/__/__/mcu_support/stm32/l4xx/l476/startup_stm32l476xx.s.obj
                                 0x88 (size before relaxing)
 .debug_line_str
                0x00000259       0xeb /Applications/ArmGNUToolchain/14.2.rel1/arm-none-eabi/bin/../lib/gcc/arm-none-eabi/14.2.1/../../../../arm-none-eabi/lib/thumb/v7e-m+fp/hard/libc.a(libc_a-strcmp.o)
 .debug_line_str
                0x00000259       0xd6 /Applications/ArmGNUToolchain/14.2.rel1/arm-none-eabi/bin/../lib/gcc/arm-none-eabi/14.2.1/thumb/v7e-m+fp/hard/libgcc.a(libunwind.o)
 .debug_line_str
                0x00000259       0xec /Applications/ArmGNUToolchain/14.2.rel1/arm-none-eabi/bin/../lib/gcc/arm-none-eabi/14.2.1/../../../../arm-none-eabi/lib/thumb/v7e-m+fp/hard/libg.a(libc_a-memcpy.o)

Cross Reference Table

Symbol                                            File
ADC1_2_IRQHandler                                 app/blink/CMakeFiles/blink.dir/__/__/mcu_support/stm32/l4xx/l476/startup_stm32l476xx.s.obj
ADC3_IRQHandler                                   app/blink/CMakeFiles/blink.dir/__/__/mcu_support/stm32/l4xx/l476/startup_stm32l476xx.s.obj
AHBPrescTable                                     mcu_support/stm32/l4xx/libst_l4_support.a(system_stm32l4xx.c.obj)
APBPrescTable                                     mcu_support/stm32/l4xx/libst_l4_support.a(system_stm32l4xx.c.obj)
BusFault_Handler                                  app/blink/CMakeFiles/blink.dir/__/__/mcu_support/stm32/l4xx/l476/startup_stm32l476xx.s.obj
CAN1_RX0_IRQHandler                               app/blink/CMakeFiles/blink.dir/__/__/mcu_support/stm32/l4xx/l476/startup_stm32l476xx.s.obj
CAN1_RX1_IRQHandler                               app/blink/CMakeFiles/blink.dir/__/__/mcu_support/stm32/l4xx/l476/startup_stm32l476xx.s.obj
CAN1_SCE_IRQHandler                               app/blink/CMakeFiles/blink.dir/__/__/mcu_support/stm32/l4xx/l476/startup_stm32l476xx.s.obj
CAN1_TX_IRQHandler                                app/blink/CMakeFiles/blink.dir/__/__/mcu_support/stm32/l4xx/l476/startup_stm32l476xx.s.obj
COMP_IRQHandler                                   app/blink/CMakeFiles/blink.dir/__/__/mcu_support/stm32/l4xx/l476/startup_stm32l476xx.s.obj
DFSDM1_FLT0_IRQHandler                            app/blink/CMakeFiles/blink.dir/__/__/mcu_support/stm32/l4xx/l476/startup_stm32l476xx.s.obj
DFSDM1_FLT1_IRQHandler                            app/blink/CMakeFiles/blink.dir/__/__/mcu_support/stm32/l4xx/l476/startup_stm32l476xx.s.obj
DFSDM1_FLT2_IRQHandler                            app/blink/CMakeFiles/blink.dir/__/__/mcu_support/stm32/l4xx/l476/startup_stm32l476xx.s.obj
DFSDM1_FLT3_IRQHandler                            app/blink/CMakeFiles/blink.dir/__/__/mcu_support/stm32/l4xx/l476/startup_stm32l476xx.s.obj
DMA1_Channel1_IRQHandler                          app/blink/CMakeFiles/blink.dir/__/__/mcu_support/stm32/l4xx/l476/startup_stm32l476xx.s.obj
DMA1_Channel2_IRQHandler                          app/blink/CMakeFiles/blink.dir/__/__/mcu_support/stm32/l4xx/l476/startup_stm32l476xx.s.obj
DMA1_Channel3_IRQHandler                          app/blink/CMakeFiles/blink.dir/__/__/mcu_support/stm32/l4xx/l476/startup_stm32l476xx.s.obj
DMA1_Channel4_IRQHandler                          app/blink/CMakeFiles/blink.dir/__/__/mcu_support/stm32/l4xx/l476/startup_stm32l476xx.s.obj
DMA1_Channel5_IRQHandler                          app/blink/CMakeFiles/blink.dir/__/__/mcu_support/stm32/l4xx/l476/startup_stm32l476xx.s.obj
DMA1_Channel6_IRQHandler                          app/blink/CMakeFiles/blink.dir/__/__/mcu_support/stm32/l4xx/l476/startup_stm32l476xx.s.obj
DMA1_Channel7_IRQHandler                          app/blink/CMakeFiles/blink.dir/__/__/mcu_support/stm32/l4xx/l476/startup_stm32l476xx.s.obj
DMA2_Channel1_IRQHandler                          app/blink/CMakeFiles/blink.dir/__/__/mcu_support/stm32/l4xx/l476/startup_stm32l476xx.s.obj
DMA2_Channel2_IRQHandler                          app/blink/CMakeFiles/blink.dir/__/__/mcu_support/stm32/l4xx/l476/startup_stm32l476xx.s.obj
DMA2_Channel3_IRQHandler                          app/blink/CMakeFiles/blink.dir/__/__/mcu_support/stm32/l4xx/l476/startup_stm32l476xx.s.obj
DMA2_Channel4_IRQHandler                          app/blink/CMakeFiles/blink.dir/__/__/mcu_support/stm32/l4xx/l476/startup_stm32l476xx.s.obj
DMA2_Channel5_IRQHandler                          app/blink/CMakeFiles/blink.dir/__/__/mcu_support/stm32/l4xx/l476/startup_stm32l476xx.s.obj
DMA2_Channel6_IRQHandler                          app/blink/CMakeFiles/blink.dir/__/__/mcu_support/stm32/l4xx/l476/startup_stm32l476xx.s.obj
DMA2_Channel7_IRQHandler                          app/blink/CMakeFiles/blink.dir/__/__/mcu_support/stm32/l4xx/l476/startup_stm32l476xx.s.obj
DebugMon_Handler                                  app/blink/CMakeFiles/blink.dir/__/__/mcu_support/stm32/l4xx/l476/startup_stm32l476xx.s.obj
Default_Handler                                   app/blink/CMakeFiles/blink.dir/__/__/mcu_support/stm32/l4xx/l476/startup_stm32l476xx.s.obj
EXTI0_IRQHandler                                  app/blink/CMakeFiles/blink.dir/__/__/mcu_support/stm32/l4xx/l476/startup_stm32l476xx.s.obj
EXTI15_10_IRQHandler                              app/blink/CMakeFiles/blink.dir/__/__/mcu_support/stm32/l4xx/l476/startup_stm32l476xx.s.obj
EXTI1_IRQHandler                                  app/blink/CMakeFiles/blink.dir/__/__/mcu_support/stm32/l4xx/l476/startup_stm32l476xx.s.obj
EXTI2_IRQHandler                                  app/blink/CMakeFiles/blink.dir/__/__/mcu_support/stm32/l4xx/l476/startup_stm32l476xx.s.obj
EXTI3_IRQHandler                                  app/blink/CMakeFiles/blink.dir/__/__/mcu_support/stm32/l4xx/l476/startup_stm32l476xx.s.obj
EXTI4_IRQHandler                                  app/blink/CMakeFiles/blink.dir/__/__/mcu_support/stm32/l4xx/l476/startup_stm32l476xx.s.obj
EXTI9_5_IRQHandler                                app/blink/CMakeFiles/blink.dir/__/__/mcu_support/stm32/l4xx/l476/startup_stm32l476xx.s.obj
FLASH_IRQHandler                                  app/blink/CMakeFiles/blink.dir/__/__/mcu_support/stm32/l4xx/l476/startup_stm32l476xx.s.obj
FMC_IRQHandler                                    app/blink/CMakeFiles/blink.dir/__/__/mcu_support/stm32/l4xx/l476/startup_stm32l476xx.s.obj
FPU_IRQHandler                                    app/blink/CMakeFiles/blink.dir/__/__/mcu_support/stm32/l4xx/l476/startup_stm32l476xx.s.obj
HardFault_Handler                                 app/blink/CMakeFiles/blink.dir/__/__/mcu_support/stm32/l4xx/l476/startup_stm32l476xx.s.obj
I2C1_ER_IRQHandler                                app/blink/CMakeFiles/blink.dir/__/__/mcu_support/stm32/l4xx/l476/startup_stm32l476xx.s.obj
I2C1_EV_IRQHandler                                app/blink/CMakeFiles/blink.dir/__/__/mcu_support/stm32/l4xx/l476/startup_stm32l476xx.s.obj
I2C2_ER_IRQHandler                                app/blink/CMakeFiles/blink.dir/__/__/mcu_support/stm32/l4xx/l476/startup_stm32l476xx.s.obj
I2C2_EV_IRQHandler                                app/blink/CMakeFiles/blink.dir/__/__/mcu_support/stm32/l4xx/l476/startup_stm32l476xx.s.obj
I2C3_ER_IRQHandler                                app/blink/CMakeFiles/blink.dir/__/__/mcu_support/stm32/l4xx/l476/startup_stm32l476xx.s.obj
I2C3_EV_IRQHandler                                app/blink/CMakeFiles/blink.dir/__/__/mcu_support/stm32/l4xx/l476/startup_stm32l476xx.s.obj
LBR::Board::get_led()                             app/blink/bsp_L476/libblink_bsp.a(l476_board.cc.obj)
                                                  app/blink/CMakeFiles/blink.dir/main.cc.obj
LBR::Board::init()                                app/blink/bsp_L476/libblink_bsp.a(l476_board.cc.obj)
                                                  app/blink/CMakeFiles/blink.dir/main.cc.obj
LBR::Board::led                                   app/blink/bsp_L476/libblink_bsp.a(l476_board.cc.obj)
LBR::Board::led_cfg                               app/blink/bsp_L476/libblink_bsp.a(l476_board.cc.obj)
LBR::Gpio::Gpio()                                 common/drivers/platform/stm32l4/libhal.a(st_gpio.cc.obj)
LBR::Gpio::Gpio()                                 common/drivers/platform/stm32l4/libhal.a(st_gpio.cc.obj)
LBR::Stml4::HwGpio::HwGpio(LBR::Stml4::StGpioSettings&, unsigned char, GPIO_TypeDef*) common/drivers/platform/stm32l4/libhal.a(st_gpio.cc.obj)
LBR::Stml4::HwGpio::HwGpio(LBR::Stml4::StGpioSettings&, unsigned char, GPIO_TypeDef*) common/drivers/platform/stm32l4/libhal.a(st_gpio.cc.obj)
                                                  app/blink/bsp_L476/libblink_bsp.a(l476_board.cc.obj)
LBR::Stml4::HwGpio::init()                        common/drivers/platform/stm32l4/libhal.a(st_gpio.cc.obj)
                                                  app/blink/bsp_L476/libblink_bsp.a(l476_board.cc.obj)
LBR::Stml4::HwGpio::read()                        common/drivers/platform/stm32l4/libhal.a(st_gpio.cc.obj)
LBR::Stml4::HwGpio::set(bool)                     common/drivers/platform/stm32l4/libhal.a(st_gpio.cc.obj)
LCD_IRQHandler                                    app/blink/CMakeFiles/blink.dir/__/__/mcu_support/stm32/l4xx/l476/startup_stm32l476xx.s.obj
LPTIM1_IRQHandler                                 app/blink/CMakeFiles/blink.dir/__/__/mcu_support/stm32/l4xx/l476/startup_stm32l476xx.s.obj
LPTIM2_IRQHandler                                 app/blink/CMakeFiles/blink.dir/__/__/mcu_support/stm32/l4xx/l476/startup_stm32l476xx.s.obj
LPUART1_IRQHandler                                app/blink/CMakeFiles/blink.dir/__/__/mcu_support/stm32/l4xx/l476/startup_stm32l476xx.s.obj
MSIRangeTable                                     mcu_support/stm32/l4xx/libst_l4_support.a(system_stm32l4xx.c.obj)
MemManage_Handler                                 app/blink/CMakeFiles/blink.dir/__/__/mcu_support/stm32/l4xx/l476/startup_stm32l476xx.s.obj
NMI_Handler                                       app/blink/CMakeFiles/blink.dir/__/__/mcu_support/stm32/l4xx/l476/startup_stm32l476xx.s.obj
OTG_FS_IRQHandler                                 app/blink/CMakeFiles/blink.dir/__/__/mcu_support/stm32/l4xx/l476/startup_stm32l476xx.s.obj
PVD_PVM_IRQHandler                                app/blink/CMakeFiles/blink.dir/__/__/mcu_support/stm32/l4xx/l476/startup_stm32l476xx.s.obj
PendSV_Handler                                    app/blink/CMakeFiles/blink.dir/__/__/mcu_support/stm32/l4xx/l476/startup_stm32l476xx.s.obj
QUADSPI_IRQHandler                                app/blink/CMakeFiles/blink.dir/__/__/mcu_support/stm32/l4xx/l476/startup_stm32l476xx.s.obj
RCC_IRQHandler                                    app/blink/CMakeFiles/blink.dir/__/__/mcu_support/stm32/l4xx/l476/startup_stm32l476xx.s.obj
RNG_IRQHandler                                    app/blink/CMakeFiles/blink.dir/__/__/mcu_support/stm32/l4xx/l476/startup_stm32l476xx.s.obj
RTC_Alarm_IRQHandler                              app/blink/CMakeFiles/blink.dir/__/__/mcu_support/stm32/l4xx/l476/startup_stm32l476xx.s.obj
RTC_WKUP_IRQHandler                               app/blink/CMakeFiles/blink.dir/__/__/mcu_support/stm32/l4xx/l476/startup_stm32l476xx.s.obj
Reset_Handler                                     app/blink/CMakeFiles/blink.dir/__/__/mcu_support/stm32/l4xx/l476/startup_stm32l476xx.s.obj